Archive member included because of file (symbol)

c:/program files (x86)/atmel/atmel toolchain/avr8 gcc/native/3.4.1061/avr8-gnu-toolchain/bin/../lib/gcc/avr/4.8.1/avr51\libgcc.a(_udivmodhi4.o)
                              flashiic.o (__udivmodhi4)
c:/program files (x86)/atmel/atmel toolchain/avr8 gcc/native/3.4.1061/avr8-gnu-toolchain/bin/../lib/gcc/avr/4.8.1/avr51\libgcc.a(_divmodhi4.o)
                              lebed_sel_tune.o (__divmodhi4)
c:/program files (x86)/atmel/atmel toolchain/avr8 gcc/native/3.4.1061/avr8-gnu-toolchain/bin/../lib/gcc/avr/4.8.1/avr51\libgcc.a(_exit.o)
                              c:/program files (x86)/atmel/atmel toolchain/avr8 gcc/native/3.4.1061/avr8-gnu-toolchain/bin/../lib/gcc/avr/4.8.1/../../../../avr/lib/avr51/crtm128.o (exit)
c:/program files (x86)/atmel/atmel toolchain/avr8 gcc/native/3.4.1061/avr8-gnu-toolchain/bin/../lib/gcc/avr/4.8.1/avr51\libgcc.a(_copy_data.o)
                              altera.o (__do_copy_data)
c:/program files (x86)/atmel/atmel toolchain/avr8 gcc/native/3.4.1061/avr8-gnu-toolchain/bin/../lib/gcc/avr/4.8.1/avr51\libgcc.a(_clear_bss.o)
                              keyboard.o (__do_clear_bss)
c:/program files (x86)/atmel/atmel toolchain/avr8 gcc/native/3.4.1061/avr8-gnu-toolchain/bin/../lib/gcc/avr/4.8.1/avr51\libgcc.a(_ctors.o)
                              lebed_sel_tune.o (__do_global_ctors)
c:/program files (x86)/atmel/atmel toolchain/avr8 gcc/native/3.4.1061/avr8-gnu-toolchain/bin/../lib/gcc/avr/4.8.1/avr51\libgcc.a(_dtors.o)
                              lebed_sel_tune.o (__do_global_dtors)
c:/program files (x86)/atmel/atmel toolchain/avr8 gcc/native/3.4.1061/avr8-gnu-toolchain/bin/../lib/gcc/avr/4.8.1/avr51\libgcc.a(_tablejump_elpm.o)
                              c:/program files (x86)/atmel/atmel toolchain/avr8 gcc/native/3.4.1061/avr8-gnu-toolchain/bin/../lib/gcc/avr/4.8.1/avr51\libgcc.a(_ctors.o) (__tablejump_elpm__)
c:/program files (x86)/atmel/atmel toolchain/avr8 gcc/native/3.4.1061/avr8-gnu-toolchain/bin/../lib/gcc/avr/4.8.1/../../../../avr/lib/avr51\libc.a(memchr_P.o)
                              lebed_sel_tune.o (memchr_P)
c:/program files (x86)/atmel/atmel toolchain/avr8 gcc/native/3.4.1061/avr8-gnu-toolchain/bin/../lib/gcc/avr/4.8.1/../../../../avr/lib/avr51\libc.a(memcmp.o)
                              lebed_sel_tune.o (memcmp)
c:/program files (x86)/atmel/atmel toolchain/avr8 gcc/native/3.4.1061/avr8-gnu-toolchain/bin/../lib/gcc/avr/4.8.1/../../../../avr/lib/avr51\libc.a(memcpy.o)
                              lebed_sel_tune.o (memcpy)
c:/program files (x86)/atmel/atmel toolchain/avr8 gcc/native/3.4.1061/avr8-gnu-toolchain/bin/../lib/gcc/avr/4.8.1/../../../../avr/lib/avr51\libc.a(strchr.o)
                              lebed_sel_tune.o (strchr)
c:/program files (x86)/atmel/atmel toolchain/avr8 gcc/native/3.4.1061/avr8-gnu-toolchain/bin/../lib/gcc/avr/4.8.1/../../../../avr/lib/avr51\libc.a(eerd_block_atmega128.o)
                              lebed_sel_tune.o (__eerd_block_m128)
c:/program files (x86)/atmel/atmel toolchain/avr8 gcc/native/3.4.1061/avr8-gnu-toolchain/bin/../lib/gcc/avr/4.8.1/../../../../avr/lib/avr51\libc.a(eeupd_block_atmega128.o)
                              lebed_sel_tune.o (__eeupd_block_m128)
c:/program files (x86)/atmel/atmel toolchain/avr8 gcc/native/3.4.1061/avr8-gnu-toolchain/bin/../lib/gcc/avr/4.8.1/../../../../avr/lib/avr51\libc.a(eeupd_byte_atmega128.o)
                              c:/program files (x86)/atmel/atmel toolchain/avr8 gcc/native/3.4.1061/avr8-gnu-toolchain/bin/../lib/gcc/avr/4.8.1/../../../../avr/lib/avr51\libc.a(eeupd_block_atmega128.o) (__eeupd_r18_m128)

Discarded input sections

 .data          0x00000000        0x0 c:/program files (x86)/atmel/atmel toolchain/avr8 gcc/native/3.4.1061/avr8-gnu-toolchain/bin/../lib/gcc/avr/4.8.1/../../../../avr/lib/avr51/crtm128.o
 .bss           0x00000000        0x0 c:/program files (x86)/atmel/atmel toolchain/avr8 gcc/native/3.4.1061/avr8-gnu-toolchain/bin/../lib/gcc/avr/4.8.1/../../../../avr/lib/avr51/crtm128.o
 .text          0x00000000        0x0 adc.o
 .data          0x00000000        0x0 adc.o
 .bss           0x00000000        0x0 adc.o
 .text          0x00000000        0x0 altera.o
 .data          0x00000000        0x0 altera.o
 .bss           0x00000000        0x0 altera.o
 .text          0x00000000        0x0 flashiic.o
 .data          0x00000000        0x0 flashiic.o
 .bss           0x00000000        0x0 flashiic.o
 .text          0x00000000        0x0 i2c.o
 .data          0x00000000        0x0 i2c.o
 .bss           0x00000000        0x0 i2c.o
 .text          0x00000000        0x0 keyboard.o
 .data          0x00000000        0x0 keyboard.o
 .bss           0x00000000        0x0 keyboard.o
 .text._Z5Blinkm
                0x00000000       0x38 keyboard.o
 .text._Z12ScanKeyboardPFvhE
                0x00000000       0x72 keyboard.o
 .bss._ZZ12ScanKeyboardPFvhEE10previosBtn
                0x00000000        0x1 keyboard.o
 .text          0x00000000        0x0 lcd_knk.o
 .data          0x00000000        0x0 lcd_knk.o
 .bss           0x00000000        0x0 lcd_knk.o
 .text._Z8LCD_Homev
                0x00000000        0x8 lcd_knk.o
 .text._Z17LCD_DisplayStringccPc
                0x00000000       0x22 lcd_knk.o
 .text._Z14LCD_Cursor_Offv
                0x00000000        0x8 lcd_knk.o
 .text._Z15LCD_Display_Offv
                0x00000000        0x8 lcd_knk.o
 .text._Z14LCD_Display_Onv
                0x00000000        0x8 lcd_knk.o
 .text._Z26LCD_DisplayFlashLongStringPc
                0x00000000       0x4c lcd_knk.o
 .text          0x00000000        0x0 lebed_sel_tune.o
 .data          0x00000000        0x0 lebed_sel_tune.o
 .bss           0x00000000        0x0 lebed_sel_tune.o
 .text._ZN9CMenuItemC2Ev
                0x00000000       0x72 lebed_sel_tune.o
 .text._ZN9CMenuItemC2EPcS0_PS_PS1_cPFvS1_ES4_S4_S4_S4_S4_S4_cS0_cS0_
                0x00000000       0x9c lebed_sel_tune.o
 .text._ZN9CMenuItemC2EPcS0_PS_PS1_cPFvS1_ES4_S4_S4_S4_S4_S4_18SPermitedPositionsS5_
                0x00000000       0x94 lebed_sel_tune.o
 .text._ZN9CMenuItemD2Ev
                0x00000000        0x2 lebed_sel_tune.o
 .text._ZN9CMenuItem11getFirstStrEv
                0x00000000        0x8 lebed_sel_tune.o
 .text._ZN9CMenuItem12getSecondStrEv
                0x00000000        0x8 lebed_sel_tune.o
 .text._ZN9CMenuItem9getParentEv
                0x00000000        0x8 lebed_sel_tune.o
 .text._ZN9CMenuItem8getChildEv
                0x00000000       0x2c lebed_sel_tune.o
 .text._ZN9CMenuItem8resetCurEv
                0x00000000       0x10 lebed_sel_tune.o
 .text._ZN9CMenuItem9setOkFuncEPFvPS_E
                0x00000000        0xc lebed_sel_tune.o
 .text._ZN9CMenuItem11setDrawFuncEPFvPS_E
                0x00000000        0xc lebed_sel_tune.o
 .text._ZN9CMenuItem10setEscFuncEPFvPS_E
                0x00000000        0xc lebed_sel_tune.o
 .text._ZN9CMenuItem11setLeftFuncEPFvPS_E
                0x00000000        0xc lebed_sel_tune.o
 .text._ZN9CMenuItem12setRightFuncEPFvPS_E
                0x00000000        0xc lebed_sel_tune.o
 .text._ZN9CMenuItem9setUpFuncEPFvPS_E
                0x00000000        0xc lebed_sel_tune.o
 .text._ZN9CMenuItem11setDownFuncEPFvPS_E
                0x00000000        0xc lebed_sel_tune.o
 .text._Z9KeySelecth
                0x00000000       0xac lebed_sel_tune.o
 .text._Z11SetOTPLinesv
                0x00000000        0x2 lebed_sel_tune.o
 .bss.g_comNumOfByte
                0x00000000        0x2 lebed_sel_tune.o
 .text          0x00000000        0x0 selector_control.o
 .data          0x00000000        0x0 selector_control.o
 .bss           0x00000000        0x0 selector_control.o
 .text._Z7SetCLKKc
                0x00000000        0xc selector_control.o
 .text._Z7SetCLKSc
                0x00000000        0xc selector_control.o
 .text._Z7SetDATAc
                0x00000000        0xc selector_control.o
 .text          0x00000000        0x0 uart.o
 .data          0x00000000        0x0 uart.o
 .bss           0x00000000        0x0 uart.o
 .debug_line    0x00000000        0x0 uart.o
 .debug_str     0x00000000        0x0 uart.o
 .comment       0x00000000       0x31 uart.o
 .text          0x00000000        0x0 ZSelControl.o
 .data          0x00000000        0x0 ZSelControl.o
 .bss           0x00000000        0x0 ZSelControl.o
 .text._Z8InitZselv
                0x00000000        0xa ZSelControl.o
 .rodata        0x00000000        0x8 ZSelControl.o
 .text._Z8TestZselc
                0x00000000      0x168 ZSelControl.o
 .data.hex      0x00000000       0x11 ZSelControl.o
 .text          0x00000000        0x0 _StackInstrument.o
 .data          0x00000000        0x0 _StackInstrument.o
 .bss           0x00000000        0x0 _StackInstrument.o
 .text          0x00000000        0x0 c:/program files (x86)/atmel/atmel toolchain/avr8 gcc/native/3.4.1061/avr8-gnu-toolchain/bin/../lib/gcc/avr/4.8.1/avr51\libgcc.a(_udivmodhi4.o)
 .data          0x00000000        0x0 c:/program files (x86)/atmel/atmel toolchain/avr8 gcc/native/3.4.1061/avr8-gnu-toolchain/bin/../lib/gcc/avr/4.8.1/avr51\libgcc.a(_udivmodhi4.o)
 .bss           0x00000000        0x0 c:/program files (x86)/atmel/atmel toolchain/avr8 gcc/native/3.4.1061/avr8-gnu-toolchain/bin/../lib/gcc/avr/4.8.1/avr51\libgcc.a(_udivmodhi4.o)
 .text.libgcc.mul
                0x00000000        0x0 c:/program files (x86)/atmel/atmel toolchain/avr8 gcc/native/3.4.1061/avr8-gnu-toolchain/bin/../lib/gcc/avr/4.8.1/avr51\libgcc.a(_udivmodhi4.o)
 .text.libgcc   0x00000000        0x0 c:/program files (x86)/atmel/atmel toolchain/avr8 gcc/native/3.4.1061/avr8-gnu-toolchain/bin/../lib/gcc/avr/4.8.1/avr51\libgcc.a(_udivmodhi4.o)
 .text.libgcc.prologue
                0x00000000        0x0 c:/program files (x86)/atmel/atmel toolchain/avr8 gcc/native/3.4.1061/avr8-gnu-toolchain/bin/../lib/gcc/avr/4.8.1/avr51\libgcc.a(_udivmodhi4.o)
 .text.libgcc.builtins
                0x00000000        0x0 c:/program files (x86)/atmel/atmel toolchain/avr8 gcc/native/3.4.1061/avr8-gnu-toolchain/bin/../lib/gcc/avr/4.8.1/avr51\libgcc.a(_udivmodhi4.o)
 .text.libgcc.fmul
                0x00000000        0x0 c:/program files (x86)/atmel/atmel toolchain/avr8 gcc/native/3.4.1061/avr8-gnu-toolchain/bin/../lib/gcc/avr/4.8.1/avr51\libgcc.a(_udivmodhi4.o)
 .text.libgcc.fixed
                0x00000000        0x0 c:/program files (x86)/atmel/atmel toolchain/avr8 gcc/native/3.4.1061/avr8-gnu-toolchain/bin/../lib/gcc/avr/4.8.1/avr51\libgcc.a(_udivmodhi4.o)
 .text          0x00000000        0x0 c:/program files (x86)/atmel/atmel toolchain/avr8 gcc/native/3.4.1061/avr8-gnu-toolchain/bin/../lib/gcc/avr/4.8.1/avr51\libgcc.a(_divmodhi4.o)
 .data          0x00000000        0x0 c:/program files (x86)/atmel/atmel toolchain/avr8 gcc/native/3.4.1061/avr8-gnu-toolchain/bin/../lib/gcc/avr/4.8.1/avr51\libgcc.a(_divmodhi4.o)
 .bss           0x00000000        0x0 c:/program files (x86)/atmel/atmel toolchain/avr8 gcc/native/3.4.1061/avr8-gnu-toolchain/bin/../lib/gcc/avr/4.8.1/avr51\libgcc.a(_divmodhi4.o)
 .text.libgcc.mul
                0x00000000        0x0 c:/program files (x86)/atmel/atmel toolchain/avr8 gcc/native/3.4.1061/avr8-gnu-toolchain/bin/../lib/gcc/avr/4.8.1/avr51\libgcc.a(_divmodhi4.o)
 .text.libgcc   0x00000000        0x0 c:/program files (x86)/atmel/atmel toolchain/avr8 gcc/native/3.4.1061/avr8-gnu-toolchain/bin/../lib/gcc/avr/4.8.1/avr51\libgcc.a(_divmodhi4.o)
 .text.libgcc.prologue
                0x00000000        0x0 c:/program files (x86)/atmel/atmel toolchain/avr8 gcc/native/3.4.1061/avr8-gnu-toolchain/bin/../lib/gcc/avr/4.8.1/avr51\libgcc.a(_divmodhi4.o)
 .text.libgcc.builtins
                0x00000000        0x0 c:/program files (x86)/atmel/atmel toolchain/avr8 gcc/native/3.4.1061/avr8-gnu-toolchain/bin/../lib/gcc/avr/4.8.1/avr51\libgcc.a(_divmodhi4.o)
 .text.libgcc.fmul
                0x00000000        0x0 c:/program files (x86)/atmel/atmel toolchain/avr8 gcc/native/3.4.1061/avr8-gnu-toolchain/bin/../lib/gcc/avr/4.8.1/avr51\libgcc.a(_divmodhi4.o)
 .text.libgcc.fixed
                0x00000000        0x0 c:/program files (x86)/atmel/atmel toolchain/avr8 gcc/native/3.4.1061/avr8-gnu-toolchain/bin/../lib/gcc/avr/4.8.1/avr51\libgcc.a(_divmodhi4.o)
 .text          0x00000000        0x0 c:/program files (x86)/atmel/atmel toolchain/avr8 gcc/native/3.4.1061/avr8-gnu-toolchain/bin/../lib/gcc/avr/4.8.1/avr51\libgcc.a(_exit.o)
 .data          0x00000000        0x0 c:/program files (x86)/atmel/atmel toolchain/avr8 gcc/native/3.4.1061/avr8-gnu-toolchain/bin/../lib/gcc/avr/4.8.1/avr51\libgcc.a(_exit.o)
 .bss           0x00000000        0x0 c:/program files (x86)/atmel/atmel toolchain/avr8 gcc/native/3.4.1061/avr8-gnu-toolchain/bin/../lib/gcc/avr/4.8.1/avr51\libgcc.a(_exit.o)
 .text.libgcc.mul
                0x00000000        0x0 c:/program files (x86)/atmel/atmel toolchain/avr8 gcc/native/3.4.1061/avr8-gnu-toolchain/bin/../lib/gcc/avr/4.8.1/avr51\libgcc.a(_exit.o)
 .text.libgcc.div
                0x00000000        0x0 c:/program files (x86)/atmel/atmel toolchain/avr8 gcc/native/3.4.1061/avr8-gnu-toolchain/bin/../lib/gcc/avr/4.8.1/avr51\libgcc.a(_exit.o)
 .text.libgcc   0x00000000        0x0 c:/program files (x86)/atmel/atmel toolchain/avr8 gcc/native/3.4.1061/avr8-gnu-toolchain/bin/../lib/gcc/avr/4.8.1/avr51\libgcc.a(_exit.o)
 .text.libgcc.prologue
                0x00000000        0x0 c:/program files (x86)/atmel/atmel toolchain/avr8 gcc/native/3.4.1061/avr8-gnu-toolchain/bin/../lib/gcc/avr/4.8.1/avr51\libgcc.a(_exit.o)
 .text.libgcc.builtins
                0x00000000        0x0 c:/program files (x86)/atmel/atmel toolchain/avr8 gcc/native/3.4.1061/avr8-gnu-toolchain/bin/../lib/gcc/avr/4.8.1/avr51\libgcc.a(_exit.o)
 .text.libgcc.fmul
                0x00000000        0x0 c:/program files (x86)/atmel/atmel toolchain/avr8 gcc/native/3.4.1061/avr8-gnu-toolchain/bin/../lib/gcc/avr/4.8.1/avr51\libgcc.a(_exit.o)
 .text.libgcc.fixed
                0x00000000        0x0 c:/program files (x86)/atmel/atmel toolchain/avr8 gcc/native/3.4.1061/avr8-gnu-toolchain/bin/../lib/gcc/avr/4.8.1/avr51\libgcc.a(_exit.o)
 .text          0x00000000        0x0 c:/program files (x86)/atmel/atmel toolchain/avr8 gcc/native/3.4.1061/avr8-gnu-toolchain/bin/../lib/gcc/avr/4.8.1/avr51\libgcc.a(_copy_data.o)
 .data          0x00000000        0x0 c:/program files (x86)/atmel/atmel toolchain/avr8 gcc/native/3.4.1061/avr8-gnu-toolchain/bin/../lib/gcc/avr/4.8.1/avr51\libgcc.a(_copy_data.o)
 .bss           0x00000000        0x0 c:/program files (x86)/atmel/atmel toolchain/avr8 gcc/native/3.4.1061/avr8-gnu-toolchain/bin/../lib/gcc/avr/4.8.1/avr51\libgcc.a(_copy_data.o)
 .text.libgcc.mul
                0x00000000        0x0 c:/program files (x86)/atmel/atmel toolchain/avr8 gcc/native/3.4.1061/avr8-gnu-toolchain/bin/../lib/gcc/avr/4.8.1/avr51\libgcc.a(_copy_data.o)
 .text.libgcc.div
                0x00000000        0x0 c:/program files (x86)/atmel/atmel toolchain/avr8 gcc/native/3.4.1061/avr8-gnu-toolchain/bin/../lib/gcc/avr/4.8.1/avr51\libgcc.a(_copy_data.o)
 .text.libgcc   0x00000000        0x0 c:/program files (x86)/atmel/atmel toolchain/avr8 gcc/native/3.4.1061/avr8-gnu-toolchain/bin/../lib/gcc/avr/4.8.1/avr51\libgcc.a(_copy_data.o)
 .text.libgcc.prologue
                0x00000000        0x0 c:/program files (x86)/atmel/atmel toolchain/avr8 gcc/native/3.4.1061/avr8-gnu-toolchain/bin/../lib/gcc/avr/4.8.1/avr51\libgcc.a(_copy_data.o)
 .text.libgcc.builtins
                0x00000000        0x0 c:/program files (x86)/atmel/atmel toolchain/avr8 gcc/native/3.4.1061/avr8-gnu-toolchain/bin/../lib/gcc/avr/4.8.1/avr51\libgcc.a(_copy_data.o)
 .text.libgcc.fmul
                0x00000000        0x0 c:/program files (x86)/atmel/atmel toolchain/avr8 gcc/native/3.4.1061/avr8-gnu-toolchain/bin/../lib/gcc/avr/4.8.1/avr51\libgcc.a(_copy_data.o)
 .text.libgcc.fixed
                0x00000000        0x0 c:/program files (x86)/atmel/atmel toolchain/avr8 gcc/native/3.4.1061/avr8-gnu-toolchain/bin/../lib/gcc/avr/4.8.1/avr51\libgcc.a(_copy_data.o)
 .text          0x00000000        0x0 c:/program files (x86)/atmel/atmel toolchain/avr8 gcc/native/3.4.1061/avr8-gnu-toolchain/bin/../lib/gcc/avr/4.8.1/avr51\libgcc.a(_clear_bss.o)
 .data          0x00000000        0x0 c:/program files (x86)/atmel/atmel toolchain/avr8 gcc/native/3.4.1061/avr8-gnu-toolchain/bin/../lib/gcc/avr/4.8.1/avr51\libgcc.a(_clear_bss.o)
 .bss           0x00000000        0x0 c:/program files (x86)/atmel/atmel toolchain/avr8 gcc/native/3.4.1061/avr8-gnu-toolchain/bin/../lib/gcc/avr/4.8.1/avr51\libgcc.a(_clear_bss.o)
 .text.libgcc.mul
                0x00000000        0x0 c:/program files (x86)/atmel/atmel toolchain/avr8 gcc/native/3.4.1061/avr8-gnu-toolchain/bin/../lib/gcc/avr/4.8.1/avr51\libgcc.a(_clear_bss.o)
 .text.libgcc.div
                0x00000000        0x0 c:/program files (x86)/atmel/atmel toolchain/avr8 gcc/native/3.4.1061/avr8-gnu-toolchain/bin/../lib/gcc/avr/4.8.1/avr51\libgcc.a(_clear_bss.o)
 .text.libgcc   0x00000000        0x0 c:/program files (x86)/atmel/atmel toolchain/avr8 gcc/native/3.4.1061/avr8-gnu-toolchain/bin/../lib/gcc/avr/4.8.1/avr51\libgcc.a(_clear_bss.o)
 .text.libgcc.prologue
                0x00000000        0x0 c:/program files (x86)/atmel/atmel toolchain/avr8 gcc/native/3.4.1061/avr8-gnu-toolchain/bin/../lib/gcc/avr/4.8.1/avr51\libgcc.a(_clear_bss.o)
 .text.libgcc.builtins
                0x00000000        0x0 c:/program files (x86)/atmel/atmel toolchain/avr8 gcc/native/3.4.1061/avr8-gnu-toolchain/bin/../lib/gcc/avr/4.8.1/avr51\libgcc.a(_clear_bss.o)
 .text.libgcc.fmul
                0x00000000        0x0 c:/program files (x86)/atmel/atmel toolchain/avr8 gcc/native/3.4.1061/avr8-gnu-toolchain/bin/../lib/gcc/avr/4.8.1/avr51\libgcc.a(_clear_bss.o)
 .text.libgcc.fixed
                0x00000000        0x0 c:/program files (x86)/atmel/atmel toolchain/avr8 gcc/native/3.4.1061/avr8-gnu-toolchain/bin/../lib/gcc/avr/4.8.1/avr51\libgcc.a(_clear_bss.o)
 .text          0x00000000        0x0 c:/program files (x86)/atmel/atmel toolchain/avr8 gcc/native/3.4.1061/avr8-gnu-toolchain/bin/../lib/gcc/avr/4.8.1/avr51\libgcc.a(_ctors.o)
 .data          0x00000000        0x0 c:/program files (x86)/atmel/atmel toolchain/avr8 gcc/native/3.4.1061/avr8-gnu-toolchain/bin/../lib/gcc/avr/4.8.1/avr51\libgcc.a(_ctors.o)
 .bss           0x00000000        0x0 c:/program files (x86)/atmel/atmel toolchain/avr8 gcc/native/3.4.1061/avr8-gnu-toolchain/bin/../lib/gcc/avr/4.8.1/avr51\libgcc.a(_ctors.o)
 .text.libgcc.mul
                0x00000000        0x0 c:/program files (x86)/atmel/atmel toolchain/avr8 gcc/native/3.4.1061/avr8-gnu-toolchain/bin/../lib/gcc/avr/4.8.1/avr51\libgcc.a(_ctors.o)
 .text.libgcc.div
                0x00000000        0x0 c:/program files (x86)/atmel/atmel toolchain/avr8 gcc/native/3.4.1061/avr8-gnu-toolchain/bin/../lib/gcc/avr/4.8.1/avr51\libgcc.a(_ctors.o)
 .text.libgcc   0x00000000        0x0 c:/program files (x86)/atmel/atmel toolchain/avr8 gcc/native/3.4.1061/avr8-gnu-toolchain/bin/../lib/gcc/avr/4.8.1/avr51\libgcc.a(_ctors.o)
 .text.libgcc.prologue
                0x00000000        0x0 c:/program files (x86)/atmel/atmel toolchain/avr8 gcc/native/3.4.1061/avr8-gnu-toolchain/bin/../lib/gcc/avr/4.8.1/avr51\libgcc.a(_ctors.o)
 .text.libgcc.builtins
                0x00000000        0x0 c:/program files (x86)/atmel/atmel toolchain/avr8 gcc/native/3.4.1061/avr8-gnu-toolchain/bin/../lib/gcc/avr/4.8.1/avr51\libgcc.a(_ctors.o)
 .text.libgcc.fmul
                0x00000000        0x0 c:/program files (x86)/atmel/atmel toolchain/avr8 gcc/native/3.4.1061/avr8-gnu-toolchain/bin/../lib/gcc/avr/4.8.1/avr51\libgcc.a(_ctors.o)
 .text.libgcc.fixed
                0x00000000        0x0 c:/program files (x86)/atmel/atmel toolchain/avr8 gcc/native/3.4.1061/avr8-gnu-toolchain/bin/../lib/gcc/avr/4.8.1/avr51\libgcc.a(_ctors.o)
 .text          0x00000000        0x0 c:/program files (x86)/atmel/atmel toolchain/avr8 gcc/native/3.4.1061/avr8-gnu-toolchain/bin/../lib/gcc/avr/4.8.1/avr51\libgcc.a(_dtors.o)
 .data          0x00000000        0x0 c:/program files (x86)/atmel/atmel toolchain/avr8 gcc/native/3.4.1061/avr8-gnu-toolchain/bin/../lib/gcc/avr/4.8.1/avr51\libgcc.a(_dtors.o)
 .bss           0x00000000        0x0 c:/program files (x86)/atmel/atmel toolchain/avr8 gcc/native/3.4.1061/avr8-gnu-toolchain/bin/../lib/gcc/avr/4.8.1/avr51\libgcc.a(_dtors.o)
 .text.libgcc.mul
                0x00000000        0x0 c:/program files (x86)/atmel/atmel toolchain/avr8 gcc/native/3.4.1061/avr8-gnu-toolchain/bin/../lib/gcc/avr/4.8.1/avr51\libgcc.a(_dtors.o)
 .text.libgcc.div
                0x00000000        0x0 c:/program files (x86)/atmel/atmel toolchain/avr8 gcc/native/3.4.1061/avr8-gnu-toolchain/bin/../lib/gcc/avr/4.8.1/avr51\libgcc.a(_dtors.o)
 .text.libgcc   0x00000000        0x0 c:/program files (x86)/atmel/atmel toolchain/avr8 gcc/native/3.4.1061/avr8-gnu-toolchain/bin/../lib/gcc/avr/4.8.1/avr51\libgcc.a(_dtors.o)
 .text.libgcc.prologue
                0x00000000        0x0 c:/program files (x86)/atmel/atmel toolchain/avr8 gcc/native/3.4.1061/avr8-gnu-toolchain/bin/../lib/gcc/avr/4.8.1/avr51\libgcc.a(_dtors.o)
 .text.libgcc.builtins
                0x00000000        0x0 c:/program files (x86)/atmel/atmel toolchain/avr8 gcc/native/3.4.1061/avr8-gnu-toolchain/bin/../lib/gcc/avr/4.8.1/avr51\libgcc.a(_dtors.o)
 .text.libgcc.fmul
                0x00000000        0x0 c:/program files (x86)/atmel/atmel toolchain/avr8 gcc/native/3.4.1061/avr8-gnu-toolchain/bin/../lib/gcc/avr/4.8.1/avr51\libgcc.a(_dtors.o)
 .text.libgcc.fixed
                0x00000000        0x0 c:/program files (x86)/atmel/atmel toolchain/avr8 gcc/native/3.4.1061/avr8-gnu-toolchain/bin/../lib/gcc/avr/4.8.1/avr51\libgcc.a(_dtors.o)
 .text          0x00000000        0x0 c:/program files (x86)/atmel/atmel toolchain/avr8 gcc/native/3.4.1061/avr8-gnu-toolchain/bin/../lib/gcc/avr/4.8.1/avr51\libgcc.a(_tablejump_elpm.o)
 .data          0x00000000        0x0 c:/program files (x86)/atmel/atmel toolchain/avr8 gcc/native/3.4.1061/avr8-gnu-toolchain/bin/../lib/gcc/avr/4.8.1/avr51\libgcc.a(_tablejump_elpm.o)
 .bss           0x00000000        0x0 c:/program files (x86)/atmel/atmel toolchain/avr8 gcc/native/3.4.1061/avr8-gnu-toolchain/bin/../lib/gcc/avr/4.8.1/avr51\libgcc.a(_tablejump_elpm.o)
 .text.libgcc.mul
                0x00000000        0x0 c:/program files (x86)/atmel/atmel toolchain/avr8 gcc/native/3.4.1061/avr8-gnu-toolchain/bin/../lib/gcc/avr/4.8.1/avr51\libgcc.a(_tablejump_elpm.o)
 .text.libgcc.div
                0x00000000        0x0 c:/program files (x86)/atmel/atmel toolchain/avr8 gcc/native/3.4.1061/avr8-gnu-toolchain/bin/../lib/gcc/avr/4.8.1/avr51\libgcc.a(_tablejump_elpm.o)
 .text.libgcc.prologue
                0x00000000        0x0 c:/program files (x86)/atmel/atmel toolchain/avr8 gcc/native/3.4.1061/avr8-gnu-toolchain/bin/../lib/gcc/avr/4.8.1/avr51\libgcc.a(_tablejump_elpm.o)
 .text.libgcc.builtins
                0x00000000        0x0 c:/program files (x86)/atmel/atmel toolchain/avr8 gcc/native/3.4.1061/avr8-gnu-toolchain/bin/../lib/gcc/avr/4.8.1/avr51\libgcc.a(_tablejump_elpm.o)
 .text.libgcc.fmul
                0x00000000        0x0 c:/program files (x86)/atmel/atmel toolchain/avr8 gcc/native/3.4.1061/avr8-gnu-toolchain/bin/../lib/gcc/avr/4.8.1/avr51\libgcc.a(_tablejump_elpm.o)
 .text.libgcc.fixed
                0x00000000        0x0 c:/program files (x86)/atmel/atmel toolchain/avr8 gcc/native/3.4.1061/avr8-gnu-toolchain/bin/../lib/gcc/avr/4.8.1/avr51\libgcc.a(_tablejump_elpm.o)
 .text          0x00000000        0x0 c:/program files (x86)/atmel/atmel toolchain/avr8 gcc/native/3.4.1061/avr8-gnu-toolchain/bin/../lib/gcc/avr/4.8.1/../../../../avr/lib/avr51\libc.a(memchr_P.o)
 .data          0x00000000        0x0 c:/program files (x86)/atmel/atmel toolchain/avr8 gcc/native/3.4.1061/avr8-gnu-toolchain/bin/../lib/gcc/avr/4.8.1/../../../../avr/lib/avr51\libc.a(memchr_P.o)
 .bss           0x00000000        0x0 c:/program files (x86)/atmel/atmel toolchain/avr8 gcc/native/3.4.1061/avr8-gnu-toolchain/bin/../lib/gcc/avr/4.8.1/../../../../avr/lib/avr51\libc.a(memchr_P.o)
 .text          0x00000000        0x0 c:/program files (x86)/atmel/atmel toolchain/avr8 gcc/native/3.4.1061/avr8-gnu-toolchain/bin/../lib/gcc/avr/4.8.1/../../../../avr/lib/avr51\libc.a(memcmp.o)
 .data          0x00000000        0x0 c:/program files (x86)/atmel/atmel toolchain/avr8 gcc/native/3.4.1061/avr8-gnu-toolchain/bin/../lib/gcc/avr/4.8.1/../../../../avr/lib/avr51\libc.a(memcmp.o)
 .bss           0x00000000        0x0 c:/program files (x86)/atmel/atmel toolchain/avr8 gcc/native/3.4.1061/avr8-gnu-toolchain/bin/../lib/gcc/avr/4.8.1/../../../../avr/lib/avr51\libc.a(memcmp.o)
 .text          0x00000000        0x0 c:/program files (x86)/atmel/atmel toolchain/avr8 gcc/native/3.4.1061/avr8-gnu-toolchain/bin/../lib/gcc/avr/4.8.1/../../../../avr/lib/avr51\libc.a(memcpy.o)
 .data          0x00000000        0x0 c:/program files (x86)/atmel/atmel toolchain/avr8 gcc/native/3.4.1061/avr8-gnu-toolchain/bin/../lib/gcc/avr/4.8.1/../../../../avr/lib/avr51\libc.a(memcpy.o)
 .bss           0x00000000        0x0 c:/program files (x86)/atmel/atmel toolchain/avr8 gcc/native/3.4.1061/avr8-gnu-toolchain/bin/../lib/gcc/avr/4.8.1/../../../../avr/lib/avr51\libc.a(memcpy.o)
 .text          0x00000000        0x0 c:/program files (x86)/atmel/atmel toolchain/avr8 gcc/native/3.4.1061/avr8-gnu-toolchain/bin/../lib/gcc/avr/4.8.1/../../../../avr/lib/avr51\libc.a(strchr.o)
 .data          0x00000000        0x0 c:/program files (x86)/atmel/atmel toolchain/avr8 gcc/native/3.4.1061/avr8-gnu-toolchain/bin/../lib/gcc/avr/4.8.1/../../../../avr/lib/avr51\libc.a(strchr.o)
 .bss           0x00000000        0x0 c:/program files (x86)/atmel/atmel toolchain/avr8 gcc/native/3.4.1061/avr8-gnu-toolchain/bin/../lib/gcc/avr/4.8.1/../../../../avr/lib/avr51\libc.a(strchr.o)
 .text          0x00000000        0x0 c:/program files (x86)/atmel/atmel toolchain/avr8 gcc/native/3.4.1061/avr8-gnu-toolchain/bin/../lib/gcc/avr/4.8.1/../../../../avr/lib/avr51\libc.a(eerd_block_atmega128.o)
 .data          0x00000000        0x0 c:/program files (x86)/atmel/atmel toolchain/avr8 gcc/native/3.4.1061/avr8-gnu-toolchain/bin/../lib/gcc/avr/4.8.1/../../../../avr/lib/avr51\libc.a(eerd_block_atmega128.o)
 .bss           0x00000000        0x0 c:/program files (x86)/atmel/atmel toolchain/avr8 gcc/native/3.4.1061/avr8-gnu-toolchain/bin/../lib/gcc/avr/4.8.1/../../../../avr/lib/avr51\libc.a(eerd_block_atmega128.o)
 .text          0x00000000        0x0 c:/program files (x86)/atmel/atmel toolchain/avr8 gcc/native/3.4.1061/avr8-gnu-toolchain/bin/../lib/gcc/avr/4.8.1/../../../../avr/lib/avr51\libc.a(eeupd_block_atmega128.o)
 .data          0x00000000        0x0 c:/program files (x86)/atmel/atmel toolchain/avr8 gcc/native/3.4.1061/avr8-gnu-toolchain/bin/../lib/gcc/avr/4.8.1/../../../../avr/lib/avr51\libc.a(eeupd_block_atmega128.o)
 .bss           0x00000000        0x0 c:/program files (x86)/atmel/atmel toolchain/avr8 gcc/native/3.4.1061/avr8-gnu-toolchain/bin/../lib/gcc/avr/4.8.1/../../../../avr/lib/avr51\libc.a(eeupd_block_atmega128.o)
 .text          0x00000000        0x0 c:/program files (x86)/atmel/atmel toolchain/avr8 gcc/native/3.4.1061/avr8-gnu-toolchain/bin/../lib/gcc/avr/4.8.1/../../../../avr/lib/avr51\libc.a(eeupd_byte_atmega128.o)
 .data          0x00000000        0x0 c:/program files (x86)/atmel/atmel toolchain/avr8 gcc/native/3.4.1061/avr8-gnu-toolchain/bin/../lib/gcc/avr/4.8.1/../../../../avr/lib/avr51\libc.a(eeupd_byte_atmega128.o)
 .bss           0x00000000        0x0 c:/program files (x86)/atmel/atmel toolchain/avr8 gcc/native/3.4.1061/avr8-gnu-toolchain/bin/../lib/gcc/avr/4.8.1/../../../../avr/lib/avr51\libc.a(eeupd_byte_atmega128.o)

Memory Configuration

Name             Origin             Length             Attributes
text             0x00000000         0x00020000         xr
data             0x00800100         0x0000ff00         rw !x
eeprom           0x00810000         0x00010000         rw !x
fuse             0x00820000         0x00000400         rw !x
lock             0x00830000         0x00000400         rw !x
signature        0x00840000         0x00000400         rw !x
user_signatures  0x00850000         0x00000400         rw !x
*default*        0x00000000         0xffffffff

Linker script and memory map

Address of section .data set to 0x800100
LOAD c:/program files (x86)/atmel/atmel toolchain/avr8 gcc/native/3.4.1061/avr8-gnu-toolchain/bin/../lib/gcc/avr/4.8.1/../../../../avr/lib/avr51/crtm128.o
LOAD adc.o
LOAD altera.o
LOAD flashiic.o
LOAD i2c.o
LOAD keyboard.o
LOAD lcd_knk.o
LOAD lebed_sel_tune.o
LOAD selector_control.o
LOAD uart.o
LOAD ZSelControl.o
LOAD _StackInstrument.o
START GROUP
LOAD c:/program files (x86)/atmel/atmel toolchain/avr8 gcc/native/3.4.1061/avr8-gnu-toolchain/bin/../lib/gcc/avr/4.8.1/../../../../avr/lib/avr51\libm.a
END GROUP
LOAD c:/program files (x86)/atmel/atmel toolchain/avr8 gcc/native/3.4.1061/avr8-gnu-toolchain/bin/../lib/gcc/avr/4.8.1/avr51\libgcc.a
LOAD c:/program files (x86)/atmel/atmel toolchain/avr8 gcc/native/3.4.1061/avr8-gnu-toolchain/bin/../lib/gcc/avr/4.8.1/../../../../avr/lib/avr51\libm.a
START GROUP
LOAD c:/program files (x86)/atmel/atmel toolchain/avr8 gcc/native/3.4.1061/avr8-gnu-toolchain/bin/../lib/gcc/avr/4.8.1/avr51\libgcc.a
LOAD c:/program files (x86)/atmel/atmel toolchain/avr8 gcc/native/3.4.1061/avr8-gnu-toolchain/bin/../lib/gcc/avr/4.8.1/../../../../avr/lib/avr51\libm.a
LOAD c:/program files (x86)/atmel/atmel toolchain/avr8 gcc/native/3.4.1061/avr8-gnu-toolchain/bin/../lib/gcc/avr/4.8.1/../../../../avr/lib/avr51\libc.a
END GROUP

.hash
 *(.hash)

.dynsym
 *(.dynsym)

.dynstr
 *(.dynstr)

.gnu.version
 *(.gnu.version)

.gnu.version_d
 *(.gnu.version_d)

.gnu.version_r
 *(.gnu.version_r)

.rel.init
 *(.rel.init)

.rela.init
 *(.rela.init)

.rel.text
 *(.rel.text)
 *(.rel.text.*)
 *(.rel.gnu.linkonce.t*)

.rela.text
 *(.rela.text)
 *(.rela.text.*)
 *(.rela.gnu.linkonce.t*)

.rel.fini
 *(.rel.fini)

.rela.fini
 *(.rela.fini)

.rel.rodata
 *(.rel.rodata)
 *(.rel.rodata.*)
 *(.rel.gnu.linkonce.r*)

.rela.rodata
 *(.rela.rodata)
 *(.rela.rodata.*)
 *(.rela.gnu.linkonce.r*)

.rel.data
 *(.rel.data)
 *(.rel.data.*)
 *(.rel.gnu.linkonce.d*)

.rela.data
 *(.rela.data)
 *(.rela.data.*)
 *(.rela.gnu.linkonce.d*)

.rel.ctors
 *(.rel.ctors)

.rela.ctors
 *(.rela.ctors)

.rel.dtors
 *(.rel.dtors)

.rela.dtors
 *(.rela.dtors)

.rel.got
 *(.rel.got)

.rela.got
 *(.rela.got)

.rel.bss
 *(.rel.bss)

.rela.bss
 *(.rela.bss)

.rel.plt
 *(.rel.plt)

.rela.plt
 *(.rela.plt)

.text           0x00000000     0x3df8
 *(.vectors)
 .vectors       0x00000000       0x8c c:/program files (x86)/atmel/atmel toolchain/avr8 gcc/native/3.4.1061/avr8-gnu-toolchain/bin/../lib/gcc/avr/4.8.1/../../../../avr/lib/avr51/crtm128.o
                0x00000000                __vector_default
                0x00000000                __vectors
 *(.vectors)
 *(.progmem.gcc*)
                0x0000008c                . = ALIGN (0x2)
                0x0000008c                __trampolines_start = .
 *(.trampolines)
 .trampolines   0x0000008c        0x0 linker stubs
 *(.trampolines*)
                0x0000008c                __trampolines_end = .
 *(.progmem*)
 .progmem.data._ZL9ascii_lcd
                0x0000008c       0x40 lcd_knk.o
 .progmem.data._ZL13g_commandFunc
                0x000000cc       0x20 lebed_sel_tune.o
 .progmem.data._ZL18g_comandLengthList
                0x000000ec       0x10 lebed_sel_tune.o
 .progmem.data._ZL12g_comandList
                0x000000fc       0x10 lebed_sel_tune.o
                0x0000010c                . = ALIGN (0x2)
 *(.jumptables)
 *(.jumptables*)
 *(.lowtext)
 *(.lowtext*)
                0x0000010c                __ctors_start = .
 *(.ctors)
 .ctors         0x0000010c        0x2 lebed_sel_tune.o
                0x0000010e                __ctors_end = .
                0x0000010e                __dtors_start = .
 *(.dtors)
 .dtors         0x0000010e        0x2 lebed_sel_tune.o
                0x00000110                __dtors_end = .
 SORT(*)(.ctors)
 SORT(*)(.dtors)
 *(.init0)
 .init0         0x00000110        0x0 c:/program files (x86)/atmel/atmel toolchain/avr8 gcc/native/3.4.1061/avr8-gnu-toolchain/bin/../lib/gcc/avr/4.8.1/../../../../avr/lib/avr51/crtm128.o
                0x00000110                __init
 *(.init0)
 *(.init1)
 .init1         0x00000110       0x2e _StackInstrument.o
                0x00000110                _StackPaint
 *(.init1)
 *(.init2)
 .init2         0x0000013e        0xc c:/program files (x86)/atmel/atmel toolchain/avr8 gcc/native/3.4.1061/avr8-gnu-toolchain/bin/../lib/gcc/avr/4.8.1/../../../../avr/lib/avr51/crtm128.o
 *(.init2)
 *(.init3)
 *(.init3)
 *(.init4)
 .init4         0x0000014a       0x1a c:/program files (x86)/atmel/atmel toolchain/avr8 gcc/native/3.4.1061/avr8-gnu-toolchain/bin/../lib/gcc/avr/4.8.1/avr51\libgcc.a(_copy_data.o)
                0x0000014a                __do_copy_data
 .init4         0x00000164       0x10 c:/program files (x86)/atmel/atmel toolchain/avr8 gcc/native/3.4.1061/avr8-gnu-toolchain/bin/../lib/gcc/avr/4.8.1/avr51\libgcc.a(_clear_bss.o)
                0x00000164                __do_clear_bss
 *(.init4)
 *(.init5)
 *(.init5)
 *(.init6)
 .init6         0x00000174       0x20 c:/program files (x86)/atmel/atmel toolchain/avr8 gcc/native/3.4.1061/avr8-gnu-toolchain/bin/../lib/gcc/avr/4.8.1/avr51\libgcc.a(_ctors.o)
                0x00000174                __do_global_ctors
 *(.init6)
 *(.init7)
 *(.init7)
 *(.init8)
 *(.init8)
 *(.init9)
 .init9         0x00000194        0x8 c:/program files (x86)/atmel/atmel toolchain/avr8 gcc/native/3.4.1061/avr8-gnu-toolchain/bin/../lib/gcc/avr/4.8.1/../../../../avr/lib/avr51/crtm128.o
 *(.init9)
 *(.text)
 .text          0x0000019c        0x2 c:/program files (x86)/atmel/atmel toolchain/avr8 gcc/native/3.4.1061/avr8-gnu-toolchain/bin/../lib/gcc/avr/4.8.1/../../../../avr/lib/avr51/crtm128.o
                0x0000019c                __vector_22
                0x0000019c                __vector_28
                0x0000019c                __vector_1
                0x0000019c                __vector_32
                0x0000019c                __vector_34
                0x0000019c                __vector_24
                0x0000019c                __vector_12
                0x0000019c                __bad_interrupt
                0x0000019c                __vector_6
                0x0000019c                __vector_31
                0x0000019c                __vector_3
                0x0000019c                __vector_23
                0x0000019c                __vector_25
                0x0000019c                __vector_11
                0x0000019c                __vector_13
                0x0000019c                __vector_17
                0x0000019c                __vector_19
                0x0000019c                __vector_7
                0x0000019c                __vector_27
                0x0000019c                __vector_5
                0x0000019c                __vector_33
                0x0000019c                __vector_4
                0x0000019c                __vector_9
                0x0000019c                __vector_2
                0x0000019c                __vector_21
                0x0000019c                __vector_15
                0x0000019c                __vector_29
                0x0000019c                __vector_8
                0x0000019c                __vector_26
                0x0000019c                __vector_14
                0x0000019c                __vector_10
                0x0000019c                __vector_16
                0x0000019c                __vector_18
                0x0000019c                __vector_20
                0x0000019e                . = ALIGN (0x2)
 *(.text.*)
 .text._Z8read_adch
                0x0000019e       0x1e adc.o
                0x0000019e                _Z8read_adch
 .text._Z15read_steady_adch
                0x000001bc       0x2e adc.o
                0x000001bc                _Z15read_steady_adch
 .text._Z23Write_Adress_SPI_ALTERAj
                0x000001ea       0x72 altera.o
                0x000001ea                _Z23Write_Adress_SPI_ALTERAj
 .text._Z21Write_DATA_SPI_ALTERAh
                0x0000025c       0x6c altera.o
                0x0000025c                _Z21Write_DATA_SPI_ALTERAh
 .text._Z20Read_DATA_SPI_ALTERAv
                0x000002c8       0x70 altera.o
                0x000002c8                _Z20Read_DATA_SPI_ALTERAv
 .text._Z14Write_ControlljPh
                0x00000338       0x36 altera.o
                0x00000338                _Z14Write_ControlljPh
 .text._Z13Read_ControlljPh
                0x0000036e       0x36 altera.o
                0x0000036e                _Z13Read_ControlljPh
 .text._Z10InitAlterav
                0x000003a4       0x9c altera.o
                0x000003a4                _Z10InitAlterav
 .text._Z6IndOfFj
                0x00000440      0x126 flashiic.o
                0x00000440                _Z6IndOfFj
 .text._Z10CharFtoIndPh
                0x00000566       0x32 flashiic.o
                0x00000566                _Z10CharFtoIndPh
 .text._Z10ErrorFlashv
                0x00000598       0x20 flashiic.o
                0x00000598                _Z10ErrorFlashv
 .text._Z18WriteData2FlashIICjPhh
                0x000005b8       0x6e flashiic.o
                0x000005b8                _Z18WriteData2FlashIICjPhh
 .text._Z17WriteLCAout2FlashjPh
                0x00000626        0x6 flashiic.o
                0x00000626                _Z17WriteLCAout2FlashjPh
 .text._Z17WriteDetCal2FlashjPh
                0x0000062c        0x8 flashiic.o
                0x0000062c                _Z17WriteDetCal2FlashjPh
 .text._Z18ReadDataInFlashIICPjPhh
                0x00000634       0x96 flashiic.o
                0x00000634                _Z18ReadDataInFlashIICPjPhh
 .text._Z19ReadLCAoutFromFlashjPh
                0x000006ca       0x20 flashiic.o
                0x000006ca                _Z19ReadLCAoutFromFlashjPh
 .text._Z17ReadDetCalInFlashjPh
                0x000006ea       0x22 flashiic.o
                0x000006ea                _Z17ReadDetCalInFlashjPh
 .text._Z7IICInitv
                0x0000070c        0xe i2c.o
                0x0000070c                _Z7IICInitv
 .text._Z8IICStartv
                0x0000071a       0x24 i2c.o
                0x0000071a                _Z8IICStartv
 .text._Z7IICStopv
                0x0000073e       0x24 i2c.o
                0x0000073e                _Z7IICStopv
 .text._Z6IICBitc
                0x00000762       0x44 i2c.o
                0x00000762                _Z6IICBitc
 .text._Z12IICByteWritec
                0x000007a6       0x12 i2c.o
                0x000007a6                _Z12IICByteWritec
 .text._Z11IICByteReadc
                0x000007b8       0x2a i2c.o
                0x000007b8                _Z11IICByteReadc
 .text._Z12InitKeyboardv
                0x000007e2       0x2c keyboard.o
                0x000007e2                _Z12InitKeyboardv
 .text._Z8LCD_Busyv
                0x0000080e       0x42 lcd_knk.o
                0x0000080e                _Z8LCD_Busyv
 .text._Z17LCD_Write4Controlh
                0x00000850       0x42 lcd_knk.o
                0x00000850                _Z17LCD_Write4Controlh
 .text._Z16LCD_WriteControlh
                0x00000892       0x14 lcd_knk.o
                0x00000892                _Z16LCD_WriteControlh
 .text._Z14LCD_Write4Datah
                0x000008a6       0x42 lcd_knk.o
                0x000008a6                _Z14LCD_Write4Datah
 .text._Z13LCD_WriteDatah
                0x000008e8       0x1a lcd_knk.o
                0x000008e8                _Z13LCD_WriteDatah
 .text._Z9LCD_Clearv
                0x00000902        0x6 lcd_knk.o
                0x00000902                _Z9LCD_Clearv
 .text._Z8Init_LCDv
                0x00000908       0x6a lcd_knk.o
                0x00000908                _Z8Init_LCDv
 .text._Z20LCD_DisplayCharacterc
                0x00000972        0x4 lcd_knk.o
                0x00000972                _Z20LCD_DisplayCharacterc
 .text._Z23LCD_DisplayCharacterRusc
                0x00000976       0x16 lcd_knk.o
                0x00000976                _Z23LCD_DisplayCharacterRusc
 .text._Z10LCD_Cursorcc
                0x0000098c       0x36 lcd_knk.o
                0x0000098c                _Z10LCD_Cursorcc
 .text._Z20LCD_DisplayStringRusccPc
                0x000009c2       0x1e lcd_knk.o
                0x000009c2                _Z20LCD_DisplayStringRusccPc
 .text._Z13LCD_Cursor_Onv
                0x000009e0        0x6 lcd_knk.o
                0x000009e0                _Z13LCD_Cursor_Onv
 .text._Z25LCD_DisplayDrawLongStringPc
                0x000009e6       0x46 lcd_knk.o
                0x000009e6                _Z25LCD_DisplayDrawLongStringPc
 .text._Z11noEventMenuP9CMenuItem
                0x00000a2c        0x2 lebed_sel_tune.o
                0x00000a2c                _Z11noEventMenuP9CMenuItem
 .text._ZN9CMenuItem9initClassEPcS0_PS_PS1_cPFvS1_ES4_S4_S4_S4_S4_S4_cS0_cS0_
                0x00000a2e      0x20c lebed_sel_tune.o
                0x00000a2e                _ZN9CMenuItem9initClassEPcS0_PS_PS1_cPFvS1_ES4_S4_S4_S4_S4_S4_cS0_cS0_
 .text._ZN9CMenuItemC2EPcS0_PS_10SChildListPFvS1_ES4_S4_S4_S4_S4_S4_18SPermitedPositionsS5_
                0x00000c3a       0x98 lebed_sel_tune.o
                0x00000c3a                _ZN9CMenuItemC1EPcS0_PS_10SChildListPFvS1_ES4_S4_S4_S4_S4_S4_18SPermitedPositionsS5_
                0x00000c3a                _ZN9CMenuItemC2EPcS0_PS_10SChildListPFvS1_ES4_S4_S4_S4_S4_S4_18SPermitedPositionsS5_
 .text._Z41__static_initialization_and_destruction_0ii
                0x00000cd2      0x548 lebed_sel_tune.o
 .text._ZN9CMenuItem17getCursorPositionEv
                0x0000121a       0x34 lebed_sel_tune.o
                0x0000121a                _ZN9CMenuItem17getCursorPositionEv
 .text._ZN9CMenuItem10incrCurPosEv
                0x0000124e       0x3e lebed_sel_tune.o
                0x0000124e                _ZN9CMenuItem10incrCurPosEv
 .text._ZN9CMenuItem10decrCurPosEv
                0x0000128c       0x32 lebed_sel_tune.o
                0x0000128c                _ZN9CMenuItem10decrCurPosEv
 .text._ZN9CMenuItem9changeRowEv
                0x000012be       0x3c lebed_sel_tune.o
                0x000012be                _ZN9CMenuItem9changeRowEv
 .text._ZN9CMenuItem4drawEv
                0x000012fa       0x10 lebed_sel_tune.o
                0x000012fa                _ZN9CMenuItem4drawEv
 .text._Z9rightFuncP9CMenuItem
                0x0000130a       0x4a lebed_sel_tune.o
                0x0000130a                _Z9rightFuncP9CMenuItem
 .text._Z17rightFuncZselItemP9CMenuItem
                0x00001354       0x4e lebed_sel_tune.o
                0x00001354                _Z17rightFuncZselItemP9CMenuItem
 .text._Z8leftFuncP9CMenuItem
                0x000013a2       0x24 lebed_sel_tune.o
                0x000013a2                _Z8leftFuncP9CMenuItem
 .text._Z16leftFuncZselItemP9CMenuItem
                0x000013c6       0x4e lebed_sel_tune.o
                0x000013c6                _Z16leftFuncZselItemP9CMenuItem
 .text._Z7escFuncP9CMenuItem
                0x00001414       0x76 lebed_sel_tune.o
                0x00001414                _Z7escFuncP9CMenuItem
 .text._Z14escFuncPrkMenuP9CMenuItem
                0x0000148a       0x72 lebed_sel_tune.o
                0x0000148a                _Z14escFuncPrkMenuP9CMenuItem
 .text._Z13upFuncPrkMenuP9CMenuItem
                0x000014fc       0xaa lebed_sel_tune.o
                0x000014fc                _Z13upFuncPrkMenuP9CMenuItem
 .text._Z15downFuncPrkMenuP9CMenuItem
                0x000015a6       0xaa lebed_sel_tune.o
                0x000015a6                _Z15downFuncPrkMenuP9CMenuItem
 .text._Z10escFuncLCAP9CMenuItem
                0x00001650       0x12 lebed_sel_tune.o
                0x00001650                _Z10escFuncLCAP9CMenuItem
 .text._Z15escFuncZselMenuP9CMenuItem
                0x00001662       0x4a lebed_sel_tune.o
                0x00001662                _Z15escFuncZselMenuP9CMenuItem
 .text._Z17SaveStateToEEPROMP12StateOfPlatePv
                0x000016ac        0xa lebed_sel_tune.o
                0x000016ac                _Z17SaveStateToEEPROMP12StateOfPlatePv
 .text._Z13okFuncPrkMenuP9CMenuItem
                0x000016b6       0x3c lebed_sel_tune.o
                0x000016b6                _Z13okFuncPrkMenuP9CMenuItem
 .text._Z14upFuncZselMenuP9CMenuItem
                0x000016f2      0x1b6 lebed_sel_tune.o
                0x000016f2                _Z14upFuncZselMenuP9CMenuItem
 .text._Z16downFuncZselMenuP9CMenuItem
                0x000018a8      0x1be lebed_sel_tune.o
                0x000018a8                _Z16downFuncZselMenuP9CMenuItem
 .text._Z19ReadStateFromEEPROMP12StateOfPlatePv
                0x00001a66        0xa lebed_sel_tune.o
                0x00001a66                _Z19ReadStateFromEEPROMP12StateOfPlatePv
 .text._Z11Str2DrawStrPhS_S_
                0x00001a70       0x52 lebed_sel_tune.o
                0x00001a70                _Z11Str2DrawStrPhS_S_
 .text._Z9DrawOnLCDPh
                0x00001ac2       0x36 lebed_sel_tune.o
                0x00001ac2                _Z9DrawOnLCDPh
 .text._Z16drawFuncMainMenuP9CMenuItem
                0x00001af8      0x150 lebed_sel_tune.o
                0x00001af8                _Z16drawFuncMainMenuP9CMenuItem
 .text._Z15drawFuncPrkMenuP9CMenuItem
                0x00001c48      0x1be lebed_sel_tune.o
                0x00001c48                _Z15drawFuncPrkMenuP9CMenuItem
 .text._Z16drawFuncZselMenuP9CMenuItem
                0x00001e06      0x2ee lebed_sel_tune.o
                0x00001e06                _Z16drawFuncZselMenuP9CMenuItem
 .text._Z11reverseBitsjPj
                0x000020f4       0x4e lebed_sel_tune.o
                0x000020f4                _Z11reverseBitsjPj
 .text._Z7LCA2outjhjhhPj
                0x00002142       0xd4 lebed_sel_tune.o
                0x00002142                _Z7LCA2outjhjhhPj
 .text._Z10outLCA2LCAPjPhS_S0_S0_S_
                0x00002216       0xba lebed_sel_tune.o
                0x00002216                _Z10outLCA2LCAPjPhS_S0_S0_S_
 .text._Z15drawFuncLCAMenuP9CMenuItem
                0x000022d0      0x31a lebed_sel_tune.o
                0x000022d0                _Z15drawFuncLCAMenuP9CMenuItem
 .text._Z8InitUartv
                0x000025ea       0x1c lebed_sel_tune.o
                0x000025ea                _Z8InitUartv
 .text._Z12SendCOMBytesPhc
                0x00002606       0x32 lebed_sel_tune.o
                0x00002606                _Z12SendCOMBytesPhc
 .text._Z9WriteModePh
                0x00002638        0x6 lebed_sel_tune.o
                0x00002638                _Z9WriteModePh
 .text._Z15WriteEraseFlashPh
                0x0000263e        0xa lebed_sel_tune.o
                0x0000263e                _Z15WriteEraseFlashPh
 .text._Z8ReadAmplPh
                0x00002648       0x42 lebed_sel_tune.o
                0x00002648                _Z8ReadAmplPh
 .text._Z16ReadDetectorCoefPh
                0x0000268a       0x54 lebed_sel_tune.o
                0x0000268a                _Z16ReadDetectorCoefPh
 .text._Z10FindDevicePh
                0x000026de       0x32 lebed_sel_tune.o
                0x000026de                _Z10FindDevicePh
 .text._Z17CheckComandFormatic
                0x00002710       0x28 lebed_sel_tune.o
                0x00002710                _Z17CheckComandFormatic
 .text._Z7SendERRv
                0x00002738       0x24 lebed_sel_tune.o
                0x00002738                _Z7SendERRv
 .text._Z6SendOkv
                0x0000275c       0x24 lebed_sel_tune.o
                0x0000275c                _Z6SendOkv
 .text._Z10WriteAFuncPh
                0x00002780       0x4e lebed_sel_tune.o
                0x00002780                _Z10WriteAFuncPh
 .text._Z8SaveCoefPh
                0x000027ce       0x10 lebed_sel_tune.o
                0x000027ce                _Z8SaveCoefPh
 .text.__vector_30
                0x000027de       0xe4 lebed_sel_tune.o
                0x000027de                __vector_30
 .text._Z8data2LCAPh
                0x000028c2       0xa8 lebed_sel_tune.o
                0x000028c2                _Z8data2LCAPh
 .text._Z12WriteLCAFuncPh
                0x0000296a        0xe lebed_sel_tune.o
                0x0000296a                _Z12WriteLCAFuncPh
 .text._Z12ReadAllFlashPh
                0x00002978       0x78 lebed_sel_tune.o
                0x00002978                _Z12ReadAllFlashPh
 .text._Z15WriteData2FlashPh
                0x000029f0       0x80 lebed_sel_tune.o
                0x000029f0                _Z15WriteData2FlashPh
 .text._Z13ChangeModePrkP12StateOfPlate
                0x00002a70       0x46 lebed_sel_tune.o
                0x00002a70                _Z13ChangeModePrkP12StateOfPlate
 .text._Z11SetOutLevelh
                0x00002ab6       0x2e lebed_sel_tune.o
                0x00002ab6                _Z11SetOutLevelh
 .text._Z20SolveFreqIndCorrCoefv
                0x00002ae4       0x40 lebed_sel_tune.o
                0x00002ae4                _Z20SolveFreqIndCorrCoefv
 .text._Z7SetCoefPh
                0x00002b24       0x26 lebed_sel_tune.o
                0x00002b24                _Z7SetCoefPh
 .text._Z19SetOutLevelFromFreqv
                0x00002b4a       0x26 lebed_sel_tune.o
                0x00002b4a                _Z19SetOutLevelFromFreqv
 .text._Z14WriteFreqToPrkPh
                0x00002b70       0xb6 lebed_sel_tune.o
                0x00002b70                _Z14WriteFreqToPrkPh
 .text._Z14okFuncZselMenuP9CMenuItem
                0x00002c26       0xd6 lebed_sel_tune.o
                0x00002c26                _Z14okFuncZselMenuP9CMenuItem
 .text._Z10WriteFFuncPh
                0x00002cfc       0x22 lebed_sel_tune.o
                0x00002cfc                _Z10WriteFFuncPh
 .text._Z13WriteFLCAFuncPh
                0x00002d1e      0x160 lebed_sel_tune.o
                0x00002d1e                _Z13WriteFLCAFuncPh
 .text._Z13WriteFZahFuncPh
                0x00002e7e       0xba lebed_sel_tune.o
                0x00002e7e                _Z13WriteFZahFuncPh
 .text._Z10DetFreqIndPh
                0x00002f38       0x48 lebed_sel_tune.o
                0x00002f38                _Z10DetFreqIndPh
 .text._Z16SaveSelectorSignv
                0x00002f80       0x2c lebed_sel_tune.o
                0x00002f80                _Z16SaveSelectorSignv
 .text._Z11SaveDetCoefv
                0x00002fac       0x1e lebed_sel_tune.o
                0x00002fac                _Z11SaveDetCoefv
 .text._Z16SaveDetectorCoefPh
                0x00002fca        0x6 lebed_sel_tune.o
                0x00002fca                _Z16SaveDetectorCoefPh
 .text._Z11ReadDetCoefv
                0x00002fd0       0x26 lebed_sel_tune.o
                0x00002fd0                _Z11ReadDetCoefv
 .text._Z7InitPrkv
                0x00002ff6       0x76 lebed_sel_tune.o
                0x00002ff6                _Z7InitPrkv
 .text._Z7SetnOTPc
                0x0000306c       0x34 lebed_sel_tune.o
                0x0000306c                _Z7SetnOTPc
 .text._Z22SetLebedSelFreqInFlashv
                0x000030a0       0x5a lebed_sel_tune.o
                0x000030a0                _Z22SetLebedSelFreqInFlashv
 .text._Z14okFuncMainMenuP9CMenuItem
                0x000030fa      0x14e lebed_sel_tune.o
                0x000030fa                _Z14okFuncMainMenuP9CMenuItem
 .text._Z15TuneLvlLebedSelv
                0x00003248       0xd8 lebed_sel_tune.o
                0x00003248                _Z15TuneLvlLebedSelv
 .text._Z14upFuncMainMenuP9CMenuItem
                0x00003320       0xf6 lebed_sel_tune.o
                0x00003320                _Z14upFuncMainMenuP9CMenuItem
 .text._Z16downFuncMainMenuP9CMenuItem
                0x00003416       0xf8 lebed_sel_tune.o
                0x00003416                _Z16downFuncMainMenuP9CMenuItem
 .text._Z8WriteOtpPh
                0x0000350e        0xc lebed_sel_tune.o
                0x0000350e                _Z8WriteOtpPh
 .text._Z11therm_resetv
                0x0000351a       0x24 lebed_sel_tune.o
                0x0000351a                _Z11therm_resetv
 .text._Z15therm_write_bith
                0x0000353e       0x1a lebed_sel_tune.o
                0x0000353e                _Z15therm_write_bith
 .text._Z14therm_read_bitv
                0x00003558       0x24 lebed_sel_tune.o
                0x00003558                _Z14therm_read_bitv
 .text._Z15therm_read_bytev
                0x0000357c       0x22 lebed_sel_tune.o
                0x0000357c                _Z15therm_read_bytev
 .text._Z16therm_write_byteh
                0x0000359e       0x1a lebed_sel_tune.o
                0x0000359e                _Z16therm_write_byteh
 .text._Z24send_programming_impulsev
                0x000035b8       0x36 lebed_sel_tune.o
                0x000035b8                _Z24send_programming_impulsev
 .text.main     0x000035ee      0x164 lebed_sel_tune.o
                0x000035ee                main
 .text._GLOBAL__sub_I__Z11noEventMenuP9CMenuItem
                0x00003752        0xe lebed_sel_tune.o
 .text._GLOBAL__sub_D__Z11noEventMenuP9CMenuItem
                0x00003760        0xe lebed_sel_tune.o
 .text._Z11InitSelPortv
                0x0000376e       0x12 selector_control.o
                0x0000376e                _Z11InitSelPortv
 .text._Z5SendAPj
                0x00003780       0x4c selector_control.o
                0x00003780                _Z5SendAPj
 .text._Z11SendLCA2SelPh
                0x000037cc       0xee selector_control.o
                0x000037cc                _Z11SendLCA2SelPh
 .text._Z9ChangeReg7regAddr
                0x000038ba       0x36 ZSelControl.o
                0x000038ba                _Z9ChangeReg7regAddr
 .text._Z11SetZselCap1i
                0x000038f0       0xa4 ZSelControl.o
                0x000038f0                _Z11SetZselCap1i
 .text._Z9WriteBytec
                0x00003994       0x3c ZSelControl.o
                0x00003994                _Z9WriteBytec
 .text._Z12SetZselParamP9ZSELPARAM7regAddr
                0x000039d0       0x70 ZSelControl.o
                0x000039d0                _Z12SetZselParamP9ZSELPARAM7regAddr
 .text._Z11SetZselOpenb
                0x00003a40        0xe ZSelControl.o
                0x00003a40                _Z11SetZselOpenb
 .text._Z13FindFreqParamiP9ZSELPARAM
                0x00003a4e       0x8e ZSelControl.o
                0x00003a4e                _Z13FindFreqParamiP9ZSELPARAM
 .text._Z11TuneZselCapP9ZSELPARAM
                0x00003adc       0xa4 ZSelControl.o
                0x00003adc                _Z11TuneZselCapP9ZSELPARAM
 .text._Z11SetZselFreqiP9ZSELPARAM
                0x00003b80       0x4e ZSelControl.o
                0x00003b80                _Z11SetZselFreqiP9ZSELPARAM
 .text._Z13TuneZselAttenP9ZSELPARAM
                0x00003bce       0xf6 ZSelControl.o
                0x00003bce                _Z13TuneZselAttenP9ZSELPARAM
 .text.libgcc.div
                0x00003cc4       0x28 c:/program files (x86)/atmel/atmel toolchain/avr8 gcc/native/3.4.1061/avr8-gnu-toolchain/bin/../lib/gcc/avr/4.8.1/avr51\libgcc.a(_udivmodhi4.o)
                0x00003cc4                __udivmodhi4
 .text.libgcc.div
                0x00003cec       0x26 c:/program files (x86)/atmel/atmel toolchain/avr8 gcc/native/3.4.1061/avr8-gnu-toolchain/bin/../lib/gcc/avr/4.8.1/avr51\libgcc.a(_divmodhi4.o)
                0x00003cec                _div
                0x00003cec                __divmodhi4
 .text.libgcc   0x00003d12        0x8 c:/program files (x86)/atmel/atmel toolchain/avr8 gcc/native/3.4.1061/avr8-gnu-toolchain/bin/../lib/gcc/avr/4.8.1/avr51\libgcc.a(_tablejump_elpm.o)
                0x00003d12                __tablejump_elpm__
 .text.avr-libc
                0x00003d1a       0x1a c:/program files (x86)/atmel/atmel toolchain/avr8 gcc/native/3.4.1061/avr8-gnu-toolchain/bin/../lib/gcc/avr/4.8.1/../../../../avr/lib/avr51\libc.a(memchr_P.o)
                0x00003d1a                memchr_P
 .text.avr-libc
                0x00003d34       0x1a c:/program files (x86)/atmel/atmel toolchain/avr8 gcc/native/3.4.1061/avr8-gnu-toolchain/bin/../lib/gcc/avr/4.8.1/../../../../avr/lib/avr51\libc.a(memcmp.o)
                0x00003d34                memcmp
 .text.avr-libc
                0x00003d4e       0x12 c:/program files (x86)/atmel/atmel toolchain/avr8 gcc/native/3.4.1061/avr8-gnu-toolchain/bin/../lib/gcc/avr/4.8.1/../../../../avr/lib/avr51\libc.a(memcpy.o)
                0x00003d4e                memcpy
 .text.avr-libc
                0x00003d60       0x16 c:/program files (x86)/atmel/atmel toolchain/avr8 gcc/native/3.4.1061/avr8-gnu-toolchain/bin/../lib/gcc/avr/4.8.1/../../../../avr/lib/avr51\libc.a(strchr.o)
                0x00003d60                strchr
 .text.avr-libc
                0x00003d76       0x20 c:/program files (x86)/atmel/atmel toolchain/avr8 gcc/native/3.4.1061/avr8-gnu-toolchain/bin/../lib/gcc/avr/4.8.1/../../../../avr/lib/avr51\libc.a(eerd_block_atmega128.o)
                0x00003d76                __eerd_block_m128
                0x00003d7a                __eerd_blraw_m128
 .text.avr-libc
                0x00003d96       0x1e c:/program files (x86)/atmel/atmel toolchain/avr8 gcc/native/3.4.1061/avr8-gnu-toolchain/bin/../lib/gcc/avr/4.8.1/../../../../avr/lib/avr51\libc.a(eeupd_block_atmega128.o)
                0x00003d96                __eeupd_block_m128
 .text.avr-libc
                0x00003db4       0x22 c:/program files (x86)/atmel/atmel toolchain/avr8 gcc/native/3.4.1061/avr8-gnu-toolchain/bin/../lib/gcc/avr/4.8.1/../../../../avr/lib/avr51\libc.a(eeupd_byte_atmega128.o)
                0x00003db4                __eeupd_byte_m128
                0x00003db6                __eeupd_r18_m128
                0x00003dd6                . = ALIGN (0x2)
 *(.fini9)
 .fini9         0x00003dd6        0x0 c:/program files (x86)/atmel/atmel toolchain/avr8 gcc/native/3.4.1061/avr8-gnu-toolchain/bin/../lib/gcc/avr/4.8.1/avr51\libgcc.a(_exit.o)
                0x00003dd6                _exit
                0x00003dd6                exit
 *(.fini9)
 *(.fini8)
 *(.fini8)
 *(.fini7)
 *(.fini7)
 *(.fini6)
 .fini6         0x00003dd6       0x1e c:/program files (x86)/atmel/atmel toolchain/avr8 gcc/native/3.4.1061/avr8-gnu-toolchain/bin/../lib/gcc/avr/4.8.1/avr51\libgcc.a(_dtors.o)
                0x00003dd6                __do_global_dtors
 *(.fini6)
 *(.fini5)
 *(.fini5)
 *(.fini4)
 *(.fini4)
 *(.fini3)
 *(.fini3)
 *(.fini2)
 *(.fini2)
 *(.fini1)
 *(.fini1)
 *(.fini0)
 .fini0         0x00003df4        0x4 c:/program files (x86)/atmel/atmel toolchain/avr8 gcc/native/3.4.1061/avr8-gnu-toolchain/bin/../lib/gcc/avr/4.8.1/avr51\libgcc.a(_exit.o)
 *(.fini0)
                0x00003df8                _etext = .

.data           0x00800100      0x272 load address 0x00003df8
                0x00800100                PROVIDE (__data_start, .)
 *(.data)
 *(.data*)
 .data.str2Reg  0x00800100        0x2 lebed_sel_tune.o
                0x00800100                str2Reg
 .data.str1Reg  0x00800102        0x4 lebed_sel_tune.o
                0x00800102                str1Reg
 .data.str2Params
                0x00800106        0x4 lebed_sel_tune.o
                0x00800106                str2Params
 .data.str1Params
                0x0080010a        0x8 lebed_sel_tune.o
                0x0080010a                str1Params
 .data.Seltype  0x00800112        0x2 lebed_sel_tune.o
                0x00800112                Seltype
 .data.Mode     0x00800114        0x6 lebed_sel_tune.o
                0x00800114                Mode
 .data.OnOff    0x0080011a        0x8 lebed_sel_tune.o
                0x0080011a                OnOff
 .data.g_A      0x00800122        0x1 lebed_sel_tune.o
                0x00800122                g_A
 .data.g_L2     0x00800123        0x1 lebed_sel_tune.o
                0x00800123                g_L2
 .data.g_L1     0x00800124        0x1 lebed_sel_tune.o
                0x00800124                g_L1
 .data.g_C2     0x00800125        0x2 lebed_sel_tune.o
                0x00800125                g_C2
 .data.g_C1     0x00800127        0x2 lebed_sel_tune.o
                0x00800127                g_C1
 .data.g_hexOut
                0x00800129       0x12 lebed_sel_tune.o
                0x00800129                g_hexOut
 .data.TempStr2
                0x0080013b       0x15 lebed_sel_tune.o
                0x0080013b                TempStr2
 .data.TempStr1
                0x00800150       0x15 lebed_sel_tune.o
                0x00800150                TempStr1
 .data.g_drawingString
                0x00800165       0x29 lebed_sel_tune.o
                0x00800165                g_drawingString
 .data.freqBordersGrid
                0x0080018e       0xaf ZSelControl.o
                0x0080018e                freqBordersGrid
 *(.rodata)
 .rodata        0x0080023d       0x20 altera.o
 .rodata        0x0080025d        0x8 lebed_sel_tune.o
 *(.rodata*)
 .rodata.str1.1
                0x00800265       0x15 flashiic.o
 .rodata._ZL3ves
                0x0080027a        0xe flashiic.o
 .rodata._ZL1N  0x00800288        0xc flashiic.o
 .rodata._ZL2df
                0x00800294        0xc flashiic.o
 .rodata._ZL2Fr
                0x008002a0        0xc flashiic.o
 .rodata.str1.1
                0x008002ac       0xc6 lebed_sel_tune.o
 *(.gnu.linkonce.d*)
                0x00800372                . = ALIGN (0x2)
                0x00800372                _edata = .
                0x00800372                PROVIDE (__data_end, .)

.bss            0x00800372      0x1f0
                0x00800372                PROVIDE (__bss_start, .)
 *(.bss)
 *(.bss*)
 .bss.g_comBufCnt
                0x00800372        0x1 lebed_sel_tune.o
                0x00800372                g_comBufCnt
 .bss.g_comBuff
                0x00800373       0x20 lebed_sel_tune.o
                0x00800373                g_comBuff
 .bss.g_zselSettingMenuItem
                0x00800393       0x5a lebed_sel_tune.o
                0x00800393                g_zselSettingMenuItem
 .bss.g_lcaMenuItem
                0x008003ed       0x5a lebed_sel_tune.o
                0x008003ed                g_lcaMenuItem
 .bss.prk_numOfDisplay
                0x00800447        0x1 lebed_sel_tune.o
                0x00800447                prk_numOfDisplay
 .bss.g_prkSettingMenuItem
                0x00800448       0x5a lebed_sel_tune.o
                0x00800448                g_prkSettingMenuItem
 .bss.g_mainMenuItem
                0x008004a2       0x5a lebed_sel_tune.o
                0x008004a2                g_mainMenuItem
 .bss.upas_out  0x008004fc        0x1 lebed_sel_tune.o
                0x008004fc                upas_out
 .bss.upas_in   0x008004fd        0x1 lebed_sel_tune.o
                0x008004fd                upas_in
 .bss.g_plateState
                0x008004fe       0x62 lebed_sel_tune.o
                0x008004fe                g_plateState
 .bss.g_currentItem
                0x00800560        0x2 lebed_sel_tune.o
                0x00800560                g_currentItem
 *(COMMON)
                0x00800562                PROVIDE (__bss_end, .)
                0x00003df8                __data_load_start = LOADADDR (.data)
                0x0000406a                __data_load_end = (__data_load_start + SIZEOF (.data))

.noinit         0x00800562        0x0
                0x00800562                PROVIDE (__noinit_start, .)
 *(.noinit*)
                0x00800562                PROVIDE (__noinit_end, .)
                0x00800562                _end = .
                0x00800562                PROVIDE (__heap_start, .)

.eeprom         0x00810000       0x62
 *(.eeprom*)
 .eeprom        0x00810000       0x62 lebed_sel_tune.o
                0x00810000                g_eepromPlateState
                0x00810062                __eeprom_end = .

.fuse
 *(.fuse)
 *(.lfuse)
 *(.hfuse)
 *(.efuse)

.lock
 *(.lock*)

.signature
 *(.signature*)

.user_signatures
 *(.user_signatures*)

.stab
 *(.stab)

.stabstr
 *(.stabstr)

.stab.excl
 *(.stab.excl)

.stab.exclstr
 *(.stab.exclstr)

.stab.index
 *(.stab.index)

.stab.indexstr
 *(.stab.indexstr)

.comment        0x00000000       0x30
 *(.comment)
 .comment       0x00000000       0x30 adc.o
                                 0x31 (size before relaxing)
 .comment       0x00000000       0x31 altera.o
 .comment       0x00000000       0x31 flashiic.o
 .comment       0x00000000       0x31 i2c.o
 .comment       0x00000000       0x31 keyboard.o
 .comment       0x00000000       0x31 lcd_knk.o
 .comment       0x00000000       0x31 lebed_sel_tune.o
 .comment       0x00000000       0x31 selector_control.o
 .comment       0x00000000       0x31 ZSelControl.o
 .comment       0x00000000       0x31 _StackInstrument.o

.note.gnu.build-id
 *(.note.gnu.build-id)

.debug
 *(.debug)

.line
 *(.line)

.debug_srcinfo
 *(.debug_srcinfo)

.debug_sfnames
 *(.debug_sfnames)

.debug_aranges  0x00000000      0x608
 *(.debug_aranges)
 .debug_aranges
                0x00000000       0x28 adc.o
 .debug_aranges
                0x00000028       0x48 altera.o
 .debug_aranges
                0x00000070       0x60 flashiic.o
 .debug_aranges
                0x000000d0       0x48 i2c.o
 .debug_aranges
                0x00000118       0x30 keyboard.o
 .debug_aranges
                0x00000148       0xb0 lcd_knk.o
 .debug_aranges
                0x000001f8      0x338 lebed_sel_tune.o
 .debug_aranges
                0x00000530       0x48 selector_control.o
 .debug_aranges
                0x00000578       0x70 ZSelControl.o
 .debug_aranges
                0x000005e8       0x20 _StackInstrument.o

.debug_pubnames
 *(.debug_pubnames)

.debug_info     0x00000000     0x936d
 *(.debug_info .gnu.linkonce.wi.*)
 .debug_info    0x00000000      0x1d6 adc.o
 .debug_info    0x000001d6      0x616 altera.o
 .debug_info    0x000007ec      0x704 flashiic.o
 .debug_info    0x00000ef0      0x430 i2c.o
 .debug_info    0x00001320      0x1b7 keyboard.o
 .debug_info    0x000014d7      0xbab lcd_knk.o
 .debug_info    0x00002082     0x5f9e lebed_sel_tune.o
 .debug_info    0x00008020      0x4fa selector_control.o
 .debug_info    0x0000851a      0xd56 ZSelControl.o
 .debug_info    0x00009270       0xfd _StackInstrument.o

.debug_abbrev   0x00000000     0x164c
 *(.debug_abbrev)
 .debug_abbrev  0x00000000      0x166 adc.o
 .debug_abbrev  0x00000166      0x1d6 altera.o
 .debug_abbrev  0x0000033c      0x21d flashiic.o
 .debug_abbrev  0x00000559      0x1c3 i2c.o
 .debug_abbrev  0x0000071c      0x162 keyboard.o
 .debug_abbrev  0x0000087e      0x25e lcd_knk.o
 .debug_abbrev  0x00000adc      0x660 lebed_sel_tune.o
 .debug_abbrev  0x0000113c      0x199 selector_control.o
 .debug_abbrev  0x000012d5      0x2dc ZSelControl.o
 .debug_abbrev  0x000015b1       0x9b _StackInstrument.o

.debug_line     0x00000000     0x4035
 *(.debug_line .debug_line.* .debug_line_end)
 .debug_line    0x00000000      0x196 adc.o
 .debug_line    0x00000196      0x389 altera.o
 .debug_line    0x0000051f      0x38c flashiic.o
 .debug_line    0x000008ab      0x2b9 i2c.o
 .debug_line    0x00000b64      0x1f1 keyboard.o
 .debug_line    0x00000d55      0x559 lcd_knk.o
 .debug_line    0x000012ae     0x21ff lebed_sel_tune.o
 .debug_line    0x000034ad      0x3c5 selector_control.o
 .debug_line    0x00003872      0x6e7 ZSelControl.o
 .debug_line    0x00003f59       0xdc _StackInstrument.o

.debug_frame    0x00000000     0x1294
 *(.debug_frame)
 .debug_frame   0x00000000       0x44 adc.o
 .debug_frame   0x00000044       0xcc altera.o
 .debug_frame   0x00000110      0x130 flashiic.o
 .debug_frame   0x00000240       0x8c i2c.o
 .debug_frame   0x000002cc       0x4c keyboard.o
 .debug_frame   0x00000318      0x1b4 lcd_knk.o
 .debug_frame   0x000004cc      0xb98 lebed_sel_tune.o
 .debug_frame   0x00001064       0x88 selector_control.o
 .debug_frame   0x000010ec      0x184 ZSelControl.o
 .debug_frame   0x00001270       0x24 _StackInstrument.o

.debug_str      0x00000000     0x2237
 *(.debug_str)
 .debug_str     0x00000000      0x1fc adc.o
                                0x23c (size before relaxing)
 .debug_str     0x000001fc      0x125 altera.o
                                0x315 (size before relaxing)
 .debug_str     0x00000321      0x24e flashiic.o
                                0x43e (size before relaxing)
 .debug_str     0x0000056f       0x3f i2c.o
                                0x28c (size before relaxing)
 .debug_str     0x000005ae       0x84 keyboard.o
                                0x266 (size before relaxing)
 .debug_str     0x00000632      0x2d5 lcd_knk.o
                                0x523 (size before relaxing)
 .debug_str     0x00000907     0x1649 lebed_sel_tune.o
                               0x1c02 (size before relaxing)
 .debug_str     0x00001f50       0x5d selector_control.o
                                0x29f (size before relaxing)
 .debug_str     0x00001fad      0x19b ZSelControl.o
                                0x594 (size before relaxing)
 .debug_str     0x00002148       0xef _StackInstrument.o
                                0x1ca (size before relaxing)

.debug_loc      0x00000000     0x6501
 *(.debug_loc)
 .debug_loc     0x00000000      0x158 adc.o
 .debug_loc     0x00000158      0x2df altera.o
 .debug_loc     0x00000437      0x7ec flashiic.o
 .debug_loc     0x00000c23      0x255 i2c.o
 .debug_loc     0x00000e78      0x154 keyboard.o
 .debug_loc     0x00000fcc      0x696 lcd_knk.o
 .debug_loc     0x00001662     0x4059 lebed_sel_tune.o
 .debug_loc     0x000056bb      0x3bb selector_control.o
 .debug_loc     0x00005a76      0xa73 ZSelControl.o
 .debug_loc     0x000064e9       0x18 _StackInstrument.o

.debug_macinfo
 *(.debug_macinfo)

.debug_weaknames
 *(.debug_weaknames)

.debug_funcnames
 *(.debug_funcnames)

.debug_typenames
 *(.debug_typenames)

.debug_varnames
 *(.debug_varnames)

.debug_pubtypes
 *(.debug_pubtypes)

.debug_ranges   0x00000000      0x658
 *(.debug_ranges)
 .debug_ranges  0x00000000       0x30 adc.o
 .debug_ranges  0x00000030       0x38 altera.o
 .debug_ranges  0x00000068       0x50 flashiic.o
 .debug_ranges  0x000000b8       0x38 i2c.o
 .debug_ranges  0x000000f0       0x20 keyboard.o
 .debug_ranges  0x00000110       0xa0 lcd_knk.o
 .debug_ranges  0x000001b0      0x400 lebed_sel_tune.o
 .debug_ranges  0x000005b0       0x38 selector_control.o
 .debug_ranges  0x000005e8       0x60 ZSelControl.o
 .debug_ranges  0x00000648       0x10 _StackInstrument.o

.debug_macro
 *(.debug_macro)
OUTPUT(lebed_sel_tune.elf elf32-avr)
LOAD linker stubs
