Archive member included because of file (symbol)

c:/program files (x86)/atmel/atmel toolchain/avr8 gcc/native/3.4.1061/avr8-gnu-toolchain/bin/../lib/gcc/avr/4.8.1/avr51\libgcc.a(_udivmodqi4.o)
                              lebed_sel_tune.o (__udivmodqi4)
c:/program files (x86)/atmel/atmel toolchain/avr8 gcc/native/3.4.1061/avr8-gnu-toolchain/bin/../lib/gcc/avr/4.8.1/avr51\libgcc.a(_udivmodhi4.o)
                              flashiic.o (__udivmodhi4)
c:/program files (x86)/atmel/atmel toolchain/avr8 gcc/native/3.4.1061/avr8-gnu-toolchain/bin/../lib/gcc/avr/4.8.1/avr51\libgcc.a(_divmodhi4.o)
                              lebed_sel_tune.o (__divmodhi4)
c:/program files (x86)/atmel/atmel toolchain/avr8 gcc/native/3.4.1061/avr8-gnu-toolchain/bin/../lib/gcc/avr/4.8.1/avr51\libgcc.a(_exit.o)
                              c:/program files (x86)/atmel/atmel toolchain/avr8 gcc/native/3.4.1061/avr8-gnu-toolchain/bin/../lib/gcc/avr/4.8.1/../../../../avr/lib/avr51/crtm128.o (exit)
c:/program files (x86)/atmel/atmel toolchain/avr8 gcc/native/3.4.1061/avr8-gnu-toolchain/bin/../lib/gcc/avr/4.8.1/avr51\libgcc.a(_copy_data.o)
                              altera.o (__do_copy_data)
c:/program files (x86)/atmel/atmel toolchain/avr8 gcc/native/3.4.1061/avr8-gnu-toolchain/bin/../lib/gcc/avr/4.8.1/avr51\libgcc.a(_clear_bss.o)
                              keyboard.o (__do_clear_bss)
c:/program files (x86)/atmel/atmel toolchain/avr8 gcc/native/3.4.1061/avr8-gnu-toolchain/bin/../lib/gcc/avr/4.8.1/avr51\libgcc.a(_ctors.o)
                              lebed_sel_tune.o (__do_global_ctors)
c:/program files (x86)/atmel/atmel toolchain/avr8 gcc/native/3.4.1061/avr8-gnu-toolchain/bin/../lib/gcc/avr/4.8.1/avr51\libgcc.a(_tablejump_elpm.o)
                              c:/program files (x86)/atmel/atmel toolchain/avr8 gcc/native/3.4.1061/avr8-gnu-toolchain/bin/../lib/gcc/avr/4.8.1/avr51\libgcc.a(_ctors.o) (__tablejump_elpm__)
c:/program files (x86)/atmel/atmel toolchain/avr8 gcc/native/3.4.1061/avr8-gnu-toolchain/bin/../lib/gcc/avr/4.8.1/../../../../avr/lib/avr51\libc.a(memchr_P.o)
                              lebed_sel_tune.o (memchr_P)
c:/program files (x86)/atmel/atmel toolchain/avr8 gcc/native/3.4.1061/avr8-gnu-toolchain/bin/../lib/gcc/avr/4.8.1/../../../../avr/lib/avr51\libc.a(memcmp.o)
                              lebed_sel_tune.o (memcmp)
c:/program files (x86)/atmel/atmel toolchain/avr8 gcc/native/3.4.1061/avr8-gnu-toolchain/bin/../lib/gcc/avr/4.8.1/../../../../avr/lib/avr51\libc.a(memcpy.o)
                              lebed_sel_tune.o (memcpy)
c:/program files (x86)/atmel/atmel toolchain/avr8 gcc/native/3.4.1061/avr8-gnu-toolchain/bin/../lib/gcc/avr/4.8.1/../../../../avr/lib/avr51\libc.a(strchr.o)
                              lebed_sel_tune.o (strchr)
c:/program files (x86)/atmel/atmel toolchain/avr8 gcc/native/3.4.1061/avr8-gnu-toolchain/bin/../lib/gcc/avr/4.8.1/../../../../avr/lib/avr51\libc.a(eerd_block_atmega128.o)
                              lebed_sel_tune.o (__eerd_block_m128)
c:/program files (x86)/atmel/atmel toolchain/avr8 gcc/native/3.4.1061/avr8-gnu-toolchain/bin/../lib/gcc/avr/4.8.1/../../../../avr/lib/avr51\libc.a(eeupd_block_atmega128.o)
                              lebed_sel_tune.o (__eeupd_block_m128)
c:/program files (x86)/atmel/atmel toolchain/avr8 gcc/native/3.4.1061/avr8-gnu-toolchain/bin/../lib/gcc/avr/4.8.1/../../../../avr/lib/avr51\libc.a(eeupd_byte_atmega128.o)
                              c:/program files (x86)/atmel/atmel toolchain/avr8 gcc/native/3.4.1061/avr8-gnu-toolchain/bin/../lib/gcc/avr/4.8.1/../../../../avr/lib/avr51\libc.a(eeupd_block_atmega128.o) (__eeupd_r18_m128)

Discarded input sections

 .data          0x00000000        0x0 c:/program files (x86)/atmel/atmel toolchain/avr8 gcc/native/3.4.1061/avr8-gnu-toolchain/bin/../lib/gcc/avr/4.8.1/../../../../avr/lib/avr51/crtm128.o
 .bss           0x00000000        0x0 c:/program files (x86)/atmel/atmel toolchain/avr8 gcc/native/3.4.1061/avr8-gnu-toolchain/bin/../lib/gcc/avr/4.8.1/../../../../avr/lib/avr51/crtm128.o
 .text          0x00000000        0x0 adc.o
 .data          0x00000000        0x0 adc.o
 .bss           0x00000000        0x0 adc.o
 .text          0x00000000        0x0 altera.o
 .data          0x00000000        0x0 altera.o
 .bss           0x00000000        0x0 altera.o
 .text._Z10InitAlterav
                0x00000000       0x90 altera.o
 .text          0x00000000        0x0 flashiic.o
 .data          0x00000000        0x0 flashiic.o
 .bss           0x00000000        0x0 flashiic.o
 .text          0x00000000        0x0 i2c.o
 .data          0x00000000        0x0 i2c.o
 .bss           0x00000000        0x0 i2c.o
 .text._Z7IICInitv
                0x00000000        0xe i2c.o
 .text          0x00000000        0x0 keyboard.o
 .data          0x00000000        0x0 keyboard.o
 .bss           0x00000000        0x0 keyboard.o
 .text._Z5Blinkm
                0x00000000        0x2 keyboard.o
 .text          0x00000000        0x0 lcd.o
 .data          0x00000000        0x0 lcd.o
 .bss           0x00000000        0x0 lcd.o
 .text._Z8lcd_datah
                0x00000000       0x12 lcd.o
 .text._Z9lcd_getxyv
                0x00000000        0x8 lcd.o
 .text._Z8lcd_homev
                0x00000000        0x6 lcd.o
 .text._Z16lcd_clear_stringh
                0x00000000       0x1c lcd.o
 .text._Z10lcd_puts_pPKc
                0x00000000       0x1e lcd.o
 .text          0x00000000        0x0 lebed_sel_tune.o
 .data          0x00000000        0x0 lebed_sel_tune.o
 .bss           0x00000000        0x0 lebed_sel_tune.o
 .text._ZN9CMenuItemC2Ev
                0x00000000       0x72 lebed_sel_tune.o
 .text._ZN9CMenuItemC2EPcS0_PS_PS1_cPFvS1_ES4_S4_S4_S4_S4_S4_cS0_cS0_
                0x00000000       0x9c lebed_sel_tune.o
 .text._ZN9CMenuItemC2EPcS0_PS_PS1_cPFvS1_ES4_S4_S4_S4_S4_S4_18SPermitedPositionsS5_
                0x00000000       0x94 lebed_sel_tune.o
 .text._ZN9CMenuItemC2EPcS0_PS_10SChildListPFvS1_ES4_S4_S4_S4_S4_S4_18SPermitedPositionsS5_
                0x00000000       0x9a lebed_sel_tune.o
 .text._ZN9CMenuItemD2Ev
                0x00000000        0x2 lebed_sel_tune.o
 .text._ZN9CMenuItem11getFirstStrEv
                0x00000000        0x8 lebed_sel_tune.o
 .text._ZN9CMenuItem12getSecondStrEv
                0x00000000        0x8 lebed_sel_tune.o
 .text._ZN9CMenuItem9getParentEv
                0x00000000        0x8 lebed_sel_tune.o
 .text._ZN9CMenuItem8getChildEv
                0x00000000       0x1e lebed_sel_tune.o
 .text._ZN9CMenuItem8resetCurEv
                0x00000000       0x10 lebed_sel_tune.o
 .text._ZN9CMenuItem9setOkFuncEPFvPS_E
                0x00000000        0xc lebed_sel_tune.o
 .text._ZN9CMenuItem11setDrawFuncEPFvPS_E
                0x00000000        0xc lebed_sel_tune.o
 .text._ZN9CMenuItem10setEscFuncEPFvPS_E
                0x00000000        0xc lebed_sel_tune.o
 .text._ZN9CMenuItem11setLeftFuncEPFvPS_E
                0x00000000        0xc lebed_sel_tune.o
 .text._ZN9CMenuItem12setRightFuncEPFvPS_E
                0x00000000        0xc lebed_sel_tune.o
 .text._ZN9CMenuItem9setUpFuncEPFvPS_E
                0x00000000        0xc lebed_sel_tune.o
 .text._ZN9CMenuItem11setDownFuncEPFvPS_E
                0x00000000        0xc lebed_sel_tune.o
 .text._Z7InitPrkv
                0x00000000       0x78 lebed_sel_tune.o
 .text._Z11SetOTPLinesv
                0x00000000        0x2 lebed_sel_tune.o
 .text.exit._GLOBAL__sub_D__Z11noEventMenuP9CMenuItem
                0x00000000        0x2 lebed_sel_tune.o
 .data.g_hex    0x00000000       0x11 lebed_sel_tune.o
 .bss.g_comNumOfByte
                0x00000000        0x2 lebed_sel_tune.o
 .text          0x00000000        0x0 PWC.o
 .data          0x00000000        0x0 PWC.o
 .bss           0x00000000        0x0 PWC.o
 .debug_info    0x00000000       0x70 PWC.o
 .debug_abbrev  0x00000000       0x2d PWC.o
 .debug_aranges
                0x00000000       0x18 PWC.o
 .debug_line    0x00000000       0x1a PWC.o
 .debug_str     0x00000000      0x1cb PWC.o
 .comment       0x00000000       0x31 PWC.o
 .text          0x00000000        0x0 selector_control.o
 .data          0x00000000        0x0 selector_control.o
 .bss           0x00000000        0x0 selector_control.o
 .text._Z7SetCLKKc
                0x00000000       0x18 selector_control.o
 .text._Z7SetCLKSc
                0x00000000       0x18 selector_control.o
 .text._Z7SetDATAc
                0x00000000       0x18 selector_control.o
 .text          0x00000000        0x0 uart.o
 .data          0x00000000        0x0 uart.o
 .bss           0x00000000        0x0 uart.o
 .debug_line    0x00000000        0x0 uart.o
 .debug_str     0x00000000        0x0 uart.o
 .comment       0x00000000       0x31 uart.o
 .text          0x00000000        0x0 ZSelControl.o
 .data          0x00000000        0x0 ZSelControl.o
 .bss           0x00000000        0x0 ZSelControl.o
 .text._Z8InitZselv
                0x00000000       0x1e ZSelControl.o
 .rodata        0x00000000        0x8 ZSelControl.o
 .text._Z8TestZselc
                0x00000000      0x146 ZSelControl.o
 .data.hex      0x00000000       0x11 ZSelControl.o
 .text          0x00000000        0x0 _StackInstrument.o
 .data          0x00000000        0x0 _StackInstrument.o
 .bss           0x00000000        0x0 _StackInstrument.o
 .text          0x00000000        0x0 c:/program files (x86)/atmel/atmel toolchain/avr8 gcc/native/3.4.1061/avr8-gnu-toolchain/bin/../lib/gcc/avr/4.8.1/avr51\libgcc.a(_udivmodqi4.o)
 .data          0x00000000        0x0 c:/program files (x86)/atmel/atmel toolchain/avr8 gcc/native/3.4.1061/avr8-gnu-toolchain/bin/../lib/gcc/avr/4.8.1/avr51\libgcc.a(_udivmodqi4.o)
 .bss           0x00000000        0x0 c:/program files (x86)/atmel/atmel toolchain/avr8 gcc/native/3.4.1061/avr8-gnu-toolchain/bin/../lib/gcc/avr/4.8.1/avr51\libgcc.a(_udivmodqi4.o)
 .text.libgcc.mul
                0x00000000        0x0 c:/program files (x86)/atmel/atmel toolchain/avr8 gcc/native/3.4.1061/avr8-gnu-toolchain/bin/../lib/gcc/avr/4.8.1/avr51\libgcc.a(_udivmodqi4.o)
 .text.libgcc   0x00000000        0x0 c:/program files (x86)/atmel/atmel toolchain/avr8 gcc/native/3.4.1061/avr8-gnu-toolchain/bin/../lib/gcc/avr/4.8.1/avr51\libgcc.a(_udivmodqi4.o)
 .text.libgcc.prologue
                0x00000000        0x0 c:/program files (x86)/atmel/atmel toolchain/avr8 gcc/native/3.4.1061/avr8-gnu-toolchain/bin/../lib/gcc/avr/4.8.1/avr51\libgcc.a(_udivmodqi4.o)
 .text.libgcc.builtins
                0x00000000        0x0 c:/program files (x86)/atmel/atmel toolchain/avr8 gcc/native/3.4.1061/avr8-gnu-toolchain/bin/../lib/gcc/avr/4.8.1/avr51\libgcc.a(_udivmodqi4.o)
 .text.libgcc.fmul
                0x00000000        0x0 c:/program files (x86)/atmel/atmel toolchain/avr8 gcc/native/3.4.1061/avr8-gnu-toolchain/bin/../lib/gcc/avr/4.8.1/avr51\libgcc.a(_udivmodqi4.o)
 .text.libgcc.fixed
                0x00000000        0x0 c:/program files (x86)/atmel/atmel toolchain/avr8 gcc/native/3.4.1061/avr8-gnu-toolchain/bin/../lib/gcc/avr/4.8.1/avr51\libgcc.a(_udivmodqi4.o)
 .text          0x00000000        0x0 c:/program files (x86)/atmel/atmel toolchain/avr8 gcc/native/3.4.1061/avr8-gnu-toolchain/bin/../lib/gcc/avr/4.8.1/avr51\libgcc.a(_udivmodhi4.o)
 .data          0x00000000        0x0 c:/program files (x86)/atmel/atmel toolchain/avr8 gcc/native/3.4.1061/avr8-gnu-toolchain/bin/../lib/gcc/avr/4.8.1/avr51\libgcc.a(_udivmodhi4.o)
 .bss           0x00000000        0x0 c:/program files (x86)/atmel/atmel toolchain/avr8 gcc/native/3.4.1061/avr8-gnu-toolchain/bin/../lib/gcc/avr/4.8.1/avr51\libgcc.a(_udivmodhi4.o)
 .text.libgcc.mul
                0x00000000        0x0 c:/program files (x86)/atmel/atmel toolchain/avr8 gcc/native/3.4.1061/avr8-gnu-toolchain/bin/../lib/gcc/avr/4.8.1/avr51\libgcc.a(_udivmodhi4.o)
 .text.libgcc   0x00000000        0x0 c:/program files (x86)/atmel/atmel toolchain/avr8 gcc/native/3.4.1061/avr8-gnu-toolchain/bin/../lib/gcc/avr/4.8.1/avr51\libgcc.a(_udivmodhi4.o)
 .text.libgcc.prologue
                0x00000000        0x0 c:/program files (x86)/atmel/atmel toolchain/avr8 gcc/native/3.4.1061/avr8-gnu-toolchain/bin/../lib/gcc/avr/4.8.1/avr51\libgcc.a(_udivmodhi4.o)
 .text.libgcc.builtins
                0x00000000        0x0 c:/program files (x86)/atmel/atmel toolchain/avr8 gcc/native/3.4.1061/avr8-gnu-toolchain/bin/../lib/gcc/avr/4.8.1/avr51\libgcc.a(_udivmodhi4.o)
 .text.libgcc.fmul
                0x00000000        0x0 c:/program files (x86)/atmel/atmel toolchain/avr8 gcc/native/3.4.1061/avr8-gnu-toolchain/bin/../lib/gcc/avr/4.8.1/avr51\libgcc.a(_udivmodhi4.o)
 .text.libgcc.fixed
                0x00000000        0x0 c:/program files (x86)/atmel/atmel toolchain/avr8 gcc/native/3.4.1061/avr8-gnu-toolchain/bin/../lib/gcc/avr/4.8.1/avr51\libgcc.a(_udivmodhi4.o)
 .text          0x00000000        0x0 c:/program files (x86)/atmel/atmel toolchain/avr8 gcc/native/3.4.1061/avr8-gnu-toolchain/bin/../lib/gcc/avr/4.8.1/avr51\libgcc.a(_divmodhi4.o)
 .data          0x00000000        0x0 c:/program files (x86)/atmel/atmel toolchain/avr8 gcc/native/3.4.1061/avr8-gnu-toolchain/bin/../lib/gcc/avr/4.8.1/avr51\libgcc.a(_divmodhi4.o)
 .bss           0x00000000        0x0 c:/program files (x86)/atmel/atmel toolchain/avr8 gcc/native/3.4.1061/avr8-gnu-toolchain/bin/../lib/gcc/avr/4.8.1/avr51\libgcc.a(_divmodhi4.o)
 .text.libgcc.mul
                0x00000000        0x0 c:/program files (x86)/atmel/atmel toolchain/avr8 gcc/native/3.4.1061/avr8-gnu-toolchain/bin/../lib/gcc/avr/4.8.1/avr51\libgcc.a(_divmodhi4.o)
 .text.libgcc   0x00000000        0x0 c:/program files (x86)/atmel/atmel toolchain/avr8 gcc/native/3.4.1061/avr8-gnu-toolchain/bin/../lib/gcc/avr/4.8.1/avr51\libgcc.a(_divmodhi4.o)
 .text.libgcc.prologue
                0x00000000        0x0 c:/program files (x86)/atmel/atmel toolchain/avr8 gcc/native/3.4.1061/avr8-gnu-toolchain/bin/../lib/gcc/avr/4.8.1/avr51\libgcc.a(_divmodhi4.o)
 .text.libgcc.builtins
                0x00000000        0x0 c:/program files (x86)/atmel/atmel toolchain/avr8 gcc/native/3.4.1061/avr8-gnu-toolchain/bin/../lib/gcc/avr/4.8.1/avr51\libgcc.a(_divmodhi4.o)
 .text.libgcc.fmul
                0x00000000        0x0 c:/program files (x86)/atmel/atmel toolchain/avr8 gcc/native/3.4.1061/avr8-gnu-toolchain/bin/../lib/gcc/avr/4.8.1/avr51\libgcc.a(_divmodhi4.o)
 .text.libgcc.fixed
                0x00000000        0x0 c:/program files (x86)/atmel/atmel toolchain/avr8 gcc/native/3.4.1061/avr8-gnu-toolchain/bin/../lib/gcc/avr/4.8.1/avr51\libgcc.a(_divmodhi4.o)
 .text          0x00000000        0x0 c:/program files (x86)/atmel/atmel toolchain/avr8 gcc/native/3.4.1061/avr8-gnu-toolchain/bin/../lib/gcc/avr/4.8.1/avr51\libgcc.a(_exit.o)
 .data          0x00000000        0x0 c:/program files (x86)/atmel/atmel toolchain/avr8 gcc/native/3.4.1061/avr8-gnu-toolchain/bin/../lib/gcc/avr/4.8.1/avr51\libgcc.a(_exit.o)
 .bss           0x00000000        0x0 c:/program files (x86)/atmel/atmel toolchain/avr8 gcc/native/3.4.1061/avr8-gnu-toolchain/bin/../lib/gcc/avr/4.8.1/avr51\libgcc.a(_exit.o)
 .text.libgcc.mul
                0x00000000        0x0 c:/program files (x86)/atmel/atmel toolchain/avr8 gcc/native/3.4.1061/avr8-gnu-toolchain/bin/../lib/gcc/avr/4.8.1/avr51\libgcc.a(_exit.o)
 .text.libgcc.div
                0x00000000        0x0 c:/program files (x86)/atmel/atmel toolchain/avr8 gcc/native/3.4.1061/avr8-gnu-toolchain/bin/../lib/gcc/avr/4.8.1/avr51\libgcc.a(_exit.o)
 .text.libgcc   0x00000000        0x0 c:/program files (x86)/atmel/atmel toolchain/avr8 gcc/native/3.4.1061/avr8-gnu-toolchain/bin/../lib/gcc/avr/4.8.1/avr51\libgcc.a(_exit.o)
 .text.libgcc.prologue
                0x00000000        0x0 c:/program files (x86)/atmel/atmel toolchain/avr8 gcc/native/3.4.1061/avr8-gnu-toolchain/bin/../lib/gcc/avr/4.8.1/avr51\libgcc.a(_exit.o)
 .text.libgcc.builtins
                0x00000000        0x0 c:/program files (x86)/atmel/atmel toolchain/avr8 gcc/native/3.4.1061/avr8-gnu-toolchain/bin/../lib/gcc/avr/4.8.1/avr51\libgcc.a(_exit.o)
 .text.libgcc.fmul
                0x00000000        0x0 c:/program files (x86)/atmel/atmel toolchain/avr8 gcc/native/3.4.1061/avr8-gnu-toolchain/bin/../lib/gcc/avr/4.8.1/avr51\libgcc.a(_exit.o)
 .text.libgcc.fixed
                0x00000000        0x0 c:/program files (x86)/atmel/atmel toolchain/avr8 gcc/native/3.4.1061/avr8-gnu-toolchain/bin/../lib/gcc/avr/4.8.1/avr51\libgcc.a(_exit.o)
 .text          0x00000000        0x0 c:/program files (x86)/atmel/atmel toolchain/avr8 gcc/native/3.4.1061/avr8-gnu-toolchain/bin/../lib/gcc/avr/4.8.1/avr51\libgcc.a(_copy_data.o)
 .data          0x00000000        0x0 c:/program files (x86)/atmel/atmel toolchain/avr8 gcc/native/3.4.1061/avr8-gnu-toolchain/bin/../lib/gcc/avr/4.8.1/avr51\libgcc.a(_copy_data.o)
 .bss           0x00000000        0x0 c:/program files (x86)/atmel/atmel toolchain/avr8 gcc/native/3.4.1061/avr8-gnu-toolchain/bin/../lib/gcc/avr/4.8.1/avr51\libgcc.a(_copy_data.o)
 .text.libgcc.mul
                0x00000000        0x0 c:/program files (x86)/atmel/atmel toolchain/avr8 gcc/native/3.4.1061/avr8-gnu-toolchain/bin/../lib/gcc/avr/4.8.1/avr51\libgcc.a(_copy_data.o)
 .text.libgcc.div
                0x00000000        0x0 c:/program files (x86)/atmel/atmel toolchain/avr8 gcc/native/3.4.1061/avr8-gnu-toolchain/bin/../lib/gcc/avr/4.8.1/avr51\libgcc.a(_copy_data.o)
 .text.libgcc   0x00000000        0x0 c:/program files (x86)/atmel/atmel toolchain/avr8 gcc/native/3.4.1061/avr8-gnu-toolchain/bin/../lib/gcc/avr/4.8.1/avr51\libgcc.a(_copy_data.o)
 .text.libgcc.prologue
                0x00000000        0x0 c:/program files (x86)/atmel/atmel toolchain/avr8 gcc/native/3.4.1061/avr8-gnu-toolchain/bin/../lib/gcc/avr/4.8.1/avr51\libgcc.a(_copy_data.o)
 .text.libgcc.builtins
                0x00000000        0x0 c:/program files (x86)/atmel/atmel toolchain/avr8 gcc/native/3.4.1061/avr8-gnu-toolchain/bin/../lib/gcc/avr/4.8.1/avr51\libgcc.a(_copy_data.o)
 .text.libgcc.fmul
                0x00000000        0x0 c:/program files (x86)/atmel/atmel toolchain/avr8 gcc/native/3.4.1061/avr8-gnu-toolchain/bin/../lib/gcc/avr/4.8.1/avr51\libgcc.a(_copy_data.o)
 .text.libgcc.fixed
                0x00000000        0x0 c:/program files (x86)/atmel/atmel toolchain/avr8 gcc/native/3.4.1061/avr8-gnu-toolchain/bin/../lib/gcc/avr/4.8.1/avr51\libgcc.a(_copy_data.o)
 .text          0x00000000        0x0 c:/program files (x86)/atmel/atmel toolchain/avr8 gcc/native/3.4.1061/avr8-gnu-toolchain/bin/../lib/gcc/avr/4.8.1/avr51\libgcc.a(_clear_bss.o)
 .data          0x00000000        0x0 c:/program files (x86)/atmel/atmel toolchain/avr8 gcc/native/3.4.1061/avr8-gnu-toolchain/bin/../lib/gcc/avr/4.8.1/avr51\libgcc.a(_clear_bss.o)
 .bss           0x00000000        0x0 c:/program files (x86)/atmel/atmel toolchain/avr8 gcc/native/3.4.1061/avr8-gnu-toolchain/bin/../lib/gcc/avr/4.8.1/avr51\libgcc.a(_clear_bss.o)
 .text.libgcc.mul
                0x00000000        0x0 c:/program files (x86)/atmel/atmel toolchain/avr8 gcc/native/3.4.1061/avr8-gnu-toolchain/bin/../lib/gcc/avr/4.8.1/avr51\libgcc.a(_clear_bss.o)
 .text.libgcc.div
                0x00000000        0x0 c:/program files (x86)/atmel/atmel toolchain/avr8 gcc/native/3.4.1061/avr8-gnu-toolchain/bin/../lib/gcc/avr/4.8.1/avr51\libgcc.a(_clear_bss.o)
 .text.libgcc   0x00000000        0x0 c:/program files (x86)/atmel/atmel toolchain/avr8 gcc/native/3.4.1061/avr8-gnu-toolchain/bin/../lib/gcc/avr/4.8.1/avr51\libgcc.a(_clear_bss.o)
 .text.libgcc.prologue
                0x00000000        0x0 c:/program files (x86)/atmel/atmel toolchain/avr8 gcc/native/3.4.1061/avr8-gnu-toolchain/bin/../lib/gcc/avr/4.8.1/avr51\libgcc.a(_clear_bss.o)
 .text.libgcc.builtins
                0x00000000        0x0 c:/program files (x86)/atmel/atmel toolchain/avr8 gcc/native/3.4.1061/avr8-gnu-toolchain/bin/../lib/gcc/avr/4.8.1/avr51\libgcc.a(_clear_bss.o)
 .text.libgcc.fmul
                0x00000000        0x0 c:/program files (x86)/atmel/atmel toolchain/avr8 gcc/native/3.4.1061/avr8-gnu-toolchain/bin/../lib/gcc/avr/4.8.1/avr51\libgcc.a(_clear_bss.o)
 .text.libgcc.fixed
                0x00000000        0x0 c:/program files (x86)/atmel/atmel toolchain/avr8 gcc/native/3.4.1061/avr8-gnu-toolchain/bin/../lib/gcc/avr/4.8.1/avr51\libgcc.a(_clear_bss.o)
 .text          0x00000000        0x0 c:/program files (x86)/atmel/atmel toolchain/avr8 gcc/native/3.4.1061/avr8-gnu-toolchain/bin/../lib/gcc/avr/4.8.1/avr51\libgcc.a(_ctors.o)
 .data          0x00000000        0x0 c:/program files (x86)/atmel/atmel toolchain/avr8 gcc/native/3.4.1061/avr8-gnu-toolchain/bin/../lib/gcc/avr/4.8.1/avr51\libgcc.a(_ctors.o)
 .bss           0x00000000        0x0 c:/program files (x86)/atmel/atmel toolchain/avr8 gcc/native/3.4.1061/avr8-gnu-toolchain/bin/../lib/gcc/avr/4.8.1/avr51\libgcc.a(_ctors.o)
 .text.libgcc.mul
                0x00000000        0x0 c:/program files (x86)/atmel/atmel toolchain/avr8 gcc/native/3.4.1061/avr8-gnu-toolchain/bin/../lib/gcc/avr/4.8.1/avr51\libgcc.a(_ctors.o)
 .text.libgcc.div
                0x00000000        0x0 c:/program files (x86)/atmel/atmel toolchain/avr8 gcc/native/3.4.1061/avr8-gnu-toolchain/bin/../lib/gcc/avr/4.8.1/avr51\libgcc.a(_ctors.o)
 .text.libgcc   0x00000000        0x0 c:/program files (x86)/atmel/atmel toolchain/avr8 gcc/native/3.4.1061/avr8-gnu-toolchain/bin/../lib/gcc/avr/4.8.1/avr51\libgcc.a(_ctors.o)
 .text.libgcc.prologue
                0x00000000        0x0 c:/program files (x86)/atmel/atmel toolchain/avr8 gcc/native/3.4.1061/avr8-gnu-toolchain/bin/../lib/gcc/avr/4.8.1/avr51\libgcc.a(_ctors.o)
 .text.libgcc.builtins
                0x00000000        0x0 c:/program files (x86)/atmel/atmel toolchain/avr8 gcc/native/3.4.1061/avr8-gnu-toolchain/bin/../lib/gcc/avr/4.8.1/avr51\libgcc.a(_ctors.o)
 .text.libgcc.fmul
                0x00000000        0x0 c:/program files (x86)/atmel/atmel toolchain/avr8 gcc/native/3.4.1061/avr8-gnu-toolchain/bin/../lib/gcc/avr/4.8.1/avr51\libgcc.a(_ctors.o)
 .text.libgcc.fixed
                0x00000000        0x0 c:/program files (x86)/atmel/atmel toolchain/avr8 gcc/native/3.4.1061/avr8-gnu-toolchain/bin/../lib/gcc/avr/4.8.1/avr51\libgcc.a(_ctors.o)
 .text          0x00000000        0x0 c:/program files (x86)/atmel/atmel toolchain/avr8 gcc/native/3.4.1061/avr8-gnu-toolchain/bin/../lib/gcc/avr/4.8.1/avr51\libgcc.a(_tablejump_elpm.o)
 .data          0x00000000        0x0 c:/program files (x86)/atmel/atmel toolchain/avr8 gcc/native/3.4.1061/avr8-gnu-toolchain/bin/../lib/gcc/avr/4.8.1/avr51\libgcc.a(_tablejump_elpm.o)
 .bss           0x00000000        0x0 c:/program files (x86)/atmel/atmel toolchain/avr8 gcc/native/3.4.1061/avr8-gnu-toolchain/bin/../lib/gcc/avr/4.8.1/avr51\libgcc.a(_tablejump_elpm.o)
 .text.libgcc.mul
                0x00000000        0x0 c:/program files (x86)/atmel/atmel toolchain/avr8 gcc/native/3.4.1061/avr8-gnu-toolchain/bin/../lib/gcc/avr/4.8.1/avr51\libgcc.a(_tablejump_elpm.o)
 .text.libgcc.div
                0x00000000        0x0 c:/program files (x86)/atmel/atmel toolchain/avr8 gcc/native/3.4.1061/avr8-gnu-toolchain/bin/../lib/gcc/avr/4.8.1/avr51\libgcc.a(_tablejump_elpm.o)
 .text.libgcc.prologue
                0x00000000        0x0 c:/program files (x86)/atmel/atmel toolchain/avr8 gcc/native/3.4.1061/avr8-gnu-toolchain/bin/../lib/gcc/avr/4.8.1/avr51\libgcc.a(_tablejump_elpm.o)
 .text.libgcc.builtins
                0x00000000        0x0 c:/program files (x86)/atmel/atmel toolchain/avr8 gcc/native/3.4.1061/avr8-gnu-toolchain/bin/../lib/gcc/avr/4.8.1/avr51\libgcc.a(_tablejump_elpm.o)
 .text.libgcc.fmul
                0x00000000        0x0 c:/program files (x86)/atmel/atmel toolchain/avr8 gcc/native/3.4.1061/avr8-gnu-toolchain/bin/../lib/gcc/avr/4.8.1/avr51\libgcc.a(_tablejump_elpm.o)
 .text.libgcc.fixed
                0x00000000        0x0 c:/program files (x86)/atmel/atmel toolchain/avr8 gcc/native/3.4.1061/avr8-gnu-toolchain/bin/../lib/gcc/avr/4.8.1/avr51\libgcc.a(_tablejump_elpm.o)
 .text          0x00000000        0x0 c:/program files (x86)/atmel/atmel toolchain/avr8 gcc/native/3.4.1061/avr8-gnu-toolchain/bin/../lib/gcc/avr/4.8.1/../../../../avr/lib/avr51\libc.a(memchr_P.o)
 .data          0x00000000        0x0 c:/program files (x86)/atmel/atmel toolchain/avr8 gcc/native/3.4.1061/avr8-gnu-toolchain/bin/../lib/gcc/avr/4.8.1/../../../../avr/lib/avr51\libc.a(memchr_P.o)
 .bss           0x00000000        0x0 c:/program files (x86)/atmel/atmel toolchain/avr8 gcc/native/3.4.1061/avr8-gnu-toolchain/bin/../lib/gcc/avr/4.8.1/../../../../avr/lib/avr51\libc.a(memchr_P.o)
 .text          0x00000000        0x0 c:/program files (x86)/atmel/atmel toolchain/avr8 gcc/native/3.4.1061/avr8-gnu-toolchain/bin/../lib/gcc/avr/4.8.1/../../../../avr/lib/avr51\libc.a(memcmp.o)
 .data          0x00000000        0x0 c:/program files (x86)/atmel/atmel toolchain/avr8 gcc/native/3.4.1061/avr8-gnu-toolchain/bin/../lib/gcc/avr/4.8.1/../../../../avr/lib/avr51\libc.a(memcmp.o)
 .bss           0x00000000        0x0 c:/program files (x86)/atmel/atmel toolchain/avr8 gcc/native/3.4.1061/avr8-gnu-toolchain/bin/../lib/gcc/avr/4.8.1/../../../../avr/lib/avr51\libc.a(memcmp.o)
 .text          0x00000000        0x0 c:/program files (x86)/atmel/atmel toolchain/avr8 gcc/native/3.4.1061/avr8-gnu-toolchain/bin/../lib/gcc/avr/4.8.1/../../../../avr/lib/avr51\libc.a(memcpy.o)
 .data          0x00000000        0x0 c:/program files (x86)/atmel/atmel toolchain/avr8 gcc/native/3.4.1061/avr8-gnu-toolchain/bin/../lib/gcc/avr/4.8.1/../../../../avr/lib/avr51\libc.a(memcpy.o)
 .bss           0x00000000        0x0 c:/program files (x86)/atmel/atmel toolchain/avr8 gcc/native/3.4.1061/avr8-gnu-toolchain/bin/../lib/gcc/avr/4.8.1/../../../../avr/lib/avr51\libc.a(memcpy.o)
 .text          0x00000000        0x0 c:/program files (x86)/atmel/atmel toolchain/avr8 gcc/native/3.4.1061/avr8-gnu-toolchain/bin/../lib/gcc/avr/4.8.1/../../../../avr/lib/avr51\libc.a(strchr.o)
 .data          0x00000000        0x0 c:/program files (x86)/atmel/atmel toolchain/avr8 gcc/native/3.4.1061/avr8-gnu-toolchain/bin/../lib/gcc/avr/4.8.1/../../../../avr/lib/avr51\libc.a(strchr.o)
 .bss           0x00000000        0x0 c:/program files (x86)/atmel/atmel toolchain/avr8 gcc/native/3.4.1061/avr8-gnu-toolchain/bin/../lib/gcc/avr/4.8.1/../../../../avr/lib/avr51\libc.a(strchr.o)
 .text          0x00000000        0x0 c:/program files (x86)/atmel/atmel toolchain/avr8 gcc/native/3.4.1061/avr8-gnu-toolchain/bin/../lib/gcc/avr/4.8.1/../../../../avr/lib/avr51\libc.a(eerd_block_atmega128.o)
 .data          0x00000000        0x0 c:/program files (x86)/atmel/atmel toolchain/avr8 gcc/native/3.4.1061/avr8-gnu-toolchain/bin/../lib/gcc/avr/4.8.1/../../../../avr/lib/avr51\libc.a(eerd_block_atmega128.o)
 .bss           0x00000000        0x0 c:/program files (x86)/atmel/atmel toolchain/avr8 gcc/native/3.4.1061/avr8-gnu-toolchain/bin/../lib/gcc/avr/4.8.1/../../../../avr/lib/avr51\libc.a(eerd_block_atmega128.o)
 .text          0x00000000        0x0 c:/program files (x86)/atmel/atmel toolchain/avr8 gcc/native/3.4.1061/avr8-gnu-toolchain/bin/../lib/gcc/avr/4.8.1/../../../../avr/lib/avr51\libc.a(eeupd_block_atmega128.o)
 .data          0x00000000        0x0 c:/program files (x86)/atmel/atmel toolchain/avr8 gcc/native/3.4.1061/avr8-gnu-toolchain/bin/../lib/gcc/avr/4.8.1/../../../../avr/lib/avr51\libc.a(eeupd_block_atmega128.o)
 .bss           0x00000000        0x0 c:/program files (x86)/atmel/atmel toolchain/avr8 gcc/native/3.4.1061/avr8-gnu-toolchain/bin/../lib/gcc/avr/4.8.1/../../../../avr/lib/avr51\libc.a(eeupd_block_atmega128.o)
 .text          0x00000000        0x0 c:/program files (x86)/atmel/atmel toolchain/avr8 gcc/native/3.4.1061/avr8-gnu-toolchain/bin/../lib/gcc/avr/4.8.1/../../../../avr/lib/avr51\libc.a(eeupd_byte_atmega128.o)
 .data          0x00000000        0x0 c:/program files (x86)/atmel/atmel toolchain/avr8 gcc/native/3.4.1061/avr8-gnu-toolchain/bin/../lib/gcc/avr/4.8.1/../../../../avr/lib/avr51\libc.a(eeupd_byte_atmega128.o)
 .bss           0x00000000        0x0 c:/program files (x86)/atmel/atmel toolchain/avr8 gcc/native/3.4.1061/avr8-gnu-toolchain/bin/../lib/gcc/avr/4.8.1/../../../../avr/lib/avr51\libc.a(eeupd_byte_atmega128.o)

Memory Configuration

Name             Origin             Length             Attributes
text             0x00000000         0x00020000         xr
data             0x00800100         0x0000ff00         rw !x
eeprom           0x00810000         0x00010000         rw !x
fuse             0x00820000         0x00000400         rw !x
lock             0x00830000         0x00000400         rw !x
signature        0x00840000         0x00000400         rw !x
user_signatures  0x00850000         0x00000400         rw !x
*default*        0x00000000         0xffffffff

Linker script and memory map

Address of section .data set to 0x800100
LOAD c:/program files (x86)/atmel/atmel toolchain/avr8 gcc/native/3.4.1061/avr8-gnu-toolchain/bin/../lib/gcc/avr/4.8.1/../../../../avr/lib/avr51/crtm128.o
LOAD adc.o
LOAD altera.o
LOAD flashiic.o
LOAD i2c.o
LOAD keyboard.o
LOAD lcd.o
LOAD lebed_sel_tune.o
LOAD PWC.o
LOAD selector_control.o
LOAD uart.o
LOAD ZSelControl.o
LOAD _StackInstrument.o
START GROUP
LOAD c:/program files (x86)/atmel/atmel toolchain/avr8 gcc/native/3.4.1061/avr8-gnu-toolchain/bin/../lib/gcc/avr/4.8.1/../../../../avr/lib/avr51\libm.a
END GROUP
Address of section .sel_tune_eeprom set to 0x810f00
LOAD c:/program files (x86)/atmel/atmel toolchain/avr8 gcc/native/3.4.1061/avr8-gnu-toolchain/bin/../lib/gcc/avr/4.8.1/avr51\libgcc.a
LOAD c:/program files (x86)/atmel/atmel toolchain/avr8 gcc/native/3.4.1061/avr8-gnu-toolchain/bin/../lib/gcc/avr/4.8.1/../../../../avr/lib/avr51\libm.a
START GROUP
LOAD c:/program files (x86)/atmel/atmel toolchain/avr8 gcc/native/3.4.1061/avr8-gnu-toolchain/bin/../lib/gcc/avr/4.8.1/avr51\libgcc.a
LOAD c:/program files (x86)/atmel/atmel toolchain/avr8 gcc/native/3.4.1061/avr8-gnu-toolchain/bin/../lib/gcc/avr/4.8.1/../../../../avr/lib/avr51\libm.a
LOAD c:/program files (x86)/atmel/atmel toolchain/avr8 gcc/native/3.4.1061/avr8-gnu-toolchain/bin/../lib/gcc/avr/4.8.1/../../../../avr/lib/avr51\libc.a
END GROUP

.hash
 *(.hash)

.dynsym
 *(.dynsym)

.dynstr
 *(.dynstr)

.gnu.version
 *(.gnu.version)

.gnu.version_d
 *(.gnu.version_d)

.gnu.version_r
 *(.gnu.version_r)

.rel.init
 *(.rel.init)

.rela.init
 *(.rela.init)

.rel.text
 *(.rel.text)
 *(.rel.text.*)
 *(.rel.gnu.linkonce.t*)

.rela.text
 *(.rela.text)
 *(.rela.text.*)
 *(.rela.gnu.linkonce.t*)

.rel.fini
 *(.rel.fini)

.rela.fini
 *(.rela.fini)

.rel.rodata
 *(.rel.rodata)
 *(.rel.rodata.*)
 *(.rel.gnu.linkonce.r*)

.rela.rodata
 *(.rela.rodata)
 *(.rela.rodata.*)
 *(.rela.gnu.linkonce.r*)

.rel.data
 *(.rel.data)
 *(.rel.data.*)
 *(.rel.gnu.linkonce.d*)

.rela.data
 *(.rela.data)
 *(.rela.data.*)
 *(.rela.gnu.linkonce.d*)

.rel.ctors
 *(.rel.ctors)

.rela.ctors
 *(.rela.ctors)

.rel.dtors
 *(.rel.dtors)

.rela.dtors
 *(.rela.dtors)

.rel.got
 *(.rel.got)

.rela.got
 *(.rela.got)

.rel.bss
 *(.rel.bss)

.rela.bss
 *(.rela.bss)

.rel.plt
 *(.rel.plt)

.rela.plt
 *(.rela.plt)

.text           0x00000000     0x38f2
 *(.vectors)
 .vectors       0x00000000       0x8c c:/program files (x86)/atmel/atmel toolchain/avr8 gcc/native/3.4.1061/avr8-gnu-toolchain/bin/../lib/gcc/avr/4.8.1/../../../../avr/lib/avr51/crtm128.o
                0x00000000                __vector_default
                0x00000000                __vectors
 *(.vectors)
 *(.progmem.gcc*)
                0x0000008c                . = ALIGN (0x2)
                0x0000008c                __trampolines_start = .
 *(.trampolines)
 .trampolines   0x0000008c        0x0 linker stubs
 *(.trampolines*)
                0x0000008c                __trampolines_end = .
 *(.progmem*)
 .progmem.data._ZL9ascii_lcd
                0x0000008c       0x40 lcd.o
 .progmem.data._ZL13g_commandFunc
                0x000000cc       0x20 lebed_sel_tune.o
 .progmem.data._ZL18g_comandLengthList
                0x000000ec       0x10 lebed_sel_tune.o
 .progmem.data._ZL12g_comandList
                0x000000fc       0x10 lebed_sel_tune.o
                0x0000010c                . = ALIGN (0x2)
 *(.jumptables)
 *(.jumptables*)
 *(.lowtext)
 *(.lowtext*)
                0x0000010c                __ctors_start = .
 *(.ctors)
 .ctors         0x0000010c        0x2 lebed_sel_tune.o
                0x0000010e                __ctors_end = .
                0x0000010e                __dtors_start = .
 *(.dtors)
                0x0000010e                __dtors_end = .
 SORT(*)(.ctors)
 SORT(*)(.dtors)
 *(.init0)
 .init0         0x0000010e        0x0 c:/program files (x86)/atmel/atmel toolchain/avr8 gcc/native/3.4.1061/avr8-gnu-toolchain/bin/../lib/gcc/avr/4.8.1/../../../../avr/lib/avr51/crtm128.o
                0x0000010e                __init
 *(.init0)
 *(.init1)
 .init1         0x0000010e       0x2e _StackInstrument.o
                0x0000010e                _StackPaint
 *(.init1)
 *(.init2)
 .init2         0x0000013c        0xc c:/program files (x86)/atmel/atmel toolchain/avr8 gcc/native/3.4.1061/avr8-gnu-toolchain/bin/../lib/gcc/avr/4.8.1/../../../../avr/lib/avr51/crtm128.o
 *(.init2)
 *(.init3)
 *(.init3)
 *(.init4)
 .init4         0x00000148       0x1a c:/program files (x86)/atmel/atmel toolchain/avr8 gcc/native/3.4.1061/avr8-gnu-toolchain/bin/../lib/gcc/avr/4.8.1/avr51\libgcc.a(_copy_data.o)
                0x00000148                __do_copy_data
 .init4         0x00000162       0x10 c:/program files (x86)/atmel/atmel toolchain/avr8 gcc/native/3.4.1061/avr8-gnu-toolchain/bin/../lib/gcc/avr/4.8.1/avr51\libgcc.a(_clear_bss.o)
                0x00000162                __do_clear_bss
 *(.init4)
 *(.init5)
 *(.init5)
 *(.init6)
 .init6         0x00000172       0x20 c:/program files (x86)/atmel/atmel toolchain/avr8 gcc/native/3.4.1061/avr8-gnu-toolchain/bin/../lib/gcc/avr/4.8.1/avr51\libgcc.a(_ctors.o)
                0x00000172                __do_global_ctors
 *(.init6)
 *(.init7)
 *(.init7)
 *(.init8)
 *(.init8)
 *(.init9)
 .init9         0x00000192        0x8 c:/program files (x86)/atmel/atmel toolchain/avr8 gcc/native/3.4.1061/avr8-gnu-toolchain/bin/../lib/gcc/avr/4.8.1/../../../../avr/lib/avr51/crtm128.o
 *(.init9)
 *(.text)
 .text          0x0000019a        0x2 c:/program files (x86)/atmel/atmel toolchain/avr8 gcc/native/3.4.1061/avr8-gnu-toolchain/bin/../lib/gcc/avr/4.8.1/../../../../avr/lib/avr51/crtm128.o
                0x0000019a                __vector_22
                0x0000019a                __vector_28
                0x0000019a                __vector_1
                0x0000019a                __vector_32
                0x0000019a                __vector_34
                0x0000019a                __vector_24
                0x0000019a                __vector_12
                0x0000019a                __bad_interrupt
                0x0000019a                __vector_6
                0x0000019a                __vector_31
                0x0000019a                __vector_3
                0x0000019a                __vector_23
                0x0000019a                __vector_30
                0x0000019a                __vector_25
                0x0000019a                __vector_11
                0x0000019a                __vector_13
                0x0000019a                __vector_17
                0x0000019a                __vector_19
                0x0000019a                __vector_7
                0x0000019a                __vector_27
                0x0000019a                __vector_5
                0x0000019a                __vector_33
                0x0000019a                __vector_4
                0x0000019a                __vector_9
                0x0000019a                __vector_2
                0x0000019a                __vector_21
                0x0000019a                __vector_15
                0x0000019a                __vector_29
                0x0000019a                __vector_8
                0x0000019a                __vector_26
                0x0000019a                __vector_14
                0x0000019a                __vector_10
                0x0000019a                __vector_16
                0x0000019a                __vector_20
                0x0000019c                . = ALIGN (0x2)
 *(.text.*)
 .text._Z8read_adch
                0x0000019c       0x1c adc.o
                0x0000019c                _Z8read_adch
 .text._Z15read_steady_adch
                0x000001b8       0x2e adc.o
                0x000001b8                _Z15read_steady_adch
 .text._Z23Write_Adress_SPI_ALTERAj
                0x000001e6       0x72 altera.o
                0x000001e6                _Z23Write_Adress_SPI_ALTERAj
 .text._Z21Write_DATA_SPI_ALTERAh
                0x00000258       0x6c altera.o
                0x00000258                _Z21Write_DATA_SPI_ALTERAh
 .text._Z20Read_DATA_SPI_ALTERAv
                0x000002c4       0x70 altera.o
                0x000002c4                _Z20Read_DATA_SPI_ALTERAv
 .text._Z14Write_ControlljPh
                0x00000334       0x4a altera.o
                0x00000334                _Z14Write_ControlljPh
 .text._Z13Read_ControlljPh
                0x0000037e       0x4a altera.o
                0x0000037e                _Z13Read_ControlljPh
 .text._Z6IndOfFj
                0x000003c8       0xfa flashiic.o
                0x000003c8                _Z6IndOfFj
 .text._Z10CharFtoIndPh
                0x000004c2       0x2a flashiic.o
                0x000004c2                _Z10CharFtoIndPh
 .text._Z10ErrorFlashv
                0x000004ec       0x1c flashiic.o
                0x000004ec                _Z10ErrorFlashv
 .text._Z18WriteData2FlashIICjPhh
                0x00000508       0x68 flashiic.o
                0x00000508                _Z18WriteData2FlashIICjPhh
 .text._Z17WriteLCAout2FlashjPh
                0x00000570        0x4 flashiic.o
                0x00000570                _Z17WriteLCAout2FlashjPh
 .text._Z17WriteDetCal2FlashjPh
                0x00000574        0x6 flashiic.o
                0x00000574                _Z17WriteDetCal2FlashjPh
 .text._Z18ReadDataInFlashIICPjPhh
                0x0000057a       0x80 flashiic.o
                0x0000057a                _Z18ReadDataInFlashIICPjPhh
 .text._Z19ReadLCAoutFromFlashjPh
                0x000005fa       0x20 flashiic.o
                0x000005fa                _Z19ReadLCAoutFromFlashjPh
 .text._Z17ReadDetCalInFlashjPh
                0x0000061a       0x22 flashiic.o
                0x0000061a                _Z17ReadDetCalInFlashjPh
 .text._Z8IICStartv
                0x0000063c       0x24 i2c.o
                0x0000063c                _Z8IICStartv
 .text._Z7IICStopv
                0x00000660       0x24 i2c.o
                0x00000660                _Z7IICStopv
 .text._Z6IICBitc
                0x00000684       0x40 i2c.o
                0x00000684                _Z6IICBitc
 .text._Z12IICByteWritec
                0x000006c4       0x10 i2c.o
                0x000006c4                _Z12IICByteWritec
 .text._Z11IICByteReadc
                0x000006d4       0x2a i2c.o
                0x000006d4                _Z11IICByteReadc
 .text._Z12InitKeyboardv
                0x000006fe        0x2 keyboard.o
                0x000006fe                _Z12InitKeyboardv
 .text._Z12ScanKeyboardPFvhE
                0x00000700       0x84 keyboard.o
                0x00000700                _Z12ScanKeyboardPFvhE
 .text._ZL8toggle_ev
                0x00000784        0xc lcd.o
 .text._ZL9lcd_writehh
                0x00000790       0x48 lcd.o
 .text._ZL8lcd_readh.constprop.0
                0x000007d8       0x32 lcd.o
 .text._ZL12lcd_waitbusyv
                0x0000080a        0xe lcd.o
 .text._Z11lcd_commandh
                0x00000818        0xe lcd.o
                0x00000818                _Z11lcd_commandh
 .text._Z10lcd_gotoxyhh
                0x00000826        0xc lcd.o
                0x00000826                _Z10lcd_gotoxyhh
 .text._Z10lcd_clrscrv
                0x00000832        0x4 lcd.o
                0x00000832                _Z10lcd_clrscrv
 .text._Z8lcd_putcc
                0x00000836       0x34 lcd.o
                0x00000836                _Z8lcd_putcc
 .text._Z8lcd_putsPKc
                0x0000086a       0x16 lcd.o
                0x0000086a                _Z8lcd_putsPKc
 .text._Z8lcd_inith
                0x00000880       0x56 lcd.o
                0x00000880                _Z8lcd_inith
 .text._Z14lcd_put_long_sPKc
                0x000008d6       0x4e lcd.o
                0x000008d6                _Z14lcd_put_long_sPKc
 .text._Z11noEventMenuP9CMenuItem
                0x00000924        0x2 lebed_sel_tune.o
                0x00000924                _Z11noEventMenuP9CMenuItem
 .text._Z9KeySelecth
                0x00000926       0x84 lebed_sel_tune.o
                0x00000926                _Z9KeySelecth
 .text._ZN9CMenuItem9initClassEPcS0_PS_PS1_cPFvS1_ES4_S4_S4_S4_S4_S4_cS0_cS0_
                0x000009aa      0x1b6 lebed_sel_tune.o
                0x000009aa                _ZN9CMenuItem9initClassEPcS0_PS_PS1_cPFvS1_ES4_S4_S4_S4_S4_S4_cS0_cS0_
 .text._Z41__static_initialization_and_destruction_0ii.part.5
                0x00000b60      0x476 lebed_sel_tune.o
 .text._ZN9CMenuItem17getCursorPositionEv
                0x00000fd6       0x32 lebed_sel_tune.o
                0x00000fd6                _ZN9CMenuItem17getCursorPositionEv
 .text._ZN9CMenuItem10incrCurPosEv
                0x00001008       0x34 lebed_sel_tune.o
                0x00001008                _ZN9CMenuItem10incrCurPosEv
 .text._ZN9CMenuItem10decrCurPosEv
                0x0000103c       0x2c lebed_sel_tune.o
                0x0000103c                _ZN9CMenuItem10decrCurPosEv
 .text._ZN9CMenuItem9changeRowEv
                0x00001068       0x3e lebed_sel_tune.o
                0x00001068                _ZN9CMenuItem9changeRowEv
 .text._ZN9CMenuItem4drawEv
                0x000010a6        0xe lebed_sel_tune.o
                0x000010a6                _ZN9CMenuItem4drawEv
 .text._Z9rightFuncP9CMenuItem
                0x000010b4       0x40 lebed_sel_tune.o
                0x000010b4                _Z9rightFuncP9CMenuItem
 .text._Z17rightFuncZselItemP9CMenuItem
                0x000010f4       0x5c lebed_sel_tune.o
                0x000010f4                _Z17rightFuncZselItemP9CMenuItem
 .text._Z8leftFuncP9CMenuItem
                0x00001150       0x22 lebed_sel_tune.o
                0x00001150                _Z8leftFuncP9CMenuItem
 .text._Z16leftFuncZselItemP9CMenuItem
                0x00001172       0x5c lebed_sel_tune.o
                0x00001172                _Z16leftFuncZselItemP9CMenuItem
 .text._Z7escFuncP9CMenuItem
                0x000011ce       0xfe lebed_sel_tune.o
                0x000011ce                _Z7escFuncP9CMenuItem
 .text._Z14escFuncPrkMenuP9CMenuItem
                0x000012cc       0x60 lebed_sel_tune.o
                0x000012cc                _Z14escFuncPrkMenuP9CMenuItem
 .text._Z13upFuncPrkMenuP9CMenuItem
                0x0000132c       0x8a lebed_sel_tune.o
                0x0000132c                _Z13upFuncPrkMenuP9CMenuItem
 .text._Z15downFuncPrkMenuP9CMenuItem
                0x000013b6       0x8c lebed_sel_tune.o
                0x000013b6                _Z15downFuncPrkMenuP9CMenuItem
 .text._Z10escFuncLCAP9CMenuItem
                0x00001442       0x10 lebed_sel_tune.o
                0x00001442                _Z10escFuncLCAP9CMenuItem
 .text._Z15escFuncZselMenuP9CMenuItem
                0x00001452       0x44 lebed_sel_tune.o
                0x00001452                _Z15escFuncZselMenuP9CMenuItem
 .text._Z17SaveStateToEEPROMP12StateOfPlatePv
                0x00001496        0x8 lebed_sel_tune.o
                0x00001496                _Z17SaveStateToEEPROMP12StateOfPlatePv
 .text._Z13okFuncPrkMenuP9CMenuItem
                0x0000149e       0x3a lebed_sel_tune.o
                0x0000149e                _Z13okFuncPrkMenuP9CMenuItem
 .text._Z14upFuncZselMenuP9CMenuItem
                0x000014d8      0x1aa lebed_sel_tune.o
                0x000014d8                _Z14upFuncZselMenuP9CMenuItem
 .text._Z16downFuncZselMenuP9CMenuItem
                0x00001682      0x1b0 lebed_sel_tune.o
                0x00001682                _Z16downFuncZselMenuP9CMenuItem
 .text._Z19ReadStateFromEEPROMP12StateOfPlatePv
                0x00001832        0x8 lebed_sel_tune.o
                0x00001832                _Z19ReadStateFromEEPROMP12StateOfPlatePv
 .text._Z11Str2DrawStrPhS_S_
                0x0000183a       0x54 lebed_sel_tune.o
                0x0000183a                _Z11Str2DrawStrPhS_S_
 .text._Z9DrawOnLCDPh
                0x0000188e       0x44 lebed_sel_tune.o
                0x0000188e                _Z9DrawOnLCDPh
 .text._Z16drawFuncMainMenuP9CMenuItem
                0x000018d2      0x136 lebed_sel_tune.o
                0x000018d2                _Z16drawFuncMainMenuP9CMenuItem
 .text._Z15drawFuncPrkMenuP9CMenuItem
                0x00001a08      0x184 lebed_sel_tune.o
                0x00001a08                _Z15drawFuncPrkMenuP9CMenuItem
 .text._Z16drawFuncZselMenuP9CMenuItem
                0x00001b8c      0x2da lebed_sel_tune.o
                0x00001b8c                _Z16drawFuncZselMenuP9CMenuItem
 .text._Z11reverseBitsjPj
                0x00001e66       0x4e lebed_sel_tune.o
                0x00001e66                _Z11reverseBitsjPj
 .text._Z7LCA2outjhjhhPj
                0x00001eb4       0xcc lebed_sel_tune.o
                0x00001eb4                _Z7LCA2outjhjhhPj
 .text._Z10outLCA2LCAPjPhS_S0_S0_S_
                0x00001f80       0xba lebed_sel_tune.o
                0x00001f80                _Z10outLCA2LCAPjPhS_S0_S0_S_
 .text._Z15drawFuncLCAMenuP9CMenuItem
                0x0000203a      0x304 lebed_sel_tune.o
                0x0000203a                _Z15drawFuncLCAMenuP9CMenuItem
 .text._Z8InitUartv
                0x0000233e       0x4e lebed_sel_tune.o
                0x0000233e                _Z8InitUartv
 .text._Z12SendCOMBytesPhc
                0x0000238c       0x1c lebed_sel_tune.o
                0x0000238c                _Z12SendCOMBytesPhc
 .text._Z9WriteModePh
                0x000023a8        0x4 lebed_sel_tune.o
                0x000023a8                _Z9WriteModePh
 .text._Z15WriteEraseFlashPh
                0x000023ac        0x8 lebed_sel_tune.o
                0x000023ac                _Z15WriteEraseFlashPh
 .text._Z8ReadAmplPh
                0x000023b4       0x42 lebed_sel_tune.o
                0x000023b4                _Z8ReadAmplPh
 .text._Z16ReadDetectorCoefPh
                0x000023f6       0x54 lebed_sel_tune.o
                0x000023f6                _Z16ReadDetectorCoefPh
 .text._Z10FindDevicePh
                0x0000244a       0x32 lebed_sel_tune.o
                0x0000244a                _Z10FindDevicePh
 .text._Z17CheckComandFormatic
                0x0000247c       0x22 lebed_sel_tune.o
                0x0000247c                _Z17CheckComandFormatic
 .text._Z7SendERRv
                0x0000249e       0x24 lebed_sel_tune.o
                0x0000249e                _Z7SendERRv
 .text._Z6SendOkv
                0x000024c2       0x24 lebed_sel_tune.o
                0x000024c2                _Z6SendOkv
 .text._Z10WriteAFuncPh
                0x000024e6       0x48 lebed_sel_tune.o
                0x000024e6                _Z10WriteAFuncPh
 .text._Z8SaveCoefPh
                0x0000252e        0xe lebed_sel_tune.o
                0x0000252e                _Z8SaveCoefPh
 .text.__vector_18
                0x0000253c       0xe0 lebed_sel_tune.o
                0x0000253c                __vector_18
 .text._Z8data2LCAPh
                0x0000261c       0xa4 lebed_sel_tune.o
                0x0000261c                _Z8data2LCAPh
 .text._Z12WriteLCAFuncPh
                0x000026c0        0xc lebed_sel_tune.o
                0x000026c0                _Z12WriteLCAFuncPh
 .text._Z12ReadAllFlashPh
                0x000026cc       0x76 lebed_sel_tune.o
                0x000026cc                _Z12ReadAllFlashPh
 .text._Z15WriteData2FlashPh
                0x00002742       0x80 lebed_sel_tune.o
                0x00002742                _Z15WriteData2FlashPh
 .text._Z13ChangeModePrkP12StateOfPlate
                0x000027c2       0x3e lebed_sel_tune.o
                0x000027c2                _Z13ChangeModePrkP12StateOfPlate
 .text._Z11SetOutLevelh
                0x00002800       0x2e lebed_sel_tune.o
                0x00002800                _Z11SetOutLevelh
 .text._Z20SolveFreqIndCorrCoefv
                0x0000282e       0x2e lebed_sel_tune.o
                0x0000282e                _Z20SolveFreqIndCorrCoefv
 .text._Z7SetCoefPh
                0x0000285c       0x24 lebed_sel_tune.o
                0x0000285c                _Z7SetCoefPh
 .text._Z19SetOutLevelFromFreqv
                0x00002880       0x24 lebed_sel_tune.o
                0x00002880                _Z19SetOutLevelFromFreqv
 .text._Z14WriteFreqToPrkPh
                0x000028a4       0xb6 lebed_sel_tune.o
                0x000028a4                _Z14WriteFreqToPrkPh
 .text._Z14okFuncZselMenuP9CMenuItem
                0x0000295a       0xc2 lebed_sel_tune.o
                0x0000295a                _Z14okFuncZselMenuP9CMenuItem
 .text._Z10WriteFFuncPh
                0x00002a1c       0x1e lebed_sel_tune.o
                0x00002a1c                _Z10WriteFFuncPh
 .text._Z13WriteFLCAFuncPh
                0x00002a3a      0x156 lebed_sel_tune.o
                0x00002a3a                _Z13WriteFLCAFuncPh
 .text._Z13WriteFZahFuncPh
                0x00002b90       0x9e lebed_sel_tune.o
                0x00002b90                _Z13WriteFZahFuncPh
 .text._Z10DetFreqIndPh
                0x00002c2e       0x34 lebed_sel_tune.o
                0x00002c2e                _Z10DetFreqIndPh
 .text._Z16SaveSelectorSignv
                0x00002c62       0x2c lebed_sel_tune.o
                0x00002c62                _Z16SaveSelectorSignv
 .text._Z11SaveDetCoefv
                0x00002c8e       0x1c lebed_sel_tune.o
                0x00002c8e                _Z11SaveDetCoefv
 .text._Z16SaveDetectorCoefPh
                0x00002caa        0x4 lebed_sel_tune.o
                0x00002caa                _Z16SaveDetectorCoefPh
 .text._Z11ReadDetCoefv
                0x00002cae       0x26 lebed_sel_tune.o
                0x00002cae                _Z11ReadDetCoefv
 .text._Z7SetnOTPc
                0x00002cd4       0x22 lebed_sel_tune.o
                0x00002cd4                _Z7SetnOTPc
 .text._Z22SetLebedSelFreqInFlashv
                0x00002cf6       0x54 lebed_sel_tune.o
                0x00002cf6                _Z22SetLebedSelFreqInFlashv
 .text._Z14okFuncMainMenuP9CMenuItem
                0x00002d4a      0x12a lebed_sel_tune.o
                0x00002d4a                _Z14okFuncMainMenuP9CMenuItem
 .text._Z15TuneLvlLebedSelv
                0x00002e74       0xb6 lebed_sel_tune.o
                0x00002e74                _Z15TuneLvlLebedSelv
 .text._Z14upFuncMainMenuP9CMenuItem
                0x00002f2a       0xd0 lebed_sel_tune.o
                0x00002f2a                _Z14upFuncMainMenuP9CMenuItem
 .text._Z16downFuncMainMenuP9CMenuItem
                0x00002ffa       0xd0 lebed_sel_tune.o
                0x00002ffa                _Z16downFuncMainMenuP9CMenuItem
 .text._Z8WriteOtpPh
                0x000030ca        0xa lebed_sel_tune.o
                0x000030ca                _Z8WriteOtpPh
 .text.startup.main
                0x000030d4       0x46 lebed_sel_tune.o
                0x000030d4                main
 .text.startup._GLOBAL__sub_I__Z11noEventMenuP9CMenuItem
                0x0000311a        0x4 lebed_sel_tune.o
 .text._Z11InitSelPortv
                0x0000311e       0x32 selector_control.o
                0x0000311e                _Z11InitSelPortv
 .text._Z5SendAPj
                0x00003150       0x80 selector_control.o
                0x00003150                _Z5SendAPj
 .text._Z11SendLCA2SelPh
                0x000031d0      0x124 selector_control.o
                0x000031d0                _Z11SendLCA2SelPh
 .text._Z9ChangeReg7regAddr
                0x000032f4       0x74 ZSelControl.o
                0x000032f4                _Z9ChangeReg7regAddr
 .text._Z11SetZselCap1i
                0x00003368      0x116 ZSelControl.o
                0x00003368                _Z11SetZselCap1i
 .text._Z9WriteBytec
                0x0000347e       0x84 ZSelControl.o
                0x0000347e                _Z9WriteBytec
 .text._Z12SetZselParamP9ZSELPARAM7regAddr
                0x00003502       0x60 ZSelControl.o
                0x00003502                _Z12SetZselParamP9ZSELPARAM7regAddr
 .text._Z11SetZselOpenb
                0x00003562       0x22 ZSelControl.o
                0x00003562                _Z11SetZselOpenb
 .text._Z13FindFreqParamiP9ZSELPARAM
                0x00003584       0x72 ZSelControl.o
                0x00003584                _Z13FindFreqParamiP9ZSELPARAM
 .text._Z11TuneZselCapP9ZSELPARAM
                0x000035f6       0x98 ZSelControl.o
                0x000035f6                _Z11TuneZselCapP9ZSELPARAM
 .text._Z11SetZselFreqiP9ZSELPARAM
                0x0000368e       0x4e ZSelControl.o
                0x0000368e                _Z11SetZselFreqiP9ZSELPARAM
 .text._Z13TuneZselAttenP9ZSELPARAM
                0x000036dc       0xe8 ZSelControl.o
                0x000036dc                _Z13TuneZselAttenP9ZSELPARAM
 .text.libgcc.div
                0x000037c4       0x18 c:/program files (x86)/atmel/atmel toolchain/avr8 gcc/native/3.4.1061/avr8-gnu-toolchain/bin/../lib/gcc/avr/4.8.1/avr51\libgcc.a(_udivmodqi4.o)
                0x000037c4                __udivmodqi4
 .text.libgcc.div
                0x000037dc       0x28 c:/program files (x86)/atmel/atmel toolchain/avr8 gcc/native/3.4.1061/avr8-gnu-toolchain/bin/../lib/gcc/avr/4.8.1/avr51\libgcc.a(_udivmodhi4.o)
                0x000037dc                __udivmodhi4
 .text.libgcc.div
                0x00003804       0x26 c:/program files (x86)/atmel/atmel toolchain/avr8 gcc/native/3.4.1061/avr8-gnu-toolchain/bin/../lib/gcc/avr/4.8.1/avr51\libgcc.a(_divmodhi4.o)
                0x00003804                _div
                0x00003804                __divmodhi4
 .text.libgcc   0x0000382a        0x8 c:/program files (x86)/atmel/atmel toolchain/avr8 gcc/native/3.4.1061/avr8-gnu-toolchain/bin/../lib/gcc/avr/4.8.1/avr51\libgcc.a(_tablejump_elpm.o)
                0x0000382a                __tablejump_elpm__
 .text.avr-libc
                0x00003832       0x1a c:/program files (x86)/atmel/atmel toolchain/avr8 gcc/native/3.4.1061/avr8-gnu-toolchain/bin/../lib/gcc/avr/4.8.1/../../../../avr/lib/avr51\libc.a(memchr_P.o)
                0x00003832                memchr_P
 .text.avr-libc
                0x0000384c       0x1a c:/program files (x86)/atmel/atmel toolchain/avr8 gcc/native/3.4.1061/avr8-gnu-toolchain/bin/../lib/gcc/avr/4.8.1/../../../../avr/lib/avr51\libc.a(memcmp.o)
                0x0000384c                memcmp
 .text.avr-libc
                0x00003866       0x12 c:/program files (x86)/atmel/atmel toolchain/avr8 gcc/native/3.4.1061/avr8-gnu-toolchain/bin/../lib/gcc/avr/4.8.1/../../../../avr/lib/avr51\libc.a(memcpy.o)
                0x00003866                memcpy
 .text.avr-libc
                0x00003878       0x16 c:/program files (x86)/atmel/atmel toolchain/avr8 gcc/native/3.4.1061/avr8-gnu-toolchain/bin/../lib/gcc/avr/4.8.1/../../../../avr/lib/avr51\libc.a(strchr.o)
                0x00003878                strchr
 .text.avr-libc
                0x0000388e       0x20 c:/program files (x86)/atmel/atmel toolchain/avr8 gcc/native/3.4.1061/avr8-gnu-toolchain/bin/../lib/gcc/avr/4.8.1/../../../../avr/lib/avr51\libc.a(eerd_block_atmega128.o)
                0x0000388e                __eerd_block_m128
                0x00003892                __eerd_blraw_m128
 .text.avr-libc
                0x000038ae       0x1e c:/program files (x86)/atmel/atmel toolchain/avr8 gcc/native/3.4.1061/avr8-gnu-toolchain/bin/../lib/gcc/avr/4.8.1/../../../../avr/lib/avr51\libc.a(eeupd_block_atmega128.o)
                0x000038ae                __eeupd_block_m128
 .text.avr-libc
                0x000038cc       0x22 c:/program files (x86)/atmel/atmel toolchain/avr8 gcc/native/3.4.1061/avr8-gnu-toolchain/bin/../lib/gcc/avr/4.8.1/../../../../avr/lib/avr51\libc.a(eeupd_byte_atmega128.o)
                0x000038cc                __eeupd_byte_m128
                0x000038ce                __eeupd_r18_m128
                0x000038ee                . = ALIGN (0x2)
 *(.fini9)
 .fini9         0x000038ee        0x0 c:/program files (x86)/atmel/atmel toolchain/avr8 gcc/native/3.4.1061/avr8-gnu-toolchain/bin/../lib/gcc/avr/4.8.1/avr51\libgcc.a(_exit.o)
                0x000038ee                _exit
                0x000038ee                exit
 *(.fini9)
 *(.fini8)
 *(.fini8)
 *(.fini7)
 *(.fini7)
 *(.fini6)
 *(.fini6)
 *(.fini5)
 *(.fini5)
 *(.fini4)
 *(.fini4)
 *(.fini3)
 *(.fini3)
 *(.fini2)
 *(.fini2)
 *(.fini1)
 *(.fini1)
 *(.fini0)
 .fini0         0x000038ee        0x4 c:/program files (x86)/atmel/atmel toolchain/avr8 gcc/native/3.4.1061/avr8-gnu-toolchain/bin/../lib/gcc/avr/4.8.1/avr51\libgcc.a(_exit.o)
 *(.fini0)
                0x000038f2                _etext = .

.data           0x00800100      0x272 load address 0x000038f2
                0x00800100                PROVIDE (__data_start, .)
 *(.data)
 *(.data*)
 .data.str2Reg  0x00800100        0x2 lebed_sel_tune.o
                0x00800100                str2Reg
 .data.str1Reg  0x00800102        0x4 lebed_sel_tune.o
                0x00800102                str1Reg
 .data.str2Params
                0x00800106        0x4 lebed_sel_tune.o
                0x00800106                str2Params
 .data.str1Params
                0x0080010a        0x8 lebed_sel_tune.o
                0x0080010a                str1Params
 .data.Seltype  0x00800112        0x2 lebed_sel_tune.o
                0x00800112                Seltype
 .data.Mode     0x00800114        0x6 lebed_sel_tune.o
                0x00800114                Mode
 .data.OnOff    0x0080011a        0x8 lebed_sel_tune.o
                0x0080011a                OnOff
 .data.g_A      0x00800122        0x1 lebed_sel_tune.o
                0x00800122                g_A
 .data.g_L2     0x00800123        0x1 lebed_sel_tune.o
                0x00800123                g_L2
 .data.g_L1     0x00800124        0x1 lebed_sel_tune.o
                0x00800124                g_L1
 .data.g_C2     0x00800125        0x2 lebed_sel_tune.o
                0x00800125                g_C2
 .data.g_C1     0x00800127        0x2 lebed_sel_tune.o
                0x00800127                g_C1
 .data.g_hexOut
                0x00800129       0x12 lebed_sel_tune.o
                0x00800129                g_hexOut
 .data.TempStr2
                0x0080013b       0x15 lebed_sel_tune.o
                0x0080013b                TempStr2
 .data.TempStr1
                0x00800150       0x15 lebed_sel_tune.o
                0x00800150                TempStr1
 .data.g_drawingString
                0x00800165       0x29 lebed_sel_tune.o
                0x00800165                g_drawingString
 .data.freqBordersGrid
                0x0080018e       0xaf ZSelControl.o
                0x0080018e                freqBordersGrid
 *(.rodata)
 .rodata        0x0080023d       0x20 altera.o
 *(.rodata*)
 .rodata.str1.1
                0x0080025d       0x15 flashiic.o
 .rodata._ZL3ves
                0x00800272        0xe flashiic.o
 .rodata._ZL1N  0x00800280        0xc flashiic.o
 .rodata._ZL2df
                0x0080028c        0xc flashiic.o
 .rodata._ZL2Fr
                0x00800298        0xc flashiic.o
 .rodata.str1.1
                0x008002a4       0xcd lebed_sel_tune.o
 *(.gnu.linkonce.d*)
                0x00800372                . = ALIGN (0x2)
 *fill*         0x00800371        0x1 
                0x00800372                _edata = .
                0x00800372                PROVIDE (__data_end, .)

.bss            0x00800372      0x1f1
                0x00800372                PROVIDE (__bss_start, .)
 *(.bss)
 *(.bss*)
 .bss._ZZ12ScanKeyboardPFvhEE10previosBtn
                0x00800372        0x1 keyboard.o
 .bss.g_comBufCnt
                0x00800373        0x1 lebed_sel_tune.o
                0x00800373                g_comBufCnt
 .bss.g_comBuff
                0x00800374       0x20 lebed_sel_tune.o
                0x00800374                g_comBuff
 .bss.g_zselSettingMenuItem
                0x00800394       0x5a lebed_sel_tune.o
                0x00800394                g_zselSettingMenuItem
 .bss.g_lcaMenuItem
                0x008003ee       0x5a lebed_sel_tune.o
                0x008003ee                g_lcaMenuItem
 .bss.prk_numOfDisplay
                0x00800448        0x1 lebed_sel_tune.o
                0x00800448                prk_numOfDisplay
 .bss.g_prkSettingMenuItem
                0x00800449       0x5a lebed_sel_tune.o
                0x00800449                g_prkSettingMenuItem
 .bss.g_mainMenuItem
                0x008004a3       0x5a lebed_sel_tune.o
                0x008004a3                g_mainMenuItem
 .bss.upas_out  0x008004fd        0x1 lebed_sel_tune.o
                0x008004fd                upas_out
 .bss.upas_in   0x008004fe        0x1 lebed_sel_tune.o
                0x008004fe                upas_in
 .bss.g_plateState
                0x008004ff       0x62 lebed_sel_tune.o
                0x008004ff                g_plateState
 .bss.g_currentItem
                0x00800561        0x2 lebed_sel_tune.o
                0x00800561                g_currentItem
 *(COMMON)
                0x00800563                PROVIDE (__bss_end, .)
                0x000038f2                __data_load_start = LOADADDR (.data)
                0x00003b64                __data_load_end = (__data_load_start + SIZEOF (.data))

.noinit         0x00800563        0x0
                0x00800563                PROVIDE (__noinit_start, .)
 *(.noinit*)
                0x00800563                PROVIDE (__noinit_end, .)
                0x00800563                _end = .
                0x00800563                PROVIDE (__heap_start, .)

.eeprom         0x00810000        0x0
 *(.eeprom*)
                0x00810000                __eeprom_end = .

.fuse
 *(.fuse)
 *(.lfuse)
 *(.hfuse)
 *(.efuse)

.lock
 *(.lock*)

.signature
 *(.signature*)

.user_signatures
 *(.user_signatures*)

.stab
 *(.stab)

.stabstr
 *(.stabstr)

.stab.excl
 *(.stab.excl)

.stab.exclstr
 *(.stab.exclstr)

.stab.index
 *(.stab.index)

.stab.indexstr
 *(.stab.indexstr)

.comment        0x00000000       0x30
 *(.comment)
 .comment       0x00000000       0x30 adc.o
                                 0x31 (size before relaxing)
 .comment       0x00000000       0x31 altera.o
 .comment       0x00000000       0x31 flashiic.o
 .comment       0x00000000       0x31 i2c.o
 .comment       0x00000000       0x31 keyboard.o
 .comment       0x00000000       0x31 lcd.o
 .comment       0x00000000       0x31 lebed_sel_tune.o
 .comment       0x00000000       0x31 selector_control.o
 .comment       0x00000000       0x31 ZSelControl.o
 .comment       0x00000000       0x31 _StackInstrument.o

.note.gnu.build-id
 *(.note.gnu.build-id)

.debug
 *(.debug)

.line
 *(.line)

.debug_srcinfo
 *(.debug_srcinfo)

.debug_sfnames
 *(.debug_sfnames)

.debug_aranges  0x00000000      0x5c0
 *(.debug_aranges)
 .debug_aranges
                0x00000000       0x28 adc.o
 .debug_aranges
                0x00000028       0x48 altera.o
 .debug_aranges
                0x00000070       0x60 flashiic.o
 .debug_aranges
                0x000000d0       0x48 i2c.o
 .debug_aranges
                0x00000118       0x30 keyboard.o
 .debug_aranges
                0x00000148       0x98 lcd.o
 .debug_aranges
                0x000001e0      0x308 lebed_sel_tune.o
 .debug_aranges
                0x000004e8       0x48 selector_control.o
 .debug_aranges
                0x00000530       0x70 ZSelControl.o
 .debug_aranges
                0x000005a0       0x20 _StackInstrument.o

.debug_pubnames
 *(.debug_pubnames)

.debug_info     0x00000000     0x8b69
 *(.debug_info .gnu.linkonce.wi.*)
 .debug_info    0x00000000      0x1da adc.o
 .debug_info    0x000001da      0x612 altera.o
 .debug_info    0x000007ec      0x6f7 flashiic.o
 .debug_info    0x00000ee3      0x42d i2c.o
 .debug_info    0x00001310      0x236 keyboard.o
 .debug_info    0x00001546      0x97d lcd.o
 .debug_info    0x00001ec3     0x59c2 lebed_sel_tune.o
 .debug_info    0x00007885      0x48e selector_control.o
 .debug_info    0x00007d13      0xd59 ZSelControl.o
 .debug_info    0x00008a6c       0xfd _StackInstrument.o

.debug_abbrev   0x00000000     0x18aa
 *(.debug_abbrev)
 .debug_abbrev  0x00000000      0x15f adc.o
 .debug_abbrev  0x0000015f      0x1ee altera.o
 .debug_abbrev  0x0000034d      0x26f flashiic.o
 .debug_abbrev  0x000005bc      0x1d8 i2c.o
 .debug_abbrev  0x00000794      0x1a9 keyboard.o
 .debug_abbrev  0x0000093d      0x328 lcd.o
 .debug_abbrev  0x00000c65      0x6ec lebed_sel_tune.o
 .debug_abbrev  0x00001351      0x199 selector_control.o
 .debug_abbrev  0x000014ea      0x325 ZSelControl.o
 .debug_abbrev  0x0000180f       0x9b _StackInstrument.o

.debug_line     0x00000000     0x3d00
 *(.debug_line .debug_line.* .debug_line_end)
 .debug_line    0x00000000      0x192 adc.o
 .debug_line    0x00000192      0x369 altera.o
 .debug_line    0x000004fb      0x397 flashiic.o
 .debug_line    0x00000892      0x2b9 i2c.o
 .debug_line    0x00000b4b      0x1cd keyboard.o
 .debug_line    0x00000d18      0x4c6 lcd.o
 .debug_line    0x000011de     0x1f7b lebed_sel_tune.o
 .debug_line    0x00003159      0x38f selector_control.o
 .debug_line    0x000034e8      0x73c ZSelControl.o
 .debug_line    0x00003c24       0xdc _StackInstrument.o

.debug_frame    0x00000000     0x1204
 *(.debug_frame)
 .debug_frame   0x00000000       0x44 adc.o
 .debug_frame   0x00000044       0xe4 altera.o
 .debug_frame   0x00000128      0x11c flashiic.o
 .debug_frame   0x00000244       0x8c i2c.o
 .debug_frame   0x000002d0       0x4c keyboard.o
 .debug_frame   0x0000031c      0x190 lcd.o
 .debug_frame   0x000004ac      0xb24 lebed_sel_tune.o
 .debug_frame   0x00000fd0       0x88 selector_control.o
 .debug_frame   0x00001058      0x188 ZSelControl.o
 .debug_frame   0x000011e0       0x24 _StackInstrument.o

.debug_str      0x00000000     0x2017
 *(.debug_str)
 .debug_str     0x00000000      0x1fc adc.o
                                0x23c (size before relaxing)
 .debug_str     0x000001fc      0x125 altera.o
                                0x315 (size before relaxing)
 .debug_str     0x00000321      0x232 flashiic.o
                                0x427 (size before relaxing)
 .debug_str     0x00000553       0x44 i2c.o
                                0x28c (size before relaxing)
 .debug_str     0x00000597       0x90 keyboard.o
                                0x27b (size before relaxing)
 .debug_str     0x00000627      0x1ae lcd.o
                                0x3d8 (size before relaxing)
 .debug_str     0x000007d5     0x155b lebed_sel_tune.o
                               0x1aa1 (size before relaxing)
 .debug_str     0x00001d30       0x5d selector_control.o
                                0x29f (size before relaxing)
 .debug_str     0x00001d8d      0x19b ZSelControl.o
                                0x594 (size before relaxing)
 .debug_str     0x00001f28       0xef _StackInstrument.o
                                0x1ca (size before relaxing)

.debug_loc      0x00000000     0x5ca5
 *(.debug_loc)
 .debug_loc     0x00000000      0x16a adc.o
 .debug_loc     0x0000016a      0x36b altera.o
 .debug_loc     0x000004d5      0x778 flashiic.o
 .debug_loc     0x00000c4d      0x25b i2c.o
 .debug_loc     0x00000ea8      0x12c keyboard.o
 .debug_loc     0x00000fd4      0x6ed lcd.o
 .debug_loc     0x000016c1     0x3675 lebed_sel_tune.o
 .debug_loc     0x00004d36      0x3f2 selector_control.o
 .debug_loc     0x00005128      0xb65 ZSelControl.o
 .debug_loc     0x00005c8d       0x18 _StackInstrument.o

.debug_macinfo
 *(.debug_macinfo)

.debug_weaknames
 *(.debug_weaknames)

.debug_funcnames
 *(.debug_funcnames)

.debug_typenames
 *(.debug_typenames)

.debug_varnames
 *(.debug_varnames)

.debug_pubtypes
 *(.debug_pubtypes)

.debug_ranges   0x00000000      0x740
 *(.debug_ranges)
 .debug_ranges  0x00000000       0x18 adc.o
 .debug_ranges  0x00000018       0x50 altera.o
 .debug_ranges  0x00000068       0x70 flashiic.o
 .debug_ranges  0x000000d8       0x50 i2c.o
 .debug_ranges  0x00000128       0x20 keyboard.o
 .debug_ranges  0x00000148       0xc0 lcd.o
 .debug_ranges  0x00000208      0x418 lebed_sel_tune.o
 .debug_ranges  0x00000620       0x38 selector_control.o
 .debug_ranges  0x00000658       0xd8 ZSelControl.o
 .debug_ranges  0x00000730       0x10 _StackInstrument.o

.debug_macro
 *(.debug_macro)
OUTPUT(lebed_sel_tune.elf elf32-avr)
LOAD linker stubs

.sel_tune_eeprom
                0x00810f00       0x62
 .sel_tune_eeprom
                0x00810f00       0x62 lebed_sel_tune.o
                0x00810f00                g_eepromPlateState
