Archive member included because of file (symbol)

c:/program files (x86)/atmel/atmel toolchain/avr8 gcc/native/3.4.1061/avr8-gnu-toolchain/bin/../lib/gcc/avr/4.8.1/avr51\libgcc.a(_udivmodqi4.o)
                              lebed_sel_tune.o (__udivmodqi4)
c:/program files (x86)/atmel/atmel toolchain/avr8 gcc/native/3.4.1061/avr8-gnu-toolchain/bin/../lib/gcc/avr/4.8.1/avr51\libgcc.a(_udivmodhi4.o)
                              flashiic.o (__udivmodhi4)
c:/program files (x86)/atmel/atmel toolchain/avr8 gcc/native/3.4.1061/avr8-gnu-toolchain/bin/../lib/gcc/avr/4.8.1/avr51\libgcc.a(_divmodhi4.o)
                              lebed_sel_tune.o (__divmodhi4)
c:/program files (x86)/atmel/atmel toolchain/avr8 gcc/native/3.4.1061/avr8-gnu-toolchain/bin/../lib/gcc/avr/4.8.1/avr51\libgcc.a(_exit.o)
                              c:/program files (x86)/atmel/atmel toolchain/avr8 gcc/native/3.4.1061/avr8-gnu-toolchain/bin/../lib/gcc/avr/4.8.1/../../../../avr/lib/avr51/crtm128.o (exit)
c:/program files (x86)/atmel/atmel toolchain/avr8 gcc/native/3.4.1061/avr8-gnu-toolchain/bin/../lib/gcc/avr/4.8.1/avr51\libgcc.a(_copy_data.o)
                              altera.o (__do_copy_data)
c:/program files (x86)/atmel/atmel toolchain/avr8 gcc/native/3.4.1061/avr8-gnu-toolchain/bin/../lib/gcc/avr/4.8.1/avr51\libgcc.a(_clear_bss.o)
                              keyboard.o (__do_clear_bss)
c:/program files (x86)/atmel/atmel toolchain/avr8 gcc/native/3.4.1061/avr8-gnu-toolchain/bin/../lib/gcc/avr/4.8.1/avr51\libgcc.a(_ctors.o)
                              lebed_sel_tune.o (__do_global_ctors)
c:/program files (x86)/atmel/atmel toolchain/avr8 gcc/native/3.4.1061/avr8-gnu-toolchain/bin/../lib/gcc/avr/4.8.1/avr51\libgcc.a(_tablejump_elpm.o)
                              c:/program files (x86)/atmel/atmel toolchain/avr8 gcc/native/3.4.1061/avr8-gnu-toolchain/bin/../lib/gcc/avr/4.8.1/avr51\libgcc.a(_ctors.o) (__tablejump_elpm__)
c:/program files (x86)/atmel/atmel toolchain/avr8 gcc/native/3.4.1061/avr8-gnu-toolchain/bin/../lib/gcc/avr/4.8.1/../../../../avr/lib/avr51\libc.a(memchr_P.o)
                              lebed_sel_tune.o (memchr_P)
c:/program files (x86)/atmel/atmel toolchain/avr8 gcc/native/3.4.1061/avr8-gnu-toolchain/bin/../lib/gcc/avr/4.8.1/../../../../avr/lib/avr51\libc.a(memcmp.o)
                              lebed_sel_tune.o (memcmp)
c:/program files (x86)/atmel/atmel toolchain/avr8 gcc/native/3.4.1061/avr8-gnu-toolchain/bin/../lib/gcc/avr/4.8.1/../../../../avr/lib/avr51\libc.a(memcpy.o)
                              lebed_sel_tune.o (memcpy)
c:/program files (x86)/atmel/atmel toolchain/avr8 gcc/native/3.4.1061/avr8-gnu-toolchain/bin/../lib/gcc/avr/4.8.1/../../../../avr/lib/avr51\libc.a(strchr.o)
                              lebed_sel_tune.o (strchr)
c:/program files (x86)/atmel/atmel toolchain/avr8 gcc/native/3.4.1061/avr8-gnu-toolchain/bin/../lib/gcc/avr/4.8.1/../../../../avr/lib/avr51\libc.a(eerd_block_atmega128.o)
                              lebed_sel_tune.o (__eerd_block_m128)
c:/program files (x86)/atmel/atmel toolchain/avr8 gcc/native/3.4.1061/avr8-gnu-toolchain/bin/../lib/gcc/avr/4.8.1/../../../../avr/lib/avr51\libc.a(eerd_byte_atmega128.o)
                              PWC.o (__eerd_byte_m128)
c:/program files (x86)/atmel/atmel toolchain/avr8 gcc/native/3.4.1061/avr8-gnu-toolchain/bin/../lib/gcc/avr/4.8.1/../../../../avr/lib/avr51\libc.a(eeupd_block_atmega128.o)
                              lebed_sel_tune.o (__eeupd_block_m128)
c:/program files (x86)/atmel/atmel toolchain/avr8 gcc/native/3.4.1061/avr8-gnu-toolchain/bin/../lib/gcc/avr/4.8.1/../../../../avr/lib/avr51\libc.a(eeupd_byte_atmega128.o)
                              PWC.o (__eeupd_byte_m128)

Discarded input sections

 .data          0x00000000        0x0 c:/program files (x86)/atmel/atmel toolchain/avr8 gcc/native/3.4.1061/avr8-gnu-toolchain/bin/../lib/gcc/avr/4.8.1/../../../../avr/lib/avr51/crtm128.o
 .bss           0x00000000        0x0 c:/program files (x86)/atmel/atmel toolchain/avr8 gcc/native/3.4.1061/avr8-gnu-toolchain/bin/../lib/gcc/avr/4.8.1/../../../../avr/lib/avr51/crtm128.o
 .text          0x00000000        0x0 adc.o
 .data          0x00000000        0x0 adc.o
 .bss           0x00000000        0x0 adc.o
 .text          0x00000000        0x0 altera.o
 .data          0x00000000        0x0 altera.o
 .bss           0x00000000        0x0 altera.o
 .text._Z10InitAlterav
                0x00000000       0x90 altera.o
 .text          0x00000000        0x0 flashiic.o
 .data          0x00000000        0x0 flashiic.o
 .bss           0x00000000        0x0 flashiic.o
 .text          0x00000000        0x0 i2c.o
 .data          0x00000000        0x0 i2c.o
 .bss           0x00000000        0x0 i2c.o
 .text          0x00000000        0x0 keyboard.o
 .data          0x00000000        0x0 keyboard.o
 .bss           0x00000000        0x0 keyboard.o
 .text._Z5Blinkm
                0x00000000        0x2 keyboard.o
 .text          0x00000000        0x0 lcd.o
 .data          0x00000000        0x0 lcd.o
 .bss           0x00000000        0x0 lcd.o
 .text._Z8lcd_datah
                0x00000000       0x12 lcd.o
 .text._Z9lcd_getxyv
                0x00000000        0x8 lcd.o
 .text._Z8lcd_homev
                0x00000000        0x6 lcd.o
 .text._Z16lcd_clear_stringh
                0x00000000       0x1c lcd.o
 .text._Z10lcd_puts_pPKc
                0x00000000       0x1e lcd.o
 .text          0x00000000        0x0 lebed_sel_tune.o
 .data          0x00000000        0x0 lebed_sel_tune.o
 .bss           0x00000000        0x0 lebed_sel_tune.o
 .text._ZN9CMenuItemC2Ev
                0x00000000       0x72 lebed_sel_tune.o
 .text._ZN9CMenuItemC2EPcS0_PS_PS1_cPFvS1_ES4_S4_S4_S4_S4_S4_cS0_cS0_
                0x00000000       0x9c lebed_sel_tune.o
 .text._ZN9CMenuItemC2EPcS0_PS_PS1_cPFvS1_ES4_S4_S4_S4_S4_S4_18SPermitedPositionsS5_
                0x00000000       0x94 lebed_sel_tune.o
 .text._ZN9CMenuItemC2EPcS0_PS_10SChildListPFvS1_ES4_S4_S4_S4_S4_S4_18SPermitedPositionsS5_
                0x00000000       0x9a lebed_sel_tune.o
 .text._ZN9CMenuItemD2Ev
                0x00000000        0x2 lebed_sel_tune.o
 .text._ZN9CMenuItem11getFirstStrEv
                0x00000000        0x8 lebed_sel_tune.o
 .text._ZN9CMenuItem12getSecondStrEv
                0x00000000        0x8 lebed_sel_tune.o
 .text._ZN9CMenuItem9getParentEv
                0x00000000        0x8 lebed_sel_tune.o
 .text._ZN9CMenuItem8getChildEv
                0x00000000       0x1e lebed_sel_tune.o
 .text._ZN9CMenuItem8resetCurEv
                0x00000000       0x10 lebed_sel_tune.o
 .text._ZN9CMenuItem9setOkFuncEPFvPS_E
                0x00000000        0xc lebed_sel_tune.o
 .text._ZN9CMenuItem11setDrawFuncEPFvPS_E
                0x00000000        0xc lebed_sel_tune.o
 .text._ZN9CMenuItem10setEscFuncEPFvPS_E
                0x00000000        0xc lebed_sel_tune.o
 .text._ZN9CMenuItem11setLeftFuncEPFvPS_E
                0x00000000        0xc lebed_sel_tune.o
 .text._ZN9CMenuItem12setRightFuncEPFvPS_E
                0x00000000        0xc lebed_sel_tune.o
 .text._ZN9CMenuItem9setUpFuncEPFvPS_E
                0x00000000        0xc lebed_sel_tune.o
 .text._ZN9CMenuItem11setDownFuncEPFvPS_E
                0x00000000        0xc lebed_sel_tune.o
 .text._Z19SetOutLevelFromFreqv
                0x00000000        0x8 lebed_sel_tune.o
 .text._Z14WriteFreqToPrkPh
                0x00000000       0xb8 lebed_sel_tune.o
 .text._Z7InitPrkv
                0x00000000       0x78 lebed_sel_tune.o
 .text._Z11SetOTPLinesv
                0x00000000        0x2 lebed_sel_tune.o
 .text.exit._GLOBAL__sub_D__Z11noEventMenuP9CMenuItem
                0x00000000        0x2 lebed_sel_tune.o
 .data.g_hex    0x00000000       0x11 lebed_sel_tune.o
 .bss.g_comNumOfByte
                0x00000000        0x2 lebed_sel_tune.o
 .text          0x00000000        0x0 PWC.o
 .data          0x00000000        0x0 PWC.o
 .bss           0x00000000        0x0 PWC.o
 .text._Z7rd_bytev
                0x00000000       0x18 PWC.o
 .text          0x00000000        0x0 selector_control.o
 .data          0x00000000        0x0 selector_control.o
 .bss           0x00000000        0x0 selector_control.o
 .text._Z7SetCLKKc
                0x00000000       0x18 selector_control.o
 .text._Z7SetCLKSc
                0x00000000       0x18 selector_control.o
 .text._Z7SetDATAc
                0x00000000       0x18 selector_control.o
 .text          0x00000000        0x0 uart.o
 .data          0x00000000        0x0 uart.o
 .bss           0x00000000        0x0 uart.o
 .debug_line    0x00000000        0x0 uart.o
 .debug_str     0x00000000        0x0 uart.o
 .comment       0x00000000       0x31 uart.o
 .text          0x00000000        0x0 ZSelControl.o
 .data          0x00000000        0x0 ZSelControl.o
 .bss           0x00000000        0x0 ZSelControl.o
 .text._Z8InitZselv
                0x00000000       0x1e ZSelControl.o
 .rodata        0x00000000        0x8 ZSelControl.o
 .text._Z8TestZselc
                0x00000000      0x146 ZSelControl.o
 .data.hex      0x00000000       0x11 ZSelControl.o
 .text          0x00000000        0x0 _StackInstrument.o
 .data          0x00000000        0x0 _StackInstrument.o
 .bss           0x00000000        0x0 _StackInstrument.o
 .text          0x00000000        0x0 c:/program files (x86)/atmel/atmel toolchain/avr8 gcc/native/3.4.1061/avr8-gnu-toolchain/bin/../lib/gcc/avr/4.8.1/avr51\libgcc.a(_udivmodqi4.o)
 .data          0x00000000        0x0 c:/program files (x86)/atmel/atmel toolchain/avr8 gcc/native/3.4.1061/avr8-gnu-toolchain/bin/../lib/gcc/avr/4.8.1/avr51\libgcc.a(_udivmodqi4.o)
 .bss           0x00000000        0x0 c:/program files (x86)/atmel/atmel toolchain/avr8 gcc/native/3.4.1061/avr8-gnu-toolchain/bin/../lib/gcc/avr/4.8.1/avr51\libgcc.a(_udivmodqi4.o)
 .text.libgcc.mul
                0x00000000        0x0 c:/program files (x86)/atmel/atmel toolchain/avr8 gcc/native/3.4.1061/avr8-gnu-toolchain/bin/../lib/gcc/avr/4.8.1/avr51\libgcc.a(_udivmodqi4.o)
 .text.libgcc   0x00000000        0x0 c:/program files (x86)/atmel/atmel toolchain/avr8 gcc/native/3.4.1061/avr8-gnu-toolchain/bin/../lib/gcc/avr/4.8.1/avr51\libgcc.a(_udivmodqi4.o)
 .text.libgcc.prologue
                0x00000000        0x0 c:/program files (x86)/atmel/atmel toolchain/avr8 gcc/native/3.4.1061/avr8-gnu-toolchain/bin/../lib/gcc/avr/4.8.1/avr51\libgcc.a(_udivmodqi4.o)
 .text.libgcc.builtins
                0x00000000        0x0 c:/program files (x86)/atmel/atmel toolchain/avr8 gcc/native/3.4.1061/avr8-gnu-toolchain/bin/../lib/gcc/avr/4.8.1/avr51\libgcc.a(_udivmodqi4.o)
 .text.libgcc.fmul
                0x00000000        0x0 c:/program files (x86)/atmel/atmel toolchain/avr8 gcc/native/3.4.1061/avr8-gnu-toolchain/bin/../lib/gcc/avr/4.8.1/avr51\libgcc.a(_udivmodqi4.o)
 .text.libgcc.fixed
                0x00000000        0x0 c:/program files (x86)/atmel/atmel toolchain/avr8 gcc/native/3.4.1061/avr8-gnu-toolchain/bin/../lib/gcc/avr/4.8.1/avr51\libgcc.a(_udivmodqi4.o)
 .text          0x00000000        0x0 c:/program files (x86)/atmel/atmel toolchain/avr8 gcc/native/3.4.1061/avr8-gnu-toolchain/bin/../lib/gcc/avr/4.8.1/avr51\libgcc.a(_udivmodhi4.o)
 .data          0x00000000        0x0 c:/program files (x86)/atmel/atmel toolchain/avr8 gcc/native/3.4.1061/avr8-gnu-toolchain/bin/../lib/gcc/avr/4.8.1/avr51\libgcc.a(_udivmodhi4.o)
 .bss           0x00000000        0x0 c:/program files (x86)/atmel/atmel toolchain/avr8 gcc/native/3.4.1061/avr8-gnu-toolchain/bin/../lib/gcc/avr/4.8.1/avr51\libgcc.a(_udivmodhi4.o)
 .text.libgcc.mul
                0x00000000        0x0 c:/program files (x86)/atmel/atmel toolchain/avr8 gcc/native/3.4.1061/avr8-gnu-toolchain/bin/../lib/gcc/avr/4.8.1/avr51\libgcc.a(_udivmodhi4.o)
 .text.libgcc   0x00000000        0x0 c:/program files (x86)/atmel/atmel toolchain/avr8 gcc/native/3.4.1061/avr8-gnu-toolchain/bin/../lib/gcc/avr/4.8.1/avr51\libgcc.a(_udivmodhi4.o)
 .text.libgcc.prologue
                0x00000000        0x0 c:/program files (x86)/atmel/atmel toolchain/avr8 gcc/native/3.4.1061/avr8-gnu-toolchain/bin/../lib/gcc/avr/4.8.1/avr51\libgcc.a(_udivmodhi4.o)
 .text.libgcc.builtins
                0x00000000        0x0 c:/program files (x86)/atmel/atmel toolchain/avr8 gcc/native/3.4.1061/avr8-gnu-toolchain/bin/../lib/gcc/avr/4.8.1/avr51\libgcc.a(_udivmodhi4.o)
 .text.libgcc.fmul
                0x00000000        0x0 c:/program files (x86)/atmel/atmel toolchain/avr8 gcc/native/3.4.1061/avr8-gnu-toolchain/bin/../lib/gcc/avr/4.8.1/avr51\libgcc.a(_udivmodhi4.o)
 .text.libgcc.fixed
                0x00000000        0x0 c:/program files (x86)/atmel/atmel toolchain/avr8 gcc/native/3.4.1061/avr8-gnu-toolchain/bin/../lib/gcc/avr/4.8.1/avr51\libgcc.a(_udivmodhi4.o)
 .text          0x00000000        0x0 c:/program files (x86)/atmel/atmel toolchain/avr8 gcc/native/3.4.1061/avr8-gnu-toolchain/bin/../lib/gcc/avr/4.8.1/avr51\libgcc.a(_divmodhi4.o)
 .data          0x00000000        0x0 c:/program files (x86)/atmel/atmel toolchain/avr8 gcc/native/3.4.1061/avr8-gnu-toolchain/bin/../lib/gcc/avr/4.8.1/avr51\libgcc.a(_divmodhi4.o)
 .bss           0x00000000        0x0 c:/program files (x86)/atmel/atmel toolchain/avr8 gcc/native/3.4.1061/avr8-gnu-toolchain/bin/../lib/gcc/avr/4.8.1/avr51\libgcc.a(_divmodhi4.o)
 .text.libgcc.mul
                0x00000000        0x0 c:/program files (x86)/atmel/atmel toolchain/avr8 gcc/native/3.4.1061/avr8-gnu-toolchain/bin/../lib/gcc/avr/4.8.1/avr51\libgcc.a(_divmodhi4.o)
 .text.libgcc   0x00000000        0x0 c:/program files (x86)/atmel/atmel toolchain/avr8 gcc/native/3.4.1061/avr8-gnu-toolchain/bin/../lib/gcc/avr/4.8.1/avr51\libgcc.a(_divmodhi4.o)
 .text.libgcc.prologue
                0x00000000        0x0 c:/program files (x86)/atmel/atmel toolchain/avr8 gcc/native/3.4.1061/avr8-gnu-toolchain/bin/../lib/gcc/avr/4.8.1/avr51\libgcc.a(_divmodhi4.o)
 .text.libgcc.builtins
                0x00000000        0x0 c:/program files (x86)/atmel/atmel toolchain/avr8 gcc/native/3.4.1061/avr8-gnu-toolchain/bin/../lib/gcc/avr/4.8.1/avr51\libgcc.a(_divmodhi4.o)
 .text.libgcc.fmul
                0x00000000        0x0 c:/program files (x86)/atmel/atmel toolchain/avr8 gcc/native/3.4.1061/avr8-gnu-toolchain/bin/../lib/gcc/avr/4.8.1/avr51\libgcc.a(_divmodhi4.o)
 .text.libgcc.fixed
                0x00000000        0x0 c:/program files (x86)/atmel/atmel toolchain/avr8 gcc/native/3.4.1061/avr8-gnu-toolchain/bin/../lib/gcc/avr/4.8.1/avr51\libgcc.a(_divmodhi4.o)
 .text          0x00000000        0x0 c:/program files (x86)/atmel/atmel toolchain/avr8 gcc/native/3.4.1061/avr8-gnu-toolchain/bin/../lib/gcc/avr/4.8.1/avr51\libgcc.a(_exit.o)
 .data          0x00000000        0x0 c:/program files (x86)/atmel/atmel toolchain/avr8 gcc/native/3.4.1061/avr8-gnu-toolchain/bin/../lib/gcc/avr/4.8.1/avr51\libgcc.a(_exit.o)
 .bss           0x00000000        0x0 c:/program files (x86)/atmel/atmel toolchain/avr8 gcc/native/3.4.1061/avr8-gnu-toolchain/bin/../lib/gcc/avr/4.8.1/avr51\libgcc.a(_exit.o)
 .text.libgcc.mul
                0x00000000        0x0 c:/program files (x86)/atmel/atmel toolchain/avr8 gcc/native/3.4.1061/avr8-gnu-toolchain/bin/../lib/gcc/avr/4.8.1/avr51\libgcc.a(_exit.o)
 .text.libgcc.div
                0x00000000        0x0 c:/program files (x86)/atmel/atmel toolchain/avr8 gcc/native/3.4.1061/avr8-gnu-toolchain/bin/../lib/gcc/avr/4.8.1/avr51\libgcc.a(_exit.o)
 .text.libgcc   0x00000000        0x0 c:/program files (x86)/atmel/atmel toolchain/avr8 gcc/native/3.4.1061/avr8-gnu-toolchain/bin/../lib/gcc/avr/4.8.1/avr51\libgcc.a(_exit.o)
 .text.libgcc.prologue
                0x00000000        0x0 c:/program files (x86)/atmel/atmel toolchain/avr8 gcc/native/3.4.1061/avr8-gnu-toolchain/bin/../lib/gcc/avr/4.8.1/avr51\libgcc.a(_exit.o)
 .text.libgcc.builtins
                0x00000000        0x0 c:/program files (x86)/atmel/atmel toolchain/avr8 gcc/native/3.4.1061/avr8-gnu-toolchain/bin/../lib/gcc/avr/4.8.1/avr51\libgcc.a(_exit.o)
 .text.libgcc.fmul
                0x00000000        0x0 c:/program files (x86)/atmel/atmel toolchain/avr8 gcc/native/3.4.1061/avr8-gnu-toolchain/bin/../lib/gcc/avr/4.8.1/avr51\libgcc.a(_exit.o)
 .text.libgcc.fixed
                0x00000000        0x0 c:/program files (x86)/atmel/atmel toolchain/avr8 gcc/native/3.4.1061/avr8-gnu-toolchain/bin/../lib/gcc/avr/4.8.1/avr51\libgcc.a(_exit.o)
 .text          0x00000000        0x0 c:/program files (x86)/atmel/atmel toolchain/avr8 gcc/native/3.4.1061/avr8-gnu-toolchain/bin/../lib/gcc/avr/4.8.1/avr51\libgcc.a(_copy_data.o)
 .data          0x00000000        0x0 c:/program files (x86)/atmel/atmel toolchain/avr8 gcc/native/3.4.1061/avr8-gnu-toolchain/bin/../lib/gcc/avr/4.8.1/avr51\libgcc.a(_copy_data.o)
 .bss           0x00000000        0x0 c:/program files (x86)/atmel/atmel toolchain/avr8 gcc/native/3.4.1061/avr8-gnu-toolchain/bin/../lib/gcc/avr/4.8.1/avr51\libgcc.a(_copy_data.o)
 .text.libgcc.mul
                0x00000000        0x0 c:/program files (x86)/atmel/atmel toolchain/avr8 gcc/native/3.4.1061/avr8-gnu-toolchain/bin/../lib/gcc/avr/4.8.1/avr51\libgcc.a(_copy_data.o)
 .text.libgcc.div
                0x00000000        0x0 c:/program files (x86)/atmel/atmel toolchain/avr8 gcc/native/3.4.1061/avr8-gnu-toolchain/bin/../lib/gcc/avr/4.8.1/avr51\libgcc.a(_copy_data.o)
 .text.libgcc   0x00000000        0x0 c:/program files (x86)/atmel/atmel toolchain/avr8 gcc/native/3.4.1061/avr8-gnu-toolchain/bin/../lib/gcc/avr/4.8.1/avr51\libgcc.a(_copy_data.o)
 .text.libgcc.prologue
                0x00000000        0x0 c:/program files (x86)/atmel/atmel toolchain/avr8 gcc/native/3.4.1061/avr8-gnu-toolchain/bin/../lib/gcc/avr/4.8.1/avr51\libgcc.a(_copy_data.o)
 .text.libgcc.builtins
                0x00000000        0x0 c:/program files (x86)/atmel/atmel toolchain/avr8 gcc/native/3.4.1061/avr8-gnu-toolchain/bin/../lib/gcc/avr/4.8.1/avr51\libgcc.a(_copy_data.o)
 .text.libgcc.fmul
                0x00000000        0x0 c:/program files (x86)/atmel/atmel toolchain/avr8 gcc/native/3.4.1061/avr8-gnu-toolchain/bin/../lib/gcc/avr/4.8.1/avr51\libgcc.a(_copy_data.o)
 .text.libgcc.fixed
                0x00000000        0x0 c:/program files (x86)/atmel/atmel toolchain/avr8 gcc/native/3.4.1061/avr8-gnu-toolchain/bin/../lib/gcc/avr/4.8.1/avr51\libgcc.a(_copy_data.o)
 .text          0x00000000        0x0 c:/program files (x86)/atmel/atmel toolchain/avr8 gcc/native/3.4.1061/avr8-gnu-toolchain/bin/../lib/gcc/avr/4.8.1/avr51\libgcc.a(_clear_bss.o)
 .data          0x00000000        0x0 c:/program files (x86)/atmel/atmel toolchain/avr8 gcc/native/3.4.1061/avr8-gnu-toolchain/bin/../lib/gcc/avr/4.8.1/avr51\libgcc.a(_clear_bss.o)
 .bss           0x00000000        0x0 c:/program files (x86)/atmel/atmel toolchain/avr8 gcc/native/3.4.1061/avr8-gnu-toolchain/bin/../lib/gcc/avr/4.8.1/avr51\libgcc.a(_clear_bss.o)
 .text.libgcc.mul
                0x00000000        0x0 c:/program files (x86)/atmel/atmel toolchain/avr8 gcc/native/3.4.1061/avr8-gnu-toolchain/bin/../lib/gcc/avr/4.8.1/avr51\libgcc.a(_clear_bss.o)
 .text.libgcc.div
                0x00000000        0x0 c:/program files (x86)/atmel/atmel toolchain/avr8 gcc/native/3.4.1061/avr8-gnu-toolchain/bin/../lib/gcc/avr/4.8.1/avr51\libgcc.a(_clear_bss.o)
 .text.libgcc   0x00000000        0x0 c:/program files (x86)/atmel/atmel toolchain/avr8 gcc/native/3.4.1061/avr8-gnu-toolchain/bin/../lib/gcc/avr/4.8.1/avr51\libgcc.a(_clear_bss.o)
 .text.libgcc.prologue
                0x00000000        0x0 c:/program files (x86)/atmel/atmel toolchain/avr8 gcc/native/3.4.1061/avr8-gnu-toolchain/bin/../lib/gcc/avr/4.8.1/avr51\libgcc.a(_clear_bss.o)
 .text.libgcc.builtins
                0x00000000        0x0 c:/program files (x86)/atmel/atmel toolchain/avr8 gcc/native/3.4.1061/avr8-gnu-toolchain/bin/../lib/gcc/avr/4.8.1/avr51\libgcc.a(_clear_bss.o)
 .text.libgcc.fmul
                0x00000000        0x0 c:/program files (x86)/atmel/atmel toolchain/avr8 gcc/native/3.4.1061/avr8-gnu-toolchain/bin/../lib/gcc/avr/4.8.1/avr51\libgcc.a(_clear_bss.o)
 .text.libgcc.fixed
                0x00000000        0x0 c:/program files (x86)/atmel/atmel toolchain/avr8 gcc/native/3.4.1061/avr8-gnu-toolchain/bin/../lib/gcc/avr/4.8.1/avr51\libgcc.a(_clear_bss.o)
 .text          0x00000000        0x0 c:/program files (x86)/atmel/atmel toolchain/avr8 gcc/native/3.4.1061/avr8-gnu-toolchain/bin/../lib/gcc/avr/4.8.1/avr51\libgcc.a(_ctors.o)
 .data          0x00000000        0x0 c:/program files (x86)/atmel/atmel toolchain/avr8 gcc/native/3.4.1061/avr8-gnu-toolchain/bin/../lib/gcc/avr/4.8.1/avr51\libgcc.a(_ctors.o)
 .bss           0x00000000        0x0 c:/program files (x86)/atmel/atmel toolchain/avr8 gcc/native/3.4.1061/avr8-gnu-toolchain/bin/../lib/gcc/avr/4.8.1/avr51\libgcc.a(_ctors.o)
 .text.libgcc.mul
                0x00000000        0x0 c:/program files (x86)/atmel/atmel toolchain/avr8 gcc/native/3.4.1061/avr8-gnu-toolchain/bin/../lib/gcc/avr/4.8.1/avr51\libgcc.a(_ctors.o)
 .text.libgcc.div
                0x00000000        0x0 c:/program files (x86)/atmel/atmel toolchain/avr8 gcc/native/3.4.1061/avr8-gnu-toolchain/bin/../lib/gcc/avr/4.8.1/avr51\libgcc.a(_ctors.o)
 .text.libgcc   0x00000000        0x0 c:/program files (x86)/atmel/atmel toolchain/avr8 gcc/native/3.4.1061/avr8-gnu-toolchain/bin/../lib/gcc/avr/4.8.1/avr51\libgcc.a(_ctors.o)
 .text.libgcc.prologue
                0x00000000        0x0 c:/program files (x86)/atmel/atmel toolchain/avr8 gcc/native/3.4.1061/avr8-gnu-toolchain/bin/../lib/gcc/avr/4.8.1/avr51\libgcc.a(_ctors.o)
 .text.libgcc.builtins
                0x00000000        0x0 c:/program files (x86)/atmel/atmel toolchain/avr8 gcc/native/3.4.1061/avr8-gnu-toolchain/bin/../lib/gcc/avr/4.8.1/avr51\libgcc.a(_ctors.o)
 .text.libgcc.fmul
                0x00000000        0x0 c:/program files (x86)/atmel/atmel toolchain/avr8 gcc/native/3.4.1061/avr8-gnu-toolchain/bin/../lib/gcc/avr/4.8.1/avr51\libgcc.a(_ctors.o)
 .text.libgcc.fixed
                0x00000000        0x0 c:/program files (x86)/atmel/atmel toolchain/avr8 gcc/native/3.4.1061/avr8-gnu-toolchain/bin/../lib/gcc/avr/4.8.1/avr51\libgcc.a(_ctors.o)
 .text          0x00000000        0x0 c:/program files (x86)/atmel/atmel toolchain/avr8 gcc/native/3.4.1061/avr8-gnu-toolchain/bin/../lib/gcc/avr/4.8.1/avr51\libgcc.a(_tablejump_elpm.o)
 .data          0x00000000        0x0 c:/program files (x86)/atmel/atmel toolchain/avr8 gcc/native/3.4.1061/avr8-gnu-toolchain/bin/../lib/gcc/avr/4.8.1/avr51\libgcc.a(_tablejump_elpm.o)
 .bss           0x00000000        0x0 c:/program files (x86)/atmel/atmel toolchain/avr8 gcc/native/3.4.1061/avr8-gnu-toolchain/bin/../lib/gcc/avr/4.8.1/avr51\libgcc.a(_tablejump_elpm.o)
 .text.libgcc.mul
                0x00000000        0x0 c:/program files (x86)/atmel/atmel toolchain/avr8 gcc/native/3.4.1061/avr8-gnu-toolchain/bin/../lib/gcc/avr/4.8.1/avr51\libgcc.a(_tablejump_elpm.o)
 .text.libgcc.div
                0x00000000        0x0 c:/program files (x86)/atmel/atmel toolchain/avr8 gcc/native/3.4.1061/avr8-gnu-toolchain/bin/../lib/gcc/avr/4.8.1/avr51\libgcc.a(_tablejump_elpm.o)
 .text.libgcc.prologue
                0x00000000        0x0 c:/program files (x86)/atmel/atmel toolchain/avr8 gcc/native/3.4.1061/avr8-gnu-toolchain/bin/../lib/gcc/avr/4.8.1/avr51\libgcc.a(_tablejump_elpm.o)
 .text.libgcc.builtins
                0x00000000        0x0 c:/program files (x86)/atmel/atmel toolchain/avr8 gcc/native/3.4.1061/avr8-gnu-toolchain/bin/../lib/gcc/avr/4.8.1/avr51\libgcc.a(_tablejump_elpm.o)
 .text.libgcc.fmul
                0x00000000        0x0 c:/program files (x86)/atmel/atmel toolchain/avr8 gcc/native/3.4.1061/avr8-gnu-toolchain/bin/../lib/gcc/avr/4.8.1/avr51\libgcc.a(_tablejump_elpm.o)
 .text.libgcc.fixed
                0x00000000        0x0 c:/program files (x86)/atmel/atmel toolchain/avr8 gcc/native/3.4.1061/avr8-gnu-toolchain/bin/../lib/gcc/avr/4.8.1/avr51\libgcc.a(_tablejump_elpm.o)
 .text          0x00000000        0x0 c:/program files (x86)/atmel/atmel toolchain/avr8 gcc/native/3.4.1061/avr8-gnu-toolchain/bin/../lib/gcc/avr/4.8.1/../../../../avr/lib/avr51\libc.a(memchr_P.o)
 .data          0x00000000        0x0 c:/program files (x86)/atmel/atmel toolchain/avr8 gcc/native/3.4.1061/avr8-gnu-toolchain/bin/../lib/gcc/avr/4.8.1/../../../../avr/lib/avr51\libc.a(memchr_P.o)
 .bss           0x00000000        0x0 c:/program files (x86)/atmel/atmel toolchain/avr8 gcc/native/3.4.1061/avr8-gnu-toolchain/bin/../lib/gcc/avr/4.8.1/../../../../avr/lib/avr51\libc.a(memchr_P.o)
 .text          0x00000000        0x0 c:/program files (x86)/atmel/atmel toolchain/avr8 gcc/native/3.4.1061/avr8-gnu-toolchain/bin/../lib/gcc/avr/4.8.1/../../../../avr/lib/avr51\libc.a(memcmp.o)
 .data          0x00000000        0x0 c:/program files (x86)/atmel/atmel toolchain/avr8 gcc/native/3.4.1061/avr8-gnu-toolchain/bin/../lib/gcc/avr/4.8.1/../../../../avr/lib/avr51\libc.a(memcmp.o)
 .bss           0x00000000        0x0 c:/program files (x86)/atmel/atmel toolchain/avr8 gcc/native/3.4.1061/avr8-gnu-toolchain/bin/../lib/gcc/avr/4.8.1/../../../../avr/lib/avr51\libc.a(memcmp.o)
 .text          0x00000000        0x0 c:/program files (x86)/atmel/atmel toolchain/avr8 gcc/native/3.4.1061/avr8-gnu-toolchain/bin/../lib/gcc/avr/4.8.1/../../../../avr/lib/avr51\libc.a(memcpy.o)
 .data          0x00000000        0x0 c:/program files (x86)/atmel/atmel toolchain/avr8 gcc/native/3.4.1061/avr8-gnu-toolchain/bin/../lib/gcc/avr/4.8.1/../../../../avr/lib/avr51\libc.a(memcpy.o)
 .bss           0x00000000        0x0 c:/program files (x86)/atmel/atmel toolchain/avr8 gcc/native/3.4.1061/avr8-gnu-toolchain/bin/../lib/gcc/avr/4.8.1/../../../../avr/lib/avr51\libc.a(memcpy.o)
 .text          0x00000000        0x0 c:/program files (x86)/atmel/atmel toolchain/avr8 gcc/native/3.4.1061/avr8-gnu-toolchain/bin/../lib/gcc/avr/4.8.1/../../../../avr/lib/avr51\libc.a(strchr.o)
 .data          0x00000000        0x0 c:/program files (x86)/atmel/atmel toolchain/avr8 gcc/native/3.4.1061/avr8-gnu-toolchain/bin/../lib/gcc/avr/4.8.1/../../../../avr/lib/avr51\libc.a(strchr.o)
 .bss           0x00000000        0x0 c:/program files (x86)/atmel/atmel toolchain/avr8 gcc/native/3.4.1061/avr8-gnu-toolchain/bin/../lib/gcc/avr/4.8.1/../../../../avr/lib/avr51\libc.a(strchr.o)
 .text          0x00000000        0x0 c:/program files (x86)/atmel/atmel toolchain/avr8 gcc/native/3.4.1061/avr8-gnu-toolchain/bin/../lib/gcc/avr/4.8.1/../../../../avr/lib/avr51\libc.a(eerd_block_atmega128.o)
 .data          0x00000000        0x0 c:/program files (x86)/atmel/atmel toolchain/avr8 gcc/native/3.4.1061/avr8-gnu-toolchain/bin/../lib/gcc/avr/4.8.1/../../../../avr/lib/avr51\libc.a(eerd_block_atmega128.o)
 .bss           0x00000000        0x0 c:/program files (x86)/atmel/atmel toolchain/avr8 gcc/native/3.4.1061/avr8-gnu-toolchain/bin/../lib/gcc/avr/4.8.1/../../../../avr/lib/avr51\libc.a(eerd_block_atmega128.o)
 .text          0x00000000        0x0 c:/program files (x86)/atmel/atmel toolchain/avr8 gcc/native/3.4.1061/avr8-gnu-toolchain/bin/../lib/gcc/avr/4.8.1/../../../../avr/lib/avr51\libc.a(eerd_byte_atmega128.o)
 .data          0x00000000        0x0 c:/program files (x86)/atmel/atmel toolchain/avr8 gcc/native/3.4.1061/avr8-gnu-toolchain/bin/../lib/gcc/avr/4.8.1/../../../../avr/lib/avr51\libc.a(eerd_byte_atmega128.o)
 .bss           0x00000000        0x0 c:/program files (x86)/atmel/atmel toolchain/avr8 gcc/native/3.4.1061/avr8-gnu-toolchain/bin/../lib/gcc/avr/4.8.1/../../../../avr/lib/avr51\libc.a(eerd_byte_atmega128.o)
 .text          0x00000000        0x0 c:/program files (x86)/atmel/atmel toolchain/avr8 gcc/native/3.4.1061/avr8-gnu-toolchain/bin/../lib/gcc/avr/4.8.1/../../../../avr/lib/avr51\libc.a(eeupd_block_atmega128.o)
 .data          0x00000000        0x0 c:/program files (x86)/atmel/atmel toolchain/avr8 gcc/native/3.4.1061/avr8-gnu-toolchain/bin/../lib/gcc/avr/4.8.1/../../../../avr/lib/avr51\libc.a(eeupd_block_atmega128.o)
 .bss           0x00000000        0x0 c:/program files (x86)/atmel/atmel toolchain/avr8 gcc/native/3.4.1061/avr8-gnu-toolchain/bin/../lib/gcc/avr/4.8.1/../../../../avr/lib/avr51\libc.a(eeupd_block_atmega128.o)
 .text          0x00000000        0x0 c:/program files (x86)/atmel/atmel toolchain/avr8 gcc/native/3.4.1061/avr8-gnu-toolchain/bin/../lib/gcc/avr/4.8.1/../../../../avr/lib/avr51\libc.a(eeupd_byte_atmega128.o)
 .data          0x00000000        0x0 c:/program files (x86)/atmel/atmel toolchain/avr8 gcc/native/3.4.1061/avr8-gnu-toolchain/bin/../lib/gcc/avr/4.8.1/../../../../avr/lib/avr51\libc.a(eeupd_byte_atmega128.o)
 .bss           0x00000000        0x0 c:/program files (x86)/atmel/atmel toolchain/avr8 gcc/native/3.4.1061/avr8-gnu-toolchain/bin/../lib/gcc/avr/4.8.1/../../../../avr/lib/avr51\libc.a(eeupd_byte_atmega128.o)

Memory Configuration

Name             Origin             Length             Attributes
text             0x00000000         0x00020000         xr
data             0x00800100         0x0000ff00         rw !x
eeprom           0x00810000         0x00010000         rw !x
fuse             0x00820000         0x00000400         rw !x
lock             0x00830000         0x00000400         rw !x
signature        0x00840000         0x00000400         rw !x
user_signatures  0x00850000         0x00000400         rw !x
*default*        0x00000000         0xffffffff

Linker script and memory map

Address of section .data set to 0x800100
LOAD c:/program files (x86)/atmel/atmel toolchain/avr8 gcc/native/3.4.1061/avr8-gnu-toolchain/bin/../lib/gcc/avr/4.8.1/../../../../avr/lib/avr51/crtm128.o
LOAD adc.o
LOAD altera.o
LOAD flashiic.o
LOAD i2c.o
LOAD keyboard.o
LOAD lcd.o
LOAD lebed_sel_tune.o
LOAD PWC.o
LOAD selector_control.o
LOAD uart.o
LOAD ZSelControl.o
LOAD _StackInstrument.o
START GROUP
LOAD c:/program files (x86)/atmel/atmel toolchain/avr8 gcc/native/3.4.1061/avr8-gnu-toolchain/bin/../lib/gcc/avr/4.8.1/../../../../avr/lib/avr51\libm.a
END GROUP
Address of section .sel_tune_eeprom set to 0x810f00
LOAD c:/program files (x86)/atmel/atmel toolchain/avr8 gcc/native/3.4.1061/avr8-gnu-toolchain/bin/../lib/gcc/avr/4.8.1/avr51\libgcc.a
LOAD c:/program files (x86)/atmel/atmel toolchain/avr8 gcc/native/3.4.1061/avr8-gnu-toolchain/bin/../lib/gcc/avr/4.8.1/../../../../avr/lib/avr51\libm.a
START GROUP
LOAD c:/program files (x86)/atmel/atmel toolchain/avr8 gcc/native/3.4.1061/avr8-gnu-toolchain/bin/../lib/gcc/avr/4.8.1/avr51\libgcc.a
LOAD c:/program files (x86)/atmel/atmel toolchain/avr8 gcc/native/3.4.1061/avr8-gnu-toolchain/bin/../lib/gcc/avr/4.8.1/../../../../avr/lib/avr51\libm.a
LOAD c:/program files (x86)/atmel/atmel toolchain/avr8 gcc/native/3.4.1061/avr8-gnu-toolchain/bin/../lib/gcc/avr/4.8.1/../../../../avr/lib/avr51\libc.a
END GROUP

.hash
 *(.hash)

.dynsym
 *(.dynsym)

.dynstr
 *(.dynstr)

.gnu.version
 *(.gnu.version)

.gnu.version_d
 *(.gnu.version_d)

.gnu.version_r
 *(.gnu.version_r)

.rel.init
 *(.rel.init)

.rela.init
 *(.rela.init)

.rel.text
 *(.rel.text)
 *(.rel.text.*)
 *(.rel.gnu.linkonce.t*)

.rela.text
 *(.rela.text)
 *(.rela.text.*)
 *(.rela.gnu.linkonce.t*)

.rel.fini
 *(.rel.fini)

.rela.fini
 *(.rela.fini)

.rel.rodata
 *(.rel.rodata)
 *(.rel.rodata.*)
 *(.rel.gnu.linkonce.r*)

.rela.rodata
 *(.rela.rodata)
 *(.rela.rodata.*)
 *(.rela.gnu.linkonce.r*)

.rel.data
 *(.rel.data)
 *(.rel.data.*)
 *(.rel.gnu.linkonce.d*)

.rela.data
 *(.rela.data)
 *(.rela.data.*)
 *(.rela.gnu.linkonce.d*)

.rel.ctors
 *(.rel.ctors)

.rela.ctors
 *(.rela.ctors)

.rel.dtors
 *(.rel.dtors)

.rela.dtors
 *(.rela.dtors)

.rel.got
 *(.rel.got)

.rela.got
 *(.rela.got)

.rel.bss
 *(.rel.bss)

.rela.bss
 *(.rela.bss)

.rel.plt
 *(.rel.plt)

.rela.plt
 *(.rela.plt)

.text           0x00000000     0x3b72
 *(.vectors)
 .vectors       0x00000000       0x8c c:/program files (x86)/atmel/atmel toolchain/avr8 gcc/native/3.4.1061/avr8-gnu-toolchain/bin/../lib/gcc/avr/4.8.1/../../../../avr/lib/avr51/crtm128.o
                0x00000000                __vector_default
                0x00000000                __vectors
 *(.vectors)
 *(.progmem.gcc*)
                0x0000008c                . = ALIGN (0x2)
                0x0000008c                __trampolines_start = .
 *(.trampolines)
 .trampolines   0x0000008c        0x0 linker stubs
 *(.trampolines*)
                0x0000008c                __trampolines_end = .
 *(.progmem*)
 .progmem.data._ZL9ascii_lcd
                0x0000008c       0x40 lcd.o
 .progmem.data._ZL13g_commandFunc
                0x000000cc       0x20 lebed_sel_tune.o
 .progmem.data._ZL18g_comandLengthList
                0x000000ec       0x10 lebed_sel_tune.o
 .progmem.data._ZL12g_comandList
                0x000000fc       0x10 lebed_sel_tune.o
                0x0000010c                . = ALIGN (0x2)
 *(.jumptables)
 *(.jumptables*)
 *(.lowtext)
 *(.lowtext*)
                0x0000010c                __ctors_start = .
 *(.ctors)
 .ctors         0x0000010c        0x2 lebed_sel_tune.o
                0x0000010e                __ctors_end = .
                0x0000010e                __dtors_start = .
 *(.dtors)
                0x0000010e                __dtors_end = .
 SORT(*)(.ctors)
 SORT(*)(.dtors)
 *(.init0)
 .init0         0x0000010e        0x0 c:/program files (x86)/atmel/atmel toolchain/avr8 gcc/native/3.4.1061/avr8-gnu-toolchain/bin/../lib/gcc/avr/4.8.1/../../../../avr/lib/avr51/crtm128.o
                0x0000010e                __init
 *(.init0)
 *(.init1)
 .init1         0x0000010e       0x2e _StackInstrument.o
                0x0000010e                _StackPaint
 *(.init1)
 *(.init2)
 .init2         0x0000013c        0xc c:/program files (x86)/atmel/atmel toolchain/avr8 gcc/native/3.4.1061/avr8-gnu-toolchain/bin/../lib/gcc/avr/4.8.1/../../../../avr/lib/avr51/crtm128.o
 *(.init2)
 *(.init3)
 *(.init3)
 *(.init4)
 .init4         0x00000148       0x1a c:/program files (x86)/atmel/atmel toolchain/avr8 gcc/native/3.4.1061/avr8-gnu-toolchain/bin/../lib/gcc/avr/4.8.1/avr51\libgcc.a(_copy_data.o)
                0x00000148                __do_copy_data
 .init4         0x00000162       0x10 c:/program files (x86)/atmel/atmel toolchain/avr8 gcc/native/3.4.1061/avr8-gnu-toolchain/bin/../lib/gcc/avr/4.8.1/avr51\libgcc.a(_clear_bss.o)
                0x00000162                __do_clear_bss
 *(.init4)
 *(.init5)
 *(.init5)
 *(.init6)
 .init6         0x00000172       0x20 c:/program files (x86)/atmel/atmel toolchain/avr8 gcc/native/3.4.1061/avr8-gnu-toolchain/bin/../lib/gcc/avr/4.8.1/avr51\libgcc.a(_ctors.o)
                0x00000172                __do_global_ctors
 *(.init6)
 *(.init7)
 *(.init7)
 *(.init8)
 *(.init8)
 *(.init9)
 .init9         0x00000192        0x8 c:/program files (x86)/atmel/atmel toolchain/avr8 gcc/native/3.4.1061/avr8-gnu-toolchain/bin/../lib/gcc/avr/4.8.1/../../../../avr/lib/avr51/crtm128.o
 *(.init9)
 *(.text)
 .text          0x0000019a        0x2 c:/program files (x86)/atmel/atmel toolchain/avr8 gcc/native/3.4.1061/avr8-gnu-toolchain/bin/../lib/gcc/avr/4.8.1/../../../../avr/lib/avr51/crtm128.o
                0x0000019a                __vector_22
                0x0000019a                __vector_28
                0x0000019a                __vector_1
                0x0000019a                __vector_32
                0x0000019a                __vector_34
                0x0000019a                __vector_24
                0x0000019a                __vector_12
                0x0000019a                __bad_interrupt
                0x0000019a                __vector_6
                0x0000019a                __vector_31
                0x0000019a                __vector_3
                0x0000019a                __vector_23
                0x0000019a                __vector_30
                0x0000019a                __vector_25
                0x0000019a                __vector_11
                0x0000019a                __vector_13
                0x0000019a                __vector_17
                0x0000019a                __vector_19
                0x0000019a                __vector_7
                0x0000019a                __vector_27
                0x0000019a                __vector_5
                0x0000019a                __vector_33
                0x0000019a                __vector_4
                0x0000019a                __vector_9
                0x0000019a                __vector_2
                0x0000019a                __vector_21
                0x0000019a                __vector_15
                0x0000019a                __vector_29
                0x0000019a                __vector_8
                0x0000019a                __vector_26
                0x0000019a                __vector_14
                0x0000019a                __vector_10
                0x0000019a                __vector_16
                0x0000019a                __vector_20
                0x0000019c                . = ALIGN (0x2)
 *(.text.*)
 .text._Z8read_adch
                0x0000019c       0x1c adc.o
                0x0000019c                _Z8read_adch
 .text._Z15read_steady_adch
                0x000001b8       0x2e adc.o
                0x000001b8                _Z15read_steady_adch
 .text._Z23Write_Adress_SPI_ALTERAj
                0x000001e6       0x72 altera.o
                0x000001e6                _Z23Write_Adress_SPI_ALTERAj
 .text._Z21Write_DATA_SPI_ALTERAh
                0x00000258       0x6c altera.o
                0x00000258                _Z21Write_DATA_SPI_ALTERAh
 .text._Z20Read_DATA_SPI_ALTERAv
                0x000002c4       0x70 altera.o
                0x000002c4                _Z20Read_DATA_SPI_ALTERAv
 .text._Z14Write_ControlljPh
                0x00000334       0x4a altera.o
                0x00000334                _Z14Write_ControlljPh
 .text._Z13Read_ControlljPh
                0x0000037e       0x4a altera.o
                0x0000037e                _Z13Read_ControlljPh
 .text._Z6IndOfFj
                0x000003c8       0xfa flashiic.o
                0x000003c8                _Z6IndOfFj
 .text._Z10CharFtoIndPh
                0x000004c2       0x2a flashiic.o
                0x000004c2                _Z10CharFtoIndPh
 .text._Z10ErrorFlashv
                0x000004ec       0x1c flashiic.o
                0x000004ec                _Z10ErrorFlashv
 .text._Z18WriteData2FlashIICjPhh
                0x00000508       0x68 flashiic.o
                0x00000508                _Z18WriteData2FlashIICjPhh
 .text._Z17WriteLCAout2FlashjPh
                0x00000570        0x4 flashiic.o
                0x00000570                _Z17WriteLCAout2FlashjPh
 .text._Z17WriteDetCal2FlashjPh
                0x00000574        0x6 flashiic.o
                0x00000574                _Z17WriteDetCal2FlashjPh
 .text._Z18ReadDataInFlashIICPjPhh
                0x0000057a       0x80 flashiic.o
                0x0000057a                _Z18ReadDataInFlashIICPjPhh
 .text._Z19ReadLCAoutFromFlashjPh
                0x000005fa       0x20 flashiic.o
                0x000005fa                _Z19ReadLCAoutFromFlashjPh
 .text._Z17ReadDetCalInFlashjPh
                0x0000061a       0x22 flashiic.o
                0x0000061a                _Z17ReadDetCalInFlashjPh
 .text._Z7IICInitv
                0x0000063c        0xe i2c.o
                0x0000063c                _Z7IICInitv
 .text._Z8IICStartv
                0x0000064a       0x24 i2c.o
                0x0000064a                _Z8IICStartv
 .text._Z7IICStopv
                0x0000066e       0x24 i2c.o
                0x0000066e                _Z7IICStopv
 .text._Z6IICBitc
                0x00000692       0x40 i2c.o
                0x00000692                _Z6IICBitc
 .text._Z12IICByteWritec
                0x000006d2       0x10 i2c.o
                0x000006d2                _Z12IICByteWritec
 .text._Z11IICByteReadc
                0x000006e2       0x2a i2c.o
                0x000006e2                _Z11IICByteReadc
 .text._Z12InitKeyboardv
                0x0000070c        0x2 keyboard.o
                0x0000070c                _Z12InitKeyboardv
 .text._Z12ScanKeyboardPFvhE
                0x0000070e       0x84 keyboard.o
                0x0000070e                _Z12ScanKeyboardPFvhE
 .text._ZL8toggle_ev
                0x00000792        0xc lcd.o
 .text._ZL9lcd_writehh
                0x0000079e       0x48 lcd.o
 .text._ZL8lcd_readh.constprop.0
                0x000007e6       0x32 lcd.o
 .text._ZL12lcd_waitbusyv
                0x00000818        0xe lcd.o
 .text._Z11lcd_commandh
                0x00000826        0xe lcd.o
                0x00000826                _Z11lcd_commandh
 .text._Z10lcd_gotoxyhh
                0x00000834        0xc lcd.o
                0x00000834                _Z10lcd_gotoxyhh
 .text._Z10lcd_clrscrv
                0x00000840        0x4 lcd.o
                0x00000840                _Z10lcd_clrscrv
 .text._Z8lcd_putcc
                0x00000844       0x34 lcd.o
                0x00000844                _Z8lcd_putcc
 .text._Z8lcd_putsPKc
                0x00000878       0x16 lcd.o
                0x00000878                _Z8lcd_putsPKc
 .text._Z8lcd_inith
                0x0000088e       0x56 lcd.o
                0x0000088e                _Z8lcd_inith
 .text._Z14lcd_put_long_sPKc
                0x000008e4       0x4e lcd.o
                0x000008e4                _Z14lcd_put_long_sPKc
 .text._Z11noEventMenuP9CMenuItem
                0x00000932        0x2 lebed_sel_tune.o
                0x00000932                _Z11noEventMenuP9CMenuItem
 .text._Z9KeySelecth
                0x00000934       0x84 lebed_sel_tune.o
                0x00000934                _Z9KeySelecth
 .text._ZN9CMenuItem9initClassEPcS0_PS_PS1_cPFvS1_ES4_S4_S4_S4_S4_S4_cS0_cS0_
                0x000009b8      0x1b6 lebed_sel_tune.o
                0x000009b8                _ZN9CMenuItem9initClassEPcS0_PS_PS1_cPFvS1_ES4_S4_S4_S4_S4_S4_cS0_cS0_
 .text._Z41__static_initialization_and_destruction_0ii.part.5
                0x00000b6e      0x476 lebed_sel_tune.o
 .text._ZN9CMenuItem17getCursorPositionEv
                0x00000fe4       0x32 lebed_sel_tune.o
                0x00000fe4                _ZN9CMenuItem17getCursorPositionEv
 .text._ZN9CMenuItem10incrCurPosEv
                0x00001016       0x34 lebed_sel_tune.o
                0x00001016                _ZN9CMenuItem10incrCurPosEv
 .text._ZN9CMenuItem10decrCurPosEv
                0x0000104a       0x2c lebed_sel_tune.o
                0x0000104a                _ZN9CMenuItem10decrCurPosEv
 .text._ZN9CMenuItem9changeRowEv
                0x00001076       0x3e lebed_sel_tune.o
                0x00001076                _ZN9CMenuItem9changeRowEv
 .text._ZN9CMenuItem4drawEv
                0x000010b4        0xe lebed_sel_tune.o
                0x000010b4                _ZN9CMenuItem4drawEv
 .text._Z9rightFuncP9CMenuItem
                0x000010c2       0x40 lebed_sel_tune.o
                0x000010c2                _Z9rightFuncP9CMenuItem
 .text._Z17rightFuncZselItemP9CMenuItem
                0x00001102       0x5c lebed_sel_tune.o
                0x00001102                _Z17rightFuncZselItemP9CMenuItem
 .text._Z8leftFuncP9CMenuItem
                0x0000115e       0x22 lebed_sel_tune.o
                0x0000115e                _Z8leftFuncP9CMenuItem
 .text._Z16leftFuncZselItemP9CMenuItem
                0x00001180       0x5c lebed_sel_tune.o
                0x00001180                _Z16leftFuncZselItemP9CMenuItem
 .text._Z7escFuncP9CMenuItem
                0x000011dc       0xfe lebed_sel_tune.o
                0x000011dc                _Z7escFuncP9CMenuItem
 .text._Z14escFuncPrkMenuP9CMenuItem
                0x000012da       0x60 lebed_sel_tune.o
                0x000012da                _Z14escFuncPrkMenuP9CMenuItem
 .text._Z13upFuncPrkMenuP9CMenuItem
                0x0000133a       0x8a lebed_sel_tune.o
                0x0000133a                _Z13upFuncPrkMenuP9CMenuItem
 .text._Z15downFuncPrkMenuP9CMenuItem
                0x000013c4       0x8c lebed_sel_tune.o
                0x000013c4                _Z15downFuncPrkMenuP9CMenuItem
 .text._Z10escFuncLCAP9CMenuItem
                0x00001450       0x10 lebed_sel_tune.o
                0x00001450                _Z10escFuncLCAP9CMenuItem
 .text._Z15escFuncZselMenuP9CMenuItem
                0x00001460       0x44 lebed_sel_tune.o
                0x00001460                _Z15escFuncZselMenuP9CMenuItem
 .text._Z17SaveStateToEEPROMP12StateOfPlatePv
                0x000014a4        0x8 lebed_sel_tune.o
                0x000014a4                _Z17SaveStateToEEPROMP12StateOfPlatePv
 .text._Z13okFuncPrkMenuP9CMenuItem
                0x000014ac       0x3a lebed_sel_tune.o
                0x000014ac                _Z13okFuncPrkMenuP9CMenuItem
 .text._Z14okFuncZselMenuP9CMenuItem
                0x000014e6       0xc2 lebed_sel_tune.o
                0x000014e6                _Z14okFuncZselMenuP9CMenuItem
 .text._Z14upFuncZselMenuP9CMenuItem
                0x000015a8      0x1aa lebed_sel_tune.o
                0x000015a8                _Z14upFuncZselMenuP9CMenuItem
 .text._Z16downFuncZselMenuP9CMenuItem
                0x00001752      0x1b0 lebed_sel_tune.o
                0x00001752                _Z16downFuncZselMenuP9CMenuItem
 .text._Z19ReadStateFromEEPROMP12StateOfPlatePv
                0x00001902        0x8 lebed_sel_tune.o
                0x00001902                _Z19ReadStateFromEEPROMP12StateOfPlatePv
 .text._Z11Str2DrawStrPhS_S_
                0x0000190a       0x54 lebed_sel_tune.o
                0x0000190a                _Z11Str2DrawStrPhS_S_
 .text._Z9DrawOnLCDPh
                0x0000195e       0x46 lebed_sel_tune.o
                0x0000195e                _Z9DrawOnLCDPh
 .text._Z16drawFuncMainMenuP9CMenuItem
                0x000019a4      0x136 lebed_sel_tune.o
                0x000019a4                _Z16drawFuncMainMenuP9CMenuItem
 .text._Z15drawFuncPrkMenuP9CMenuItem
                0x00001ada      0x184 lebed_sel_tune.o
                0x00001ada                _Z15drawFuncPrkMenuP9CMenuItem
 .text._Z16drawFuncZselMenuP9CMenuItem
                0x00001c5e      0x2da lebed_sel_tune.o
                0x00001c5e                _Z16drawFuncZselMenuP9CMenuItem
 .text._Z11reverseBitsjPj
                0x00001f38       0x4e lebed_sel_tune.o
                0x00001f38                _Z11reverseBitsjPj
 .text._Z7LCA2outjhjhhPj
                0x00001f86       0xcc lebed_sel_tune.o
                0x00001f86                _Z7LCA2outjhjhhPj
 .text._Z10outLCA2LCAPjPhS_S0_S0_S_
                0x00002052       0xba lebed_sel_tune.o
                0x00002052                _Z10outLCA2LCAPjPhS_S0_S0_S_
 .text._Z15drawFuncLCAMenuP9CMenuItem
                0x0000210c      0x304 lebed_sel_tune.o
                0x0000210c                _Z15drawFuncLCAMenuP9CMenuItem
 .text._Z8InitUartv
                0x00002410       0x4e lebed_sel_tune.o
                0x00002410                _Z8InitUartv
 .text._Z12SendCOMBytesPhc
                0x0000245e       0x1c lebed_sel_tune.o
                0x0000245e                _Z12SendCOMBytesPhc
 .text._Z9WriteModePh
                0x0000247a        0x4 lebed_sel_tune.o
                0x0000247a                _Z9WriteModePh
 .text._Z15WriteEraseFlashPh
                0x0000247e        0x8 lebed_sel_tune.o
                0x0000247e                _Z15WriteEraseFlashPh
 .text._Z8ReadAmplPh
                0x00002486       0x42 lebed_sel_tune.o
                0x00002486                _Z8ReadAmplPh
 .text._Z16ReadDetectorCoefPh
                0x000024c8       0x54 lebed_sel_tune.o
                0x000024c8                _Z16ReadDetectorCoefPh
 .text._Z10FindDevicePh
                0x0000251c       0x32 lebed_sel_tune.o
                0x0000251c                _Z10FindDevicePh
 .text._Z17CheckComandFormatic
                0x0000254e       0x22 lebed_sel_tune.o
                0x0000254e                _Z17CheckComandFormatic
 .text._Z7SendERRv
                0x00002570       0x24 lebed_sel_tune.o
                0x00002570                _Z7SendERRv
 .text._Z6SendOkv
                0x00002594       0x24 lebed_sel_tune.o
                0x00002594                _Z6SendOkv
 .text._Z10WriteFFuncPh
                0x000025b8       0x1e lebed_sel_tune.o
                0x000025b8                _Z10WriteFFuncPh
 .text._Z13WriteFLCAFuncPh
                0x000025d6      0x156 lebed_sel_tune.o
                0x000025d6                _Z13WriteFLCAFuncPh
 .text._Z10WriteAFuncPh
                0x0000272c       0x48 lebed_sel_tune.o
                0x0000272c                _Z10WriteAFuncPh
 .text._Z8SaveCoefPh
                0x00002774       0x10 lebed_sel_tune.o
                0x00002774                _Z8SaveCoefPh
 .text.__vector_18
                0x00002784       0xe0 lebed_sel_tune.o
                0x00002784                __vector_18
 .text._Z8data2LCAPh
                0x00002864       0xa4 lebed_sel_tune.o
                0x00002864                _Z8data2LCAPh
 .text._Z12WriteLCAFuncPh
                0x00002908        0xc lebed_sel_tune.o
                0x00002908                _Z12WriteLCAFuncPh
 .text._Z12ReadAllFlashPh
                0x00002914       0x76 lebed_sel_tune.o
                0x00002914                _Z12ReadAllFlashPh
 .text._Z15WriteData2FlashPh
                0x0000298a       0x80 lebed_sel_tune.o
                0x0000298a                _Z15WriteData2FlashPh
 .text._Z13ChangeModePrkP12StateOfPlate
                0x00002a0a       0x3e lebed_sel_tune.o
                0x00002a0a                _Z13ChangeModePrkP12StateOfPlate
 .text._Z13WriteFZahFuncPh
                0x00002a48       0x9e lebed_sel_tune.o
                0x00002a48                _Z13WriteFZahFuncPh
 .text._Z20SolveFreqIndCorrCoefv
                0x00002ae6       0x2e lebed_sel_tune.o
                0x00002ae6                _Z20SolveFreqIndCorrCoefv
 .text._Z11SetOutLevelh
                0x00002b14       0x10 lebed_sel_tune.o
                0x00002b14                _Z11SetOutLevelh
 .text._Z7SetCoefPh
                0x00002b24       0x24 lebed_sel_tune.o
                0x00002b24                _Z7SetCoefPh
 .text._Z10DetFreqIndPh
                0x00002b48       0x34 lebed_sel_tune.o
                0x00002b48                _Z10DetFreqIndPh
 .text._Z16SaveSelectorSignv
                0x00002b7c       0x2c lebed_sel_tune.o
                0x00002b7c                _Z16SaveSelectorSignv
 .text._Z11SaveDetCoefv
                0x00002ba8       0x1c lebed_sel_tune.o
                0x00002ba8                _Z11SaveDetCoefv
 .text._Z16SaveDetectorCoefPh
                0x00002bc4        0x4 lebed_sel_tune.o
                0x00002bc4                _Z16SaveDetectorCoefPh
 .text._Z11ReadDetCoefv
                0x00002bc8       0x26 lebed_sel_tune.o
                0x00002bc8                _Z11ReadDetCoefv
 .text._Z7SetnOTPc
                0x00002bee       0x2e lebed_sel_tune.o
                0x00002bee                _Z7SetnOTPc
 .text._Z22SetLebedSelFreqInFlashv
                0x00002c1c       0x54 lebed_sel_tune.o
                0x00002c1c                _Z22SetLebedSelFreqInFlashv
 .text._Z14okFuncMainMenuP9CMenuItem
                0x00002c70      0x130 lebed_sel_tune.o
                0x00002c70                _Z14okFuncMainMenuP9CMenuItem
 .text._Z15TuneLvlLebedSelv
                0x00002da0       0xb4 lebed_sel_tune.o
                0x00002da0                _Z15TuneLvlLebedSelv
 .text._Z14upFuncMainMenuP9CMenuItem
                0x00002e54       0xd0 lebed_sel_tune.o
                0x00002e54                _Z14upFuncMainMenuP9CMenuItem
 .text._Z16downFuncMainMenuP9CMenuItem
                0x00002f24       0xd0 lebed_sel_tune.o
                0x00002f24                _Z16downFuncMainMenuP9CMenuItem
 .text._Z8WriteOtpPh
                0x00002ff4        0xa lebed_sel_tune.o
                0x00002ff4                _Z8WriteOtpPh
 .text.startup.main
                0x00002ffe       0x5e lebed_sel_tune.o
                0x00002ffe                main
 .text.startup._GLOBAL__sub_I__Z11noEventMenuP9CMenuItem
                0x0000305c        0x4 lebed_sel_tune.o
 .text._Z7wr_bytec
                0x00003060       0x16 PWC.o
                0x00003060                _Z7wr_bytec
 .text._Z10wr_par_setv
                0x00003076       0x4c PWC.o
                0x00003076                _Z10wr_par_setv
 .text._Z10wr_par_stmv
                0x000030c2       0x3c PWC.o
                0x000030c2                _Z10wr_par_stmv
 .text._Z10wr_par_stkv
                0x000030fe       0x3c PWC.o
                0x000030fe                _Z10wr_par_stkv
 .text._Z10wr_par_stpv
                0x0000313a       0x34 PWC.o
                0x0000313a                _Z10wr_par_stpv
 .text._Z22ReadPwcParamFromEEPROMP9TPWCPARAM
                0x0000316e       0xb2 PWC.o
                0x0000316e                _Z22ReadPwcParamFromEEPROMP9TPWCPARAM
 .text._Z7InitPwcv
                0x00003220       0x86 PWC.o
                0x00003220                _Z7InitPwcv
 .text._Z7OpenPwcc
                0x000032a6       0x1e PWC.o
                0x000032a6                _Z7OpenPwcc
 .text._Z20SolveFreqIndCorrCoefPh
                0x000032c4       0x2a PWC.o
                0x000032c4                _Z20SolveFreqIndCorrCoefPh
 .text._Z8SaveAttsv
                0x000032ee       0x2e PWC.o
                0x000032ee                _Z8SaveAttsv
 .text._Z6SetAtthh
                0x0000331c       0x10 PWC.o
                0x0000331c                _Z6SetAtthh
 .text._Z13SetAttFromIndh
                0x0000332c       0x10 PWC.o
                0x0000332c                _Z13SetAttFromIndh
 .text._Z10SetPwcFreqPh
                0x0000333c       0x52 PWC.o
                0x0000333c                _Z10SetPwcFreqPh
 .text._Z11InitSelPortv
                0x0000338e       0x32 selector_control.o
                0x0000338e                _Z11InitSelPortv
 .text._Z5SendAPj
                0x000033c0       0x80 selector_control.o
                0x000033c0                _Z5SendAPj
 .text._Z11SendLCA2SelPh
                0x00003440      0x124 selector_control.o
                0x00003440                _Z11SendLCA2SelPh
 .text._Z9ChangeReg7regAddr
                0x00003564       0x74 ZSelControl.o
                0x00003564                _Z9ChangeReg7regAddr
 .text._Z11SetZselCap1i
                0x000035d8      0x116 ZSelControl.o
                0x000035d8                _Z11SetZselCap1i
 .text._Z9WriteBytec
                0x000036ee       0x84 ZSelControl.o
                0x000036ee                _Z9WriteBytec
 .text._Z12SetZselParamP9ZSELPARAM7regAddr
                0x00003772       0x60 ZSelControl.o
                0x00003772                _Z12SetZselParamP9ZSELPARAM7regAddr
 .text._Z11SetZselOpenb
                0x000037d2       0x22 ZSelControl.o
                0x000037d2                _Z11SetZselOpenb
 .text._Z13FindFreqParamiP9ZSELPARAM
                0x000037f4       0x72 ZSelControl.o
                0x000037f4                _Z13FindFreqParamiP9ZSELPARAM
 .text._Z11TuneZselCapP9ZSELPARAM
                0x00003866       0x98 ZSelControl.o
                0x00003866                _Z11TuneZselCapP9ZSELPARAM
 .text._Z11SetZselFreqiP9ZSELPARAM
                0x000038fe       0x4e ZSelControl.o
                0x000038fe                _Z11SetZselFreqiP9ZSELPARAM
 .text._Z13TuneZselAttenP9ZSELPARAM
                0x0000394c       0xe8 ZSelControl.o
                0x0000394c                _Z13TuneZselAttenP9ZSELPARAM
 .text.libgcc.div
                0x00003a34       0x18 c:/program files (x86)/atmel/atmel toolchain/avr8 gcc/native/3.4.1061/avr8-gnu-toolchain/bin/../lib/gcc/avr/4.8.1/avr51\libgcc.a(_udivmodqi4.o)
                0x00003a34                __udivmodqi4
 .text.libgcc.div
                0x00003a4c       0x28 c:/program files (x86)/atmel/atmel toolchain/avr8 gcc/native/3.4.1061/avr8-gnu-toolchain/bin/../lib/gcc/avr/4.8.1/avr51\libgcc.a(_udivmodhi4.o)
                0x00003a4c                __udivmodhi4
 .text.libgcc.div
                0x00003a74       0x26 c:/program files (x86)/atmel/atmel toolchain/avr8 gcc/native/3.4.1061/avr8-gnu-toolchain/bin/../lib/gcc/avr/4.8.1/avr51\libgcc.a(_divmodhi4.o)
                0x00003a74                _div
                0x00003a74                __divmodhi4
 .text.libgcc   0x00003a9a        0x8 c:/program files (x86)/atmel/atmel toolchain/avr8 gcc/native/3.4.1061/avr8-gnu-toolchain/bin/../lib/gcc/avr/4.8.1/avr51\libgcc.a(_tablejump_elpm.o)
                0x00003a9a                __tablejump_elpm__
 .text.avr-libc
                0x00003aa2       0x1a c:/program files (x86)/atmel/atmel toolchain/avr8 gcc/native/3.4.1061/avr8-gnu-toolchain/bin/../lib/gcc/avr/4.8.1/../../../../avr/lib/avr51\libc.a(memchr_P.o)
                0x00003aa2                memchr_P
 .text.avr-libc
                0x00003abc       0x1a c:/program files (x86)/atmel/atmel toolchain/avr8 gcc/native/3.4.1061/avr8-gnu-toolchain/bin/../lib/gcc/avr/4.8.1/../../../../avr/lib/avr51\libc.a(memcmp.o)
                0x00003abc                memcmp
 .text.avr-libc
                0x00003ad6       0x12 c:/program files (x86)/atmel/atmel toolchain/avr8 gcc/native/3.4.1061/avr8-gnu-toolchain/bin/../lib/gcc/avr/4.8.1/../../../../avr/lib/avr51\libc.a(memcpy.o)
                0x00003ad6                memcpy
 .text.avr-libc
                0x00003ae8       0x16 c:/program files (x86)/atmel/atmel toolchain/avr8 gcc/native/3.4.1061/avr8-gnu-toolchain/bin/../lib/gcc/avr/4.8.1/../../../../avr/lib/avr51\libc.a(strchr.o)
                0x00003ae8                strchr
 .text.avr-libc
                0x00003afe       0x20 c:/program files (x86)/atmel/atmel toolchain/avr8 gcc/native/3.4.1061/avr8-gnu-toolchain/bin/../lib/gcc/avr/4.8.1/../../../../avr/lib/avr51\libc.a(eerd_block_atmega128.o)
                0x00003afe                __eerd_block_m128
                0x00003b02                __eerd_blraw_m128
 .text.avr-libc
                0x00003b1e       0x10 c:/program files (x86)/atmel/atmel toolchain/avr8 gcc/native/3.4.1061/avr8-gnu-toolchain/bin/../lib/gcc/avr/4.8.1/../../../../avr/lib/avr51\libc.a(eerd_byte_atmega128.o)
                0x00003b1e                __eerd_byte_m128
 .text.avr-libc
                0x00003b2e       0x1e c:/program files (x86)/atmel/atmel toolchain/avr8 gcc/native/3.4.1061/avr8-gnu-toolchain/bin/../lib/gcc/avr/4.8.1/../../../../avr/lib/avr51\libc.a(eeupd_block_atmega128.o)
                0x00003b2e                __eeupd_block_m128
 .text.avr-libc
                0x00003b4c       0x22 c:/program files (x86)/atmel/atmel toolchain/avr8 gcc/native/3.4.1061/avr8-gnu-toolchain/bin/../lib/gcc/avr/4.8.1/../../../../avr/lib/avr51\libc.a(eeupd_byte_atmega128.o)
                0x00003b4c                __eeupd_byte_m128
                0x00003b4e                __eeupd_r18_m128
                0x00003b6e                . = ALIGN (0x2)
 *(.fini9)
 .fini9         0x00003b6e        0x0 c:/program files (x86)/atmel/atmel toolchain/avr8 gcc/native/3.4.1061/avr8-gnu-toolchain/bin/../lib/gcc/avr/4.8.1/avr51\libgcc.a(_exit.o)
                0x00003b6e                _exit
                0x00003b6e                exit
 *(.fini9)
 *(.fini8)
 *(.fini8)
 *(.fini7)
 *(.fini7)
 *(.fini6)
 *(.fini6)
 *(.fini5)
 *(.fini5)
 *(.fini4)
 *(.fini4)
 *(.fini3)
 *(.fini3)
 *(.fini2)
 *(.fini2)
 *(.fini1)
 *(.fini1)
 *(.fini0)
 .fini0         0x00003b6e        0x4 c:/program files (x86)/atmel/atmel toolchain/avr8 gcc/native/3.4.1061/avr8-gnu-toolchain/bin/../lib/gcc/avr/4.8.1/avr51\libgcc.a(_exit.o)
 *(.fini0)
                0x00003b72                _etext = .

.data           0x00800100      0x272 load address 0x00003b72
                0x00800100                PROVIDE (__data_start, .)
 *(.data)
 *(.data*)
 .data.str2Reg  0x00800100        0x2 lebed_sel_tune.o
                0x00800100                str2Reg
 .data.str1Reg  0x00800102        0x4 lebed_sel_tune.o
                0x00800102                str1Reg
 .data.str2Params
                0x00800106        0x4 lebed_sel_tune.o
                0x00800106                str2Params
 .data.str1Params
                0x0080010a        0x8 lebed_sel_tune.o
                0x0080010a                str1Params
 .data.Seltype  0x00800112        0x2 lebed_sel_tune.o
                0x00800112                Seltype
 .data.Mode     0x00800114        0x6 lebed_sel_tune.o
                0x00800114                Mode
 .data.OnOff    0x0080011a        0x8 lebed_sel_tune.o
                0x0080011a                OnOff
 .data.g_A      0x00800122        0x1 lebed_sel_tune.o
                0x00800122                g_A
 .data.g_L2     0x00800123        0x1 lebed_sel_tune.o
                0x00800123                g_L2
 .data.g_L1     0x00800124        0x1 lebed_sel_tune.o
                0x00800124                g_L1
 .data.g_C2     0x00800125        0x2 lebed_sel_tune.o
                0x00800125                g_C2
 .data.g_C1     0x00800127        0x2 lebed_sel_tune.o
                0x00800127                g_C1
 .data.g_hexOut
                0x00800129       0x12 lebed_sel_tune.o
                0x00800129                g_hexOut
 .data.TempStr2
                0x0080013b       0x15 lebed_sel_tune.o
                0x0080013b                TempStr2
 .data.TempStr1
                0x00800150       0x15 lebed_sel_tune.o
                0x00800150                TempStr1
 .data.g_drawingString
                0x00800165       0x29 lebed_sel_tune.o
                0x00800165                g_drawingString
 .data.freqBordersGrid
                0x0080018e       0xaf ZSelControl.o
                0x0080018e                freqBordersGrid
 *(.rodata)
 .rodata        0x0080023d       0x20 altera.o
 *(.rodata*)
 .rodata.str1.1
                0x0080025d       0x15 flashiic.o
 .rodata._ZL3ves
                0x00800272        0xe flashiic.o
 .rodata._ZL1N  0x00800280        0xc flashiic.o
 .rodata._ZL2df
                0x0080028c        0xc flashiic.o
 .rodata._ZL2Fr
                0x00800298        0xc flashiic.o
 .rodata.str1.1
                0x008002a4       0xcd lebed_sel_tune.o
 *(.gnu.linkonce.d*)
                0x00800372                . = ALIGN (0x2)
 *fill*         0x00800371        0x1 
                0x00800372                _edata = .
                0x00800372                PROVIDE (__data_end, .)

.bss            0x00800372      0x299
                0x00800372                PROVIDE (__bss_start, .)
 *(.bss)
 *(.bss*)
 .bss._ZZ12ScanKeyboardPFvhEE10previosBtn
                0x00800372        0x1 keyboard.o
 .bss.g_comBufCnt
                0x00800373        0x1 lebed_sel_tune.o
                0x00800373                g_comBufCnt
 .bss.g_comBuff
                0x00800374       0x20 lebed_sel_tune.o
                0x00800374                g_comBuff
 .bss.g_zselSettingMenuItem
                0x00800394       0x5a lebed_sel_tune.o
                0x00800394                g_zselSettingMenuItem
 .bss.g_lcaMenuItem
                0x008003ee       0x5a lebed_sel_tune.o
                0x008003ee                g_lcaMenuItem
 .bss.prk_numOfDisplay
                0x00800448        0x1 lebed_sel_tune.o
                0x00800448                prk_numOfDisplay
 .bss.g_prkSettingMenuItem
                0x00800449       0x5a lebed_sel_tune.o
                0x00800449                g_prkSettingMenuItem
 .bss.g_mainMenuItem
                0x008004a3       0x5a lebed_sel_tune.o
                0x008004a3                g_mainMenuItem
 .bss.upas_out  0x008004fd        0x1 lebed_sel_tune.o
                0x008004fd                upas_out
 .bss.upas_in   0x008004fe        0x1 lebed_sel_tune.o
                0x008004fe                upas_in
 .bss.g_plateState
                0x008004ff       0x62 lebed_sel_tune.o
                0x008004ff                g_plateState
 .bss.g_currentItem
                0x00800561        0x2 lebed_sel_tune.o
                0x00800561                g_currentItem
 .bss.g_lev_att
                0x00800563        0x1 PWC.o
                0x00800563                g_lev_att
 .bss.g_pwcParam
                0x00800564       0xa7 PWC.o
                0x00800564                g_pwcParam
 *(COMMON)
                0x0080060b                PROVIDE (__bss_end, .)
                0x00003b72                __data_load_start = LOADADDR (.data)
                0x00003de4                __data_load_end = (__data_load_start + SIZEOF (.data))

.noinit         0x0080060b        0x0
                0x0080060b                PROVIDE (__noinit_start, .)
 *(.noinit*)
                0x0080060b                PROVIDE (__noinit_end, .)
                0x0080060b                _end = .
                0x0080060b                PROVIDE (__heap_start, .)

.eeprom         0x00810000        0x0
 *(.eeprom*)
                0x00810000                __eeprom_end = .

.fuse
 *(.fuse)
 *(.lfuse)
 *(.hfuse)
 *(.efuse)

.lock
 *(.lock*)

.signature
 *(.signature*)

.user_signatures
 *(.user_signatures*)

.stab
 *(.stab)

.stabstr
 *(.stabstr)

.stab.excl
 *(.stab.excl)

.stab.exclstr
 *(.stab.exclstr)

.stab.index
 *(.stab.index)

.stab.indexstr
 *(.stab.indexstr)

.comment        0x00000000       0x30
 *(.comment)
 .comment       0x00000000       0x30 adc.o
                                 0x31 (size before relaxing)
 .comment       0x00000000       0x31 altera.o
 .comment       0x00000000       0x31 flashiic.o
 .comment       0x00000000       0x31 i2c.o
 .comment       0x00000000       0x31 keyboard.o
 .comment       0x00000000       0x31 lcd.o
 .comment       0x00000000       0x31 lebed_sel_tune.o
 .comment       0x00000000       0x31 PWC.o
 .comment       0x00000000       0x31 selector_control.o
 .comment       0x00000000       0x31 ZSelControl.o
 .comment       0x00000000       0x31 _StackInstrument.o

.note.gnu.build-id
 *(.note.gnu.build-id)

.debug
 *(.debug)

.line
 *(.line)

.debug_srcinfo
 *(.debug_srcinfo)

.debug_sfnames
 *(.debug_sfnames)

.debug_aranges  0x00000000      0x648
 *(.debug_aranges)
 .debug_aranges
                0x00000000       0x28 adc.o
 .debug_aranges
                0x00000028       0x48 altera.o
 .debug_aranges
                0x00000070       0x60 flashiic.o
 .debug_aranges
                0x000000d0       0x48 i2c.o
 .debug_aranges
                0x00000118       0x30 keyboard.o
 .debug_aranges
                0x00000148       0x98 lcd.o
 .debug_aranges
                0x000001e0      0x308 lebed_sel_tune.o
 .debug_aranges
                0x000004e8       0x88 PWC.o
 .debug_aranges
                0x00000570       0x48 selector_control.o
 .debug_aranges
                0x000005b8       0x70 ZSelControl.o
 .debug_aranges
                0x00000628       0x20 _StackInstrument.o

.debug_pubnames
 *(.debug_pubnames)

.debug_info     0x00000000     0x94c3
 *(.debug_info .gnu.linkonce.wi.*)
 .debug_info    0x00000000      0x1da adc.o
 .debug_info    0x000001da      0x612 altera.o
 .debug_info    0x000007ec      0x6f7 flashiic.o
 .debug_info    0x00000ee3      0x42d i2c.o
 .debug_info    0x00001310      0x236 keyboard.o
 .debug_info    0x00001546      0x97d lcd.o
 .debug_info    0x00001ec3     0x5a50 lebed_sel_tune.o
 .debug_info    0x00007913      0x8cc PWC.o
 .debug_info    0x000081df      0x48e selector_control.o
 .debug_info    0x0000866d      0xd59 ZSelControl.o
 .debug_info    0x000093c6       0xfd _StackInstrument.o

.debug_abbrev   0x00000000     0x1aed
 *(.debug_abbrev)
 .debug_abbrev  0x00000000      0x15f adc.o
 .debug_abbrev  0x0000015f      0x1ee altera.o
 .debug_abbrev  0x0000034d      0x26f flashiic.o
 .debug_abbrev  0x000005bc      0x1d8 i2c.o
 .debug_abbrev  0x00000794      0x1a9 keyboard.o
 .debug_abbrev  0x0000093d      0x328 lcd.o
 .debug_abbrev  0x00000c65      0x6ec lebed_sel_tune.o
 .debug_abbrev  0x00001351      0x243 PWC.o
 .debug_abbrev  0x00001594      0x199 selector_control.o
 .debug_abbrev  0x0000172d      0x325 ZSelControl.o
 .debug_abbrev  0x00001a52       0x9b _StackInstrument.o

.debug_line     0x00000000     0x42e9
 *(.debug_line .debug_line.* .debug_line_end)
 .debug_line    0x00000000      0x192 adc.o
 .debug_line    0x00000192      0x369 altera.o
 .debug_line    0x000004fb      0x397 flashiic.o
 .debug_line    0x00000892      0x2b9 i2c.o
 .debug_line    0x00000b4b      0x1cd keyboard.o
 .debug_line    0x00000d18      0x4c6 lcd.o
 .debug_line    0x000011de     0x1fac lebed_sel_tune.o
 .debug_line    0x0000318a      0x5b8 PWC.o
 .debug_line    0x00003742      0x38f selector_control.o
 .debug_line    0x00003ad1      0x73c ZSelControl.o
 .debug_line    0x0000420d       0xdc _StackInstrument.o

.debug_frame    0x00000000     0x1374
 *(.debug_frame)
 .debug_frame   0x00000000       0x44 adc.o
 .debug_frame   0x00000044       0xe4 altera.o
 .debug_frame   0x00000128      0x11c flashiic.o
 .debug_frame   0x00000244       0x8c i2c.o
 .debug_frame   0x000002d0       0x4c keyboard.o
 .debug_frame   0x0000031c      0x190 lcd.o
 .debug_frame   0x000004ac      0xb2c lebed_sel_tune.o
 .debug_frame   0x00000fd8      0x168 PWC.o
 .debug_frame   0x00001140       0x88 selector_control.o
 .debug_frame   0x000011c8      0x188 ZSelControl.o
 .debug_frame   0x00001350       0x24 _StackInstrument.o

.debug_str      0x00000000     0x21ec
 *(.debug_str)
 .debug_str     0x00000000      0x1fc adc.o
                                0x23c (size before relaxing)
 .debug_str     0x000001fc      0x125 altera.o
                                0x315 (size before relaxing)
 .debug_str     0x00000321      0x232 flashiic.o
                                0x427 (size before relaxing)
 .debug_str     0x00000553       0x3f i2c.o
                                0x28c (size before relaxing)
 .debug_str     0x00000592       0x90 keyboard.o
                                0x27b (size before relaxing)
 .debug_str     0x00000622      0x1ae lcd.o
                                0x3d8 (size before relaxing)
 .debug_str     0x000007d0     0x15e9 lebed_sel_tune.o
                               0x1b43 (size before relaxing)
 .debug_str     0x00001db9      0x14c PWC.o
                                0x43e (size before relaxing)
 .debug_str     0x00001f05       0x5d selector_control.o
                                0x29f (size before relaxing)
 .debug_str     0x00001f62      0x19b ZSelControl.o
                                0x594 (size before relaxing)
 .debug_str     0x000020fd       0xef _StackInstrument.o
                                0x1ca (size before relaxing)

.debug_loc      0x00000000     0x6303
 *(.debug_loc)
 .debug_loc     0x00000000      0x16a adc.o
 .debug_loc     0x0000016a      0x36b altera.o
 .debug_loc     0x000004d5      0x778 flashiic.o
 .debug_loc     0x00000c4d      0x25b i2c.o
 .debug_loc     0x00000ea8      0x12c keyboard.o
 .debug_loc     0x00000fd4      0x6ed lcd.o
 .debug_loc     0x000016c1     0x364e lebed_sel_tune.o
 .debug_loc     0x00004d0f      0x685 PWC.o
 .debug_loc     0x00005394      0x3f2 selector_control.o
 .debug_loc     0x00005786      0xb65 ZSelControl.o
 .debug_loc     0x000062eb       0x18 _StackInstrument.o

.debug_macinfo
 *(.debug_macinfo)

.debug_weaknames
 *(.debug_weaknames)

.debug_funcnames
 *(.debug_funcnames)

.debug_typenames
 *(.debug_typenames)

.debug_varnames
 *(.debug_varnames)

.debug_pubtypes
 *(.debug_pubtypes)

.debug_ranges   0x00000000      0x7b8
 *(.debug_ranges)
 .debug_ranges  0x00000000       0x18 adc.o
 .debug_ranges  0x00000018       0x50 altera.o
 .debug_ranges  0x00000068       0x70 flashiic.o
 .debug_ranges  0x000000d8       0x50 i2c.o
 .debug_ranges  0x00000128       0x20 keyboard.o
 .debug_ranges  0x00000148       0xc0 lcd.o
 .debug_ranges  0x00000208      0x418 lebed_sel_tune.o
 .debug_ranges  0x00000620       0x78 PWC.o
 .debug_ranges  0x00000698       0x38 selector_control.o
 .debug_ranges  0x000006d0       0xd8 ZSelControl.o
 .debug_ranges  0x000007a8       0x10 _StackInstrument.o

.debug_macro
 *(.debug_macro)
OUTPUT(lebed_sel_tune.elf elf32-avr)
LOAD linker stubs

.sel_tune_eeprom
                0x00810f00       0x62
 .sel_tune_eeprom
                0x00810f00       0x62 lebed_sel_tune.o
                0x00810f00                g_eepromPlateState
